[stage] pre-flight: is ags serving an armed match?
[stage]   /core-game/players -> MatchID='match-9b9d2c887e2524f918e383a895f2f1c2' Version=1786148571
[stage] waiting for game process...
[stage] game process -> OK (0s)
[stage] game PID=53932 started=08/07/2026 19:22:55
[stage] parked match model (uiready + match fetched + uptime) -> *** TIMEOUT after 420s ***
[stage] proceeding anyway is NOT safe -- aborting
[stage] pre-flight: is ags serving an armed match?
[stage]   /core-game/players -> MatchID='match-9b9d2c887e2524f918e383a895f2f1c2' Version=1786148571
[stage] waiting for game process...
[stage] game process -> OK (0s)
[stage] game PID=53932 started=08/07/2026 19:22:55
[stage] parked match model (uiready + match fetched + uptime) -> *** TIMEOUT after 420s ***
[stage] proceeding anyway is NOT safe -- aborting
[stage] pre-flight: is ags serving an armed match?
[stage]   /core-game/players -> MatchID='match-9b9d2c887e2524f918e383a895f2f1c2' Version=1786148571
[stage] waiting for game process...
[stage] game process -> OK (0s)
[stage] game PID=53932 started=08/07/2026 19:22:55
[stage] parked match model (uiready + match fetched + uptime) -> *** TIMEOUT after 420s ***
[stage] proceeding anyway is NOT safe -- aborting
