[stage] pre-flight: is ags serving an armed match?
[stage]   /core-game/players -> MatchID='match-9b9d2c887e2524f918e383a895f2f1c2' Version=1786171041
[stage] waiting for game process...
[stage] game process -> OK (0s)
[stage] game PID=44972 started=08/08/2026 01:37:23
[stage] parked match model (uiready + match fetched + uptime) -> OK (159s)
[stage] uptime=159s
[stage] >>> inject gft
[stage]     Manual-mapping G:\git\Supervive Revival Project\tools\sigbypass-mod\gft_ready_fix.dll into PID 44972
[stage]       remote image base: 0x25014210000 (size 0x25000)
[stage]       relocations applied (delta 0x24E94210000)
[stage]       import: KERNEL32.dll
[stage]       exception table: 0x17D entries at 0x25014232000 (will RtlAddFunctionTable)
[stage]       DllMain remote-thread exit: 0x1 (DllMain returned BOOL; nonzero = OK)
[stage]       verify: MZ at 0x25014210000 ?
[stage]     OK: manual-map complete (DllMain returned).
[stage] force-open DLL: tutorial_launch_fo.dll
[stage]     spacing: 5s since last inject, waiting 15s more (min gap 20s)
[stage] >>> inject fo
[stage]     Manual-mapping G:\git\Supervive Revival Project\tools\sigbypass-mod\tutorial_launch_fo.dll into PID 44972
[stage]       remote image base: 0x25014290000 (size 0x2C000)
[stage]       relocations applied (delta 0x24E94290000)
[stage]       import: KERNEL32.dll
[stage]       exception table: 0x196 entries at 0x250142B9000 (will RtlAddFunctionTable)
[stage]       DllMain remote-thread exit: 0x1 (DllMain returned BOOL; nonzero = OK)
[stage]       verify: MZ at 0x25014290000 ?
[stage]     OK: manual-map complete (DllMain returned).
[stage]     marker -> fk24-stage-s112d-repro-01-2-fo.txt
[stage] LVL_Tutorial load complete -> OK (9s)
[stage]     spacing: 19s since last inject, waiting 1s more (min gap 20s)
[stage] >>> inject sp
[stage]     Manual-mapping G:\git\Supervive Revival Project\tools\sigbypass-mod\tutorial_launch_sp.dll into PID 44972
[stage]       remote image base: 0x2507E7E0000 (size 0x36000)
[stage]       relocations applied (delta 0x24EFE7E0000)
[stage]       import: KERNEL32.dll
[stage]       exception table: 0x1AA entries at 0x2507E813000 (will RtlAddFunctionTable)
[stage]       DllMain remote-thread exit: 0x1 (DllMain returned BOOL; nonzero = OK)
[stage]       verify: MZ at 0x2507E7E0000 ?
[stage]     OK: manual-map complete (DllMain returned).
[stage]     marker -> fk24-stage-s112d-repro-01-3-sp.txt
[stage] [SP] done step=4 (hero possessed) -> OK (15s)
[stage]     spacing: 20s since last inject, min gap 20s already satisfied
[stage] >>> inject probe-tutorial_launch_play_funcswap
[stage]     Manual-mapping G:\git\Supervive Revival 
Project\tools\sigbypass-mod\build\tutorial_launch_play_funcswap.dll into PID 44972
[stage]       remote image base: 0x2508A050000 (size 0x42000)
[stage]       relocations applied (delta 0x24F0A050000)
[stage]       import: KERNEL32.dll
[stage]       import: USER32.dll
[stage]       exception table: 0x1BA entries at 0x2508A08F000 (will RtlAddFunctionTable)
[stage]       DllMain remote-thread exit: 0x1 (DllMain returned BOOL; nonzero = OK)
[stage]       verify: MZ at 0x2508A050000 ?
[stage]     OK: manual-map complete (DllMain returned).
[stage]     marker -> fk24-stage-s112d-repro-01-4-probe-tutorial_launch_play_funcswap.txt
[stage] probe injected; armed window begins
[stage] stage complete
