[stage] pre-flight: is ags serving an armed match?
[stage]   /core-game/players -> MatchID='match-9b9d2c887e2524f918e383a895f2f1c2' Version=1786168460
[stage] waiting for game process...
[stage] game process -> OK (0s)
[stage] game PID=1784 started=08/08/2026 00:54:23
[stage] parked match model (uiready + match fetched + uptime) -> OK (155s)
[stage] uptime=156s
[stage] >>> inject gft
[stage]     Manual-mapping G:\git\Supervive Revival Project\tools\sigbypass-mod\gft_ready_fix.dll into PID 1784
[stage]       remote image base: 0x26579A90000 (size 0x25000)
[stage]       relocations applied (delta 0x263F9A90000)
[stage]       import: KERNEL32.dll
[stage]       exception table: 0x17D entries at 0x26579AB2000 (will RtlAddFunctionTable)
[stage]       DllMain remote-thread exit: 0x1 (DllMain returned BOOL; nonzero = OK)
[stage]       verify: MZ at 0x26579A90000 ?
[stage]     OK: manual-map complete (DllMain returned).
[stage] force-open DLL: tutorial_launch_fo_nologinvt.dll
[stage]     spacing: 5s since last inject, waiting 15s more (min gap 20s)
[stage] >>> inject fo
[stage]     Manual-mapping G:\git\Supervive Revival Project\tools\sigbypass-mod\build\tutorial_launch_fo_nologinvt.dll 
into PID 1784
[stage]       remote image base: 0x26591FD0000 (size 0x2B000)
[stage]       relocations applied (delta 0x26411FD0000)
[stage]       import: KERNEL32.dll
[stage]       exception table: 0x195 entries at 0x26591FF8000 (will RtlAddFunctionTable)
[stage]       DllMain remote-thread exit: 0x1 (DllMain returned BOOL; nonzero = OK)
[stage]       verify: MZ at 0x26591FD0000 ?
[stage]     OK: manual-map complete (DllMain returned).
[stage]     marker -> fk24-stage-s112p2-foNOVT-04-2-fo.txt
[stage] LVL_Tutorial load complete -> *** GAME PROCESS GONE after 6s -- aborting the wait ***
[stage] no tutorial world -> injecting sp now would be a wasted one-shot. ABORTING.
