[stage] pre-flight: is ags serving an armed match?
[stage]   /core-game/players -> MatchID='match-9b9d2c887e2524f918e383a895f2f1c2' Version=1786256159
[stage] waiting for game process...
[stage] game process -> OK (0s)
[stage] game PID=52464 started=08/09/2026 01:16:06
[stage] parked match model (uiready + match fetched + uptime) -> OK (120s)
[stage] uptime=120s
[stage] >>> inject gft
[stage]     Manual-mapping G:\git\Supervive Revival Project\tools\sigbypass-mod\gft_ready_fix.dll into PID 52464
[stage]       remote image base: 0x11B9EA60000 (size 0x25000)
[stage]       relocations applied (delta 0x11A1EA60000)
[stage]       import: KERNEL32.dll
[stage]       exception table: 0x17D entries at 0x11B9EA82000 (will RtlAddFunctionTable)
[stage]       DllMain remote-thread exit: 0x1 (DllMain returned BOOL; nonzero = OK)
[stage]       verify: MZ at 0x11B9EA60000 ?
[stage]     OK: manual-map complete (DllMain returned).
[stage] force-open DLL: tutorial_launch_fo.dll
[stage]     spacing: 5s since last inject, waiting 15s more (min gap 20s)
[stage] >>> inject fo
[stage]     Manual-mapping G:\git\Supervive Revival Project\tools\sigbypass-mod\tutorial_launch_fo.dll into PID 52464
[stage]       remote image base: 0x11B9F520000 (size 0x2C000)
[stage]       relocations applied (delta 0x11A1F520000)
[stage]       import: KERNEL32.dll
[stage]       exception table: 0x196 entries at 0x11B9F549000 (will RtlAddFunctionTable)
[stage]       DllMain remote-thread exit: 0x1 (DllMain returned BOOL; nonzero = OK)
[stage]       verify: MZ at 0x11B9F520000 ?
[stage]     OK: manual-map complete (DllMain returned).
[stage]     marker -> fk24-stage-s112ship-06-2-fo.txt
[stage] LVL_Tutorial load complete -> OK (12s)
[stage]     spacing: 22s since last inject, min gap 20s already satisfied
[stage] >>> inject sp
[stage]     Manual-mapping G:\git\Supervive Revival Project\tools\sigbypass-mod\tutorial_launch_sp.dll into PID 52464
[stage]       remote image base: 0x11BA71B0000 (size 0x36000)
[stage]       relocations applied (delta 0x11A271B0000)
[stage]       import: KERNEL32.dll
[stage]       exception table: 0x1AA entries at 0x11BA71E3000 (will RtlAddFunctionTable)
[stage]       DllMain remote-thread exit: 0x1 (DllMain returned BOOL; nonzero = OK)
[stage]       verify: MZ at 0x11BA71B0000 ?
[stage]     OK: manual-map complete (DllMain returned).
[stage]     marker -> fk24-stage-s112ship-06-3-sp.txt
[stage] [SP] done step=4 (hero possessed) -> OK (12s)
[stage]     spacing: 17s since last inject, waiting 3s more (min gap 20s)
[stage] >>> inject probe-tutorial_launch_play
[stage]     Manual-mapping G:\git\Supervive Revival Project\tools\sigbypass-mod\tutorial_launch_play.dll into PID 52464
[stage]       remote image base: 0x11C121C0000 (size 0x42000)
[stage]       relocations applied (delta 0x11A921C0000)
[stage]       import: KERNEL32.dll
[stage]       import: USER32.dll
[stage]       exception table: 0x1BA entries at 0x11C121FF000 (will RtlAddFunctionTable)
[stage]       DllMain remote-thread exit: 0x1 (DllMain returned BOOL; nonzero = OK)
[stage]       verify: MZ at 0x11C121C0000 ?
[stage]     OK: manual-map complete (DllMain returned).
[stage]     marker -> fk24-stage-s112ship-06-4-probe-tutorial_launch_play.txt
[stage] probe injected; armed window begins
[stage] stage complete
