[stage] pre-flight: is ags serving an armed match?
[stage]   /core-game/players -> MatchID='match-9b9d2c887e2524f918e383a895f2f1c2' Version=1786253593
[stage] waiting for game process...
[stage] game process -> OK (0s)
[stage] game PID=36648 started=08/09/2026 00:33:16
[stage] parked match model (uiready + match fetched + uptime) -> OK (156s)
[stage] uptime=156s
[stage] >>> inject gft
[stage]     Manual-mapping G:\git\Supervive Revival Project\tools\sigbypass-mod\gft_ready_fix.dll into PID 36648
[stage]       remote image base: 0x16A48FF0000 (size 0x25000)
[stage]       relocations applied (delta 0x168C8FF0000)
[stage]       import: KERNEL32.dll
[stage]       exception table: 0x17D entries at 0x16A49012000 (will RtlAddFunctionTable)
[stage]       DllMain remote-thread exit: 0x1 (DllMain returned BOOL; nonzero = OK)
[stage]       verify: MZ at 0x16A48FF0000 ?
[stage]     OK: manual-map complete (DllMain returned).
[stage] force-open DLL: tutorial_launch_fo.dll
[stage]     spacing: 5s since last inject, waiting 15s more (min gap 20s)
[stage] >>> inject fo
[stage]     Manual-mapping G:\git\Supervive Revival Project\tools\sigbypass-mod\tutorial_launch_fo.dll into PID 36648
[stage]       remote image base: 0x16A490B0000 (size 0x2C000)
[stage]       relocations applied (delta 0x168C90B0000)
[stage]       import: KERNEL32.dll
[stage]       exception table: 0x196 entries at 0x16A490D9000 (will RtlAddFunctionTable)
[stage]       DllMain remote-thread exit: 0x1 (DllMain returned BOOL; nonzero = OK)
[stage]       verify: MZ at 0x16A490B0000 ?
[stage]     OK: manual-map complete (DllMain returned).
[stage]     marker -> fk24-stage-s112ship-01-2-fo.txt
[stage] LVL_Tutorial load complete -> OK (15s)
[stage]     spacing: 25s since last inject, min gap 20s already satisfied
[stage] >>> inject sp
[stage]     Manual-mapping G:\git\Supervive Revival Project\tools\sigbypass-mod\tutorial_launch_sp.dll into PID 36648
[stage]       remote image base: 0x16A9C9F0000 (size 0x36000)
[stage]       relocations applied (delta 0x1691C9F0000)
[stage]       import: KERNEL32.dll
[stage]       exception table: 0x1AA entries at 0x16A9CA23000 (will RtlAddFunctionTable)
[stage]       DllMain remote-thread exit: 0x1 (DllMain returned BOOL; nonzero = OK)
[stage]       verify: MZ at 0x16A9C9F0000 ?
[stage]     OK: manual-map complete (DllMain returned).
[stage]     marker -> fk24-stage-s112ship-01-3-sp.txt
[stage] [SP] done step=4 (hero possessed) -> OK (12s)
[stage]     spacing: 17s since last inject, waiting 3s more (min gap 20s)
[stage] >>> inject probe-tutorial_launch_play
[stage]     Manual-mapping G:\git\Supervive Revival Project\tools\sigbypass-mod\tutorial_launch_play.dll into PID 36648
[stage]       remote image base: 0x16A90740000 (size 0x42000)
[stage]       relocations applied (delta 0x16910740000)
[stage]       import: KERNEL32.dll
[stage]       import: USER32.dll
[stage]       exception table: 0x1BA entries at 0x16A9077F000 (will RtlAddFunctionTable)
[stage]       DllMain remote-thread exit: 0x1 (DllMain returned BOOL; nonzero = OK)
[stage]       verify: MZ at 0x16A90740000 ?
[stage]     OK: manual-map complete (DllMain returned).
[stage]     marker -> fk24-stage-s112ship-01-4-probe-tutorial_launch_play.txt
[stage] probe injected; armed window begins
[stage] stage complete
