[stage] pre-flight: is ags serving an armed match?
[stage]   /core-game/players -> MatchID='match-9b9d2c887e2524f918e383a895f2f1c2' Version=1786145315
[stage] waiting for game process...
[stage] game process -> OK (0s)
[stage] game PID=54956 started=08/07/2026 18:28:48
[stage] parked match model (uiready + match fetched + uptime) -> OK (109s)
[stage] uptime=111s
[stage] >>> inject gft
[stage]     Manual-mapping G:\git\Supervive Revival Project\tools\sigbypass-mod\gft_ready_fix.dll into PID 54956
[stage]       remote image base: 0x24243DD0000 (size 0x25000)
[stage]       relocations applied (delta 0x240C3DD0000)
[stage]       import: KERNEL32.dll
[stage]       exception table: 0x17D entries at 0x24243DF2000 (will RtlAddFunctionTable)
[stage]       DllMain remote-thread exit: 0x1 (DllMain returned BOOL; nonzero = OK)
[stage]       verify: MZ at 0x24243DD0000 ?
[stage]     OK: manual-map complete (DllMain returned).
[stage]     spacing: 5s since last inject, waiting 15s more (min gap 20s)
[stage] >>> inject fo
[stage]     Manual-mapping G:\git\Supervive Revival Project\tools\sigbypass-mod\tutorial_launch_fo.dll into PID 54956
[stage]       remote image base: 0x2420A7C0000 (size 0x2C000)
[stage]       relocations applied (delta 0x2408A7C0000)
[stage]       import: KERNEL32.dll
[stage]       exception table: 0x196 entries at 0x2420A7E9000 (will RtlAddFunctionTable)
[stage]       DllMain remote-thread exit: 0x1 (DllMain returned BOOL; nonzero = OK)
[stage]       verify: MZ at 0x2420A7C0000 ?
[stage]     OK: manual-map complete (DllMain returned).
[stage]     marker -> fk24-stage-s112c-ctl-25-2-fo.txt
[stage] LVL_Tutorial load complete -> OK (18s)
[stage]     spacing: 28s since last inject, min gap 20s already satisfied
[stage] >>> inject sp
[stage]     Manual-mapping G:\git\Supervive Revival Project\tools\sigbypass-mod\tutorial_launch_sp.dll into PID 54956
[stage]       remote image base: 0x24238AE0000 (size 0x36000)
[stage]       relocations applied (delta 0x240B8AE0000)
[stage]       import: KERNEL32.dll
[stage]       exception table: 0x1AA entries at 0x24238B13000 (will RtlAddFunctionTable)
[stage]       DllMain remote-thread exit: 0x1 (DllMain returned BOOL; nonzero = OK)
[stage]       verify: MZ at 0x24238AE0000 ?
[stage]     OK: manual-map complete (DllMain returned).
[stage]     marker -> fk24-stage-s112c-ctl-25-3-sp.txt
[stage] [SP] done step=4 (hero possessed) -> OK (15s)
[stage]     spacing: 20s since last inject, min gap 20s already satisfied
[stage] >>> inject probe-tutorial_launch_play
[stage]     Manual-mapping G:\git\Supervive Revival Project\tools\sigbypass-mod\build\tutorial_launch_play.dll into 
PID 54956
[stage]       remote image base: 0x2423BFD0000 (size 0x41000)
[stage]       relocations applied (delta 0x240BBFD0000)
[stage]       import: KERNEL32.dll
[stage]       import: USER32.dll
[stage]       exception table: 0x1BB entries at 0x2423C00E000 (will RtlAddFunctionTable)
[stage]       DllMain remote-thread exit: 0x1 (DllMain returned BOOL; nonzero = OK)
[stage]       verify: MZ at 0x2423BFD0000 ?
[stage]     OK: manual-map complete (DllMain returned).
[stage]     marker -> fk24-stage-s112c-ctl-25-4-probe-tutorial_launch_play.txt
[stage] probe injected; armed window begins
[stage] stage complete
