[stage] pre-flight: is ags serving an armed match?
[stage]   /core-game/players -> MatchID='match-9b9d2c887e2524f918e383a895f2f1c2' Version=1786138043
[stage] waiting for game process...
[stage] game process -> OK (0s)
[stage] game PID=54800 started=08/07/2026 16:27:26
[stage] parked match model (uiready + match fetched + uptime) -> OK (141s)
[stage] uptime=141s
[stage] >>> inject gft
[stage]     Manual-mapping G:\git\Supervive Revival Project\tools\sigbypass-mod\gft_ready_fix.dll into PID 54800
[stage]       remote image base: 0x1F40D3B0000 (size 0x25000)
[stage]       relocations applied (delta 0x1F28D3B0000)
[stage]       import: KERNEL32.dll
[stage]       exception table: 0x17D entries at 0x1F40D3D2000 (will RtlAddFunctionTable)
[stage]       DllMain remote-thread exit: 0x1 (DllMain returned BOOL; nonzero = OK)
[stage]       verify: MZ at 0x1F40D3B0000 ?
[stage]     OK: manual-map complete (DllMain returned).
[stage]     spacing: 5s since last inject, waiting 15s more (min gap 20s)
[stage] >>> inject fo
[stage]     Manual-mapping G:\git\Supervive Revival Project\tools\sigbypass-mod\tutorial_launch_fo.dll into PID 54800
[stage]       remote image base: 0x1F40D550000 (size 0x2C000)
[stage]       relocations applied (delta 0x1F28D550000)
[stage]       import: KERNEL32.dll
[stage]       exception table: 0x196 entries at 0x1F40D579000 (will RtlAddFunctionTable)
[stage]       DllMain remote-thread exit: 0x1 (DllMain returned BOOL; nonzero = OK)
[stage]       verify: MZ at 0x1F40D550000 ?
[stage]     OK: manual-map complete (DllMain returned).
[stage]     marker -> fk24-stage-s112c-trt-07-2-fo.txt
[stage] LVL_Tutorial load complete -> OK (9s)
[stage]     spacing: 19s since last inject, waiting 1s more (min gap 20s)
[stage] >>> inject sp
[stage]     Manual-mapping G:\git\Supervive Revival Project\tools\sigbypass-mod\tutorial_launch_sp.dll into PID 54800
[stage]     FAILED: VirtualAllocEx(RWX) failed: Access is denied. (ACG on?)
[stage]     marker -> fk24-stage-s112c-trt-07-3-sp.txt
[stage] [SP] done step=4 (hero possessed) -> *** GAME PROCESS GONE after 0s -- aborting the wait ***
[stage] spawn+possess never completed -> RM_PLAY would abort. ABORTING.
