[stage] pre-flight: is ags serving an armed match?
[stage]   /core-game/players -> MatchID='match-9b9d2c887e2524f918e383a895f2f1c2' Version=1786168038
[stage] waiting for game process...
[stage] game process -> OK (0s)
[stage] game PID=54068 started=08/08/2026 00:47:22
[stage] parked match model (uiready + match fetched + uptime) -> OK (156s)
[stage] uptime=156s
[stage] >>> inject gft
[stage]     Manual-mapping G:\git\Supervive Revival Project\tools\sigbypass-mod\gft_ready_fix.dll into PID 54068
[stage]       remote image base: 0x22678CE0000 (size 0x25000)
[stage]       relocations applied (delta 0x224F8CE0000)
[stage]       import: KERNEL32.dll
[stage]       exception table: 0x17D entries at 0x22678D02000 (will RtlAddFunctionTable)
[stage]       DllMain remote-thread exit: 0x1 (DllMain returned BOOL; nonzero = OK)
[stage]       verify: MZ at 0x22678CE0000 ?
[stage]     OK: manual-map complete (DllMain returned).
[stage] force-open DLL: tutorial_launch_fo_nologinvt.dll
[stage]     spacing: 5s since last inject, waiting 15s more (min gap 20s)
[stage] >>> inject fo
[stage]     Manual-mapping G:\git\Supervive Revival Project\tools\sigbypass-mod\build\tutorial_launch_fo_nologinvt.dll 
into PID 54068
[stage]       remote image base: 0x22678D10000 (size 0x2B000)
[stage]       relocations applied (delta 0x224F8D10000)
[stage]       import: KERNEL32.dll
[stage]       exception table: 0x195 entries at 0x22678D38000 (will RtlAddFunctionTable)
[stage]       DllMain remote-thread exit: 0x1 (DllMain returned BOOL; nonzero = OK)
[stage]       verify: MZ at 0x22678D10000 ?
[stage]     OK: manual-map complete (DllMain returned).
[stage]     marker -> fk24-stage-s112p2-foNOVT-02-2-fo.txt
[stage] LVL_Tutorial load complete -> *** GAME PROCESS GONE after 12s -- aborting the wait ***
[stage] no tutorial world -> injecting sp now would be a wasted one-shot. ABORTING.
