[stage] pre-flight: is ags serving an armed match?
[stage]   /core-game/players -> MatchID='match-9b9d2c887e2524f918e383a895f2f1c2' Version=1786135147
[stage] waiting for game process...
[stage] game process -> OK (0s)
[stage] game PID=29568 started=08/07/2026 15:39:11
[stage] parked match model (uiready + match fetched + uptime) -> OK (120s)
[stage] uptime=121s
[stage] >>> inject gft
[stage]     Manual-mapping G:\git\Supervive Revival Project\tools\sigbypass-mod\gft_ready_fix.dll into PID 29568
[stage]       remote image base: 0x18D04240000 (size 0x25000)
[stage]       relocations applied (delta 0x18B84240000)
[stage]       import: KERNEL32.dll
[stage]       exception table: 0x17D entries at 0x18D04262000 (will RtlAddFunctionTable)
[stage]       DllMain remote-thread exit: 0x1 (DllMain returned BOOL; nonzero = OK)
[stage]       verify: MZ at 0x18D04240000 ?
[stage]     OK: manual-map complete (DllMain returned).
[stage]     spacing: 5s since last inject, waiting 15s more (min gap 20s)
[stage] >>> inject fo
[stage]     Manual-mapping G:\git\Supervive Revival Project\tools\sigbypass-mod\tutorial_launch_fo.dll into PID 29568
[stage]       remote image base: 0x18D05AD0000 (size 0x2C000)
[stage]       relocations applied (delta 0x18B85AD0000)
[stage]       import: KERNEL32.dll
[stage]       exception table: 0x196 entries at 0x18D05AF9000 (will RtlAddFunctionTable)
[stage]       DllMain remote-thread exit: 0x1 (DllMain returned BOOL; nonzero = OK)
[stage]       verify: MZ at 0x18D05AD0000 ?
[stage]     OK: manual-map complete (DllMain returned).
[stage]     marker -> fk24-stage-s112-ctl-02-2-fo.txt
[stage] LVL_Tutorial load complete -> OK (24s)
[stage]     spacing: 34s since last inject, min gap 20s already satisfied
[stage] >>> inject sp
[stage]     Manual-mapping G:\git\Supervive Revival Project\tools\sigbypass-mod\tutorial_launch_sp.dll into PID 29568
[stage]       remote image base: 0x18D2D980000 (size 0x36000)
[stage]       relocations applied (delta 0x18BAD980000)
[stage]       import: KERNEL32.dll
[stage]       exception table: 0x1AA entries at 0x18D2D9B3000 (will RtlAddFunctionTable)
[stage]       DllMain remote-thread exit: 0x1 (DllMain returned BOOL; nonzero = OK)
[stage]       verify: MZ at 0x18D2D980000 ?
[stage]     OK: manual-map complete (DllMain returned).
[stage]     marker -> fk24-stage-s112-ctl-02-3-sp.txt
[stage] [SP] done step=4 (hero possessed) -> OK (15s)
[stage]     spacing: 20s since last inject, min gap 20s already satisfied
[stage] >>> inject probe-tutorial_launch_play
[stage]     Manual-mapping G:\git\Supervive Revival Project\tools\sigbypass-mod\build\tutorial_launch_play.dll into 
PID 29568
[stage]       remote image base: 0x18D0F740000 (size 0x3F000)
[stage]       relocations applied (delta 0x18B8F740000)
[stage]       import: KERNEL32.dll
[stage]       import: USER32.dll
[stage]       exception table: 0x1BA entries at 0x18D0F77C000 (will RtlAddFunctionTable)
[stage]       DllMain remote-thread exit: 0x1 (DllMain returned BOOL; nonzero = OK)
[stage]       verify: MZ at 0x18D0F740000 ?
[stage]     OK: manual-map complete (DllMain returned).
[stage]     marker -> fk24-stage-s112-ctl-02-4-probe-tutorial_launch_play.txt
[stage] probe injected; armed window begins
[stage] stage complete
