[stage] pre-flight: is ags serving an armed match?
[stage]   /core-game/players -> MatchID='match-9b9d2c887e2524f918e383a895f2f1c2' Version=1786212063
[stage] waiting for game process...
[stage] game process -> OK (0s)
[stage] game PID=48976 started=08/08/2026 13:01:07
[stage] parked match model (uiready + match fetched + uptime) -> OK (207s)
[stage] uptime=208s
[stage] >>> inject gft
[stage]     Manual-mapping G:\git\Supervive Revival Project\tools\sigbypass-mod\gft_ready_fix.dll into PID 48976
[stage]       remote image base: 0x24CEF120000 (size 0x25000)
[stage]       relocations applied (delta 0x24B6F120000)
[stage]       import: KERNEL32.dll
[stage]       exception table: 0x17D entries at 0x24CEF142000 (will RtlAddFunctionTable)
[stage]       DllMain remote-thread exit: 0x1 (DllMain returned BOOL; nonzero = OK)
[stage]       verify: MZ at 0x24CEF120000 ?
[stage]     OK: manual-map complete (DllMain returned).
[stage] force-open DLL: tutorial_launch_fo.dll
[stage]     spacing: 5s since last inject, waiting 15s more (min gap 20s)
[stage] >>> inject fo
[stage]     Manual-mapping G:\git\Supervive Revival Project\tools\sigbypass-mod\tutorial_launch_fo.dll into PID 48976
[stage]       remote image base: 0x24DBC080000 (size 0x2C000)
[stage]       relocations applied (delta 0x24C3C080000)
[stage]       import: KERNEL32.dll
[stage]       exception table: 0x196 entries at 0x24DBC0A9000 (will RtlAddFunctionTable)
[stage]       DllMain remote-thread exit: 0x1 (DllMain returned BOOL; nonzero = OK)
[stage]       verify: MZ at 0x24DBC080000 ?
[stage]     OK: manual-map complete (DllMain returned).
[stage]     marker -> fk24-stage-s112p3-trt-06-2-fo.txt
[stage] LVL_Tutorial load complete -> *** TIMEOUT after 45s ***
[stage] no tutorial world -> injecting sp now would be a wasted one-shot. ABORTING.
[stage] pre-flight: is ags serving an armed match?
[stage]   /core-game/players -> MatchID='match-9b9d2c887e2524f918e383a895f2f1c2' Version=1786212063
[stage] waiting for game process...
[stage] game process -> OK (0s)
[stage] game PID=48976 started=08/08/2026 13:01:07
[stage] parked match model (uiready + match fetched + uptime) -> OK (12s)
[stage] uptime=310s
[stage] >>> inject gft
[stage]     Manual-mapping G:\git\Supervive Revival Project\tools\sigbypass-mod\gft_ready_fix.dll into PID 48976
[stage]       remote image base: 0x24DA3C00000 (size 0x25000)
[stage]       relocations applied (delta 0x24C23C00000)
[stage]       import: KERNEL32.dll
[stage]       exception table: 0x17D entries at 0x24DA3C22000 (will RtlAddFunctionTable)
[stage]       DllMain remote-thread exit: 0x1 (DllMain returned BOOL; nonzero = OK)
[stage]       verify: MZ at 0x24DA3C00000 ?
[stage]     OK: manual-map complete (DllMain returned).
[stage]     marker -> fk24-stage-s112p3-trt-06-1-gft.txt
[stage] force-open DLL: tutorial_launch_fo.dll
[stage]     spacing: 5s since last inject, waiting 15s more (min gap 20s)
[stage] >>> inject fo
[stage]     Manual-mapping G:\git\Supervive Revival Project\tools\sigbypass-mod\tutorial_launch_fo.dll into PID 48976
[stage]       remote image base: 0x24DA1280000 (size 0x2C000)
[stage]       relocations applied (delta 0x24C21280000)
[stage]       import: KERNEL32.dll
[stage]       exception table: 0x196 entries at 0x24DA12A9000 (will RtlAddFunctionTable)
[stage]       DllMain remote-thread exit: 0x1 (DllMain returned BOOL; nonzero = OK)
[stage]       verify: MZ at 0x24DA1280000 ?
[stage]     OK: manual-map complete (DllMain returned).
[stage]     marker -> fk24-stage-s112p3-trt-06-2-fo.txt
[stage] LVL_Tutorial load complete -> OK (27s)
[stage]     spacing: 37s since last inject, min gap 20s already satisfied
[stage] >>> inject sp
[stage]     Manual-mapping G:\git\Supervive Revival Project\tools\sigbypass-mod\tutorial_launch_sp.dll into PID 48976
[stage]       remote image base: 0x24DDB790000 (size 0x36000)
[stage]       relocations applied (delta 0x24C5B790000)
[stage]       import: KERNEL32.dll
[stage]       exception table: 0x1AA entries at 0x24DDB7C3000 (will RtlAddFunctionTable)
[stage]       DllMain remote-thread exit: 0x1 (DllMain returned BOOL; nonzero = OK)
[stage]       verify: MZ at 0x24DDB790000 ?
[stage]     OK: manual-map complete (DllMain returned).
[stage]     marker -> fk24-stage-s112p3-trt-06-3-sp.txt
[stage] [SP] done step=4 (hero possessed) -> OK (12s)
[stage]     spacing: 17s since last inject, waiting 3s more (min gap 20s)
[stage] >>> inject probe-tutorial_launch_play_funcswap_one
[stage]     Manual-mapping G:\git\Supervive Revival 
Project\tools\sigbypass-mod\build\tutorial_launch_play_funcswap_one.dll into PID 48976
[stage]       remote image base: 0x24DCD260000 (size 0x42000)
[stage]       relocations applied (delta 0x24C4D260000)
[stage]       import: KERNEL32.dll
[stage]       import: USER32.dll
[stage]       exception table: 0x1BA entries at 0x24DCD29F000 (will RtlAddFunctionTable)
[stage]       DllMain remote-thread exit: 0x1 (DllMain returned BOOL; nonzero = OK)
[stage]       verify: MZ at 0x24DCD260000 ?
[stage]     OK: manual-map complete (DllMain returned).
[stage]     marker -> fk24-stage-s112p3-trt-06-4-probe-tutorial_launch_play_funcswap_one.txt
[stage] probe injected; armed window begins
[stage] stage complete
