[stage] pre-flight: is ags serving an armed match?
[stage]   /core-game/players -> MatchID='match-9b9d2c887e2524f918e383a895f2f1c2' Version=1786210472
[stage] waiting for game process...
[stage] game process -> OK (0s)
[stage] game PID=49212 started=08/08/2026 12:34:38
[stage] parked match model (uiready + match fetched + uptime) -> OK (341s)
[stage] uptime=342s
[stage] >>> inject gft
[stage]     Manual-mapping G:\git\Supervive Revival Project\tools\sigbypass-mod\gft_ready_fix.dll into PID 49212
[stage]       remote image base: 0x251C74A0000 (size 0x25000)
[stage]       relocations applied (delta 0x250474A0000)
[stage]       import: KERNEL32.dll
[stage]       exception table: 0x17D entries at 0x251C74C2000 (will RtlAddFunctionTable)
[stage]       DllMain remote-thread exit: 0x1 (DllMain returned BOOL; nonzero = OK)
[stage]       verify: MZ at 0x251C74A0000 ?
[stage]     OK: manual-map complete (DllMain returned).
[stage] force-open DLL: tutorial_launch_fo.dll
[stage]     spacing: 5s since last inject, waiting 15s more (min gap 20s)
[stage] >>> inject fo
[stage]     Manual-mapping G:\git\Supervive Revival Project\tools\sigbypass-mod\tutorial_launch_fo.dll into PID 49212
[stage]       remote image base: 0x2522CE10000 (size 0x2C000)
[stage]       relocations applied (delta 0x250ACE10000)
[stage]       import: KERNEL32.dll
[stage]       exception table: 0x196 entries at 0x2522CE39000 (will RtlAddFunctionTable)
[stage]       DllMain remote-thread exit: 0x1 (DllMain returned BOOL; nonzero = OK)
[stage]       verify: MZ at 0x2522CE10000 ?
[stage]     OK: manual-map complete (DllMain returned).
[stage]     marker -> fk24-stage-s112p3-ctl-03-2-fo.txt
[stage] LVL_Tutorial load complete -> *** TIMEOUT after 45s ***
[stage] no tutorial world -> injecting sp now would be a wasted one-shot. ABORTING.
[stage] pre-flight: is ags serving an armed match?
[stage]   /core-game/players -> MatchID='match-9b9d2c887e2524f918e383a895f2f1c2' Version=1786210472
[stage] waiting for game process...
[stage] game process -> OK (0s)
[stage] game PID=49212 started=08/08/2026 12:34:38
[stage] parked match model (uiready + match fetched + uptime) -> OK (0s)
[stage] uptime=456s
[stage] >>> inject gft
[stage]     Manual-mapping G:\git\Supervive Revival Project\tools\sigbypass-mod\gft_ready_fix.dll into PID 49212
[stage]       remote image base: 0x25260A00000 (size 0x25000)
[stage]       relocations applied (delta 0x250E0A00000)
[stage]       import: KERNEL32.dll
[stage]       exception table: 0x17D entries at 0x25260A22000 (will RtlAddFunctionTable)
[stage]       DllMain remote-thread exit: 0x1 (DllMain returned BOOL; nonzero = OK)
[stage]       verify: MZ at 0x25260A00000 ?
[stage]     OK: manual-map complete (DllMain returned).
[stage]     marker -> fk24-stage-s112p3-ctl-03-1-gft.txt
[stage] force-open DLL: tutorial_launch_fo.dll
[stage]     spacing: 5s since last inject, waiting 15s more (min gap 20s)
[stage] >>> inject fo
[stage]     Manual-mapping G:\git\Supervive Revival Project\tools\sigbypass-mod\tutorial_launch_fo.dll into PID 49212
[stage]       remote image base: 0x25266D10000 (size 0x2C000)
[stage]       relocations applied (delta 0x250E6D10000)
[stage]       import: KERNEL32.dll
[stage]       exception table: 0x196 entries at 0x25266D39000 (will RtlAddFunctionTable)
[stage]       DllMain remote-thread exit: 0x1 (DllMain returned BOOL; nonzero = OK)
[stage]       verify: MZ at 0x25266D10000 ?
[stage]     OK: manual-map complete (DllMain returned).
[stage]     marker -> fk24-stage-s112p3-ctl-03-2-fo.txt
[stage] LVL_Tutorial load complete -> *** GAME PROCESS GONE after 22s -- aborting the wait ***
[stage] no tutorial world -> injecting sp now would be a wasted one-shot. ABORTING.
