[stage] pre-flight: is ags serving an armed match?
[stage]   /core-game/players -> MatchID='match-9b9d2c887e2524f918e383a895f2f1c2' Version=1788907187
[stage] waiting for game process...
[stage] game process -> OK (0s)
[stage] game PID=16120 started=09/08/2026 17:39:51
[stage] parked match model (uiready + match fetched + uptime) -> OK (74s)
[stage] uptime=112s
[stage] >>> inject gft
[stage]     Manual-mapping G:\git\Supervive Revival Project\tools\sigbypass-mod\gft_ready_fix.dll into PID 16120
[stage]       remote image base: 0x29327CE0000 (size 0x25000)
[stage]       relocations applied (delta 0x291A7CE0000)
[stage]       import: KERNEL32.dll
[stage]       exception table: 0x17D entries at 0x29327D02000 (will RtlAddFunctionTable)
[stage]       DllMain remote-thread exit: 0x1 (DllMain returned BOOL; nonzero = OK)
[stage]       verify: MZ at 0x29327CE0000 ✓
[stage]     OK: manual-map complete (DllMain returned).
[stage]     marker -> fk24-stage-s155-bindavatar-f1-1-gft.txt
[stage] force-open DLL: tutorial_launch_fo.dll
[stage]     spacing: 5s since last inject, waiting 15s more (min gap 20s)
[stage] >>> inject fo
[stage]     Manual-mapping G:\git\Supervive Revival Project\tools\sigbypass-mod\tutorial_launch_fo.dll into PID 16120
[stage]       remote image base: 0x29328070000 (size 0x2C000)
[stage]       relocations applied (delta 0x291A8070000)
[stage]       import: KERNEL32.dll
[stage]       exception table: 0x197 entries at 0x29328099000 (will RtlAddFunctionTable)
[stage]       DllMain remote-thread exit: 0x1 (DllMain returned BOOL; nonzero = OK)
[stage]       verify: MZ at 0x29328070000 ✓
[stage]     OK: manual-map complete (DllMain returned).
[stage]     marker -> fk24-stage-s155-bindavatar-f1-2-fo.txt
[stage] LVL_Tutorial load complete -> *** GAME PROCESS GONE after 49s -- aborting the wait ***
[stage] no tutorial world -> injecting sp now would be a wasted one-shot. ABORTING.

[exited with code 4]
