[stage] pre-flight: is ags serving an armed match?
[stage]   /core-game/players -> MatchID='match-9b9d2c887e2524f918e383a895f2f1c2' Version=1788904986
[stage] waiting for game process...
[stage] game process -> OK (0s)
[stage] game PID=43724 started=09/08/2026 17:03:09
[stage] parked match model (uiready + match fetched + uptime) -> OK (37s)
[stage] uptime=111s
[stage] >>> inject gft
[stage]     Manual-mapping G:\git\Supervive Revival Project\tools\sigbypass-mod\gft_ready_fix.dll into PID 43724
[stage]       remote image base: 0x1101A7A0000 (size 0x25000)
[stage]       relocations applied (delta 0x10E9A7A0000)
[stage]       import: KERNEL32.dll
[stage]       exception table: 0x17D entries at 0x1101A7C2000 (will RtlAddFunctionTable)
[stage]       DllMain remote-thread exit: 0x1 (DllMain returned BOOL; nonzero = OK)
[stage]       verify: MZ at 0x1101A7A0000 ✓
[stage]     OK: manual-map complete (DllMain returned).
[stage]     marker -> fk24-stage-s154-selfcal-1-gft.txt
[stage] force-open DLL: tutorial_launch_fo.dll
[stage]     spacing: 5s since last inject, waiting 15s more (min gap 20s)
[stage] >>> inject fo
[stage]     Manual-mapping G:\git\Supervive Revival Project\tools\sigbypass-mod\tutorial_launch_fo.dll into PID 43724
[stage]       remote image base: 0x1101AFF0000 (size 0x2C000)
[stage]       relocations applied (delta 0x10E9AFF0000)
[stage]       import: KERNEL32.dll
[stage]       exception table: 0x197 entries at 0x1101B019000 (will RtlAddFunctionTable)
[stage]       DllMain remote-thread exit: 0x1 (DllMain returned BOOL; nonzero = OK)
[stage]       verify: MZ at 0x1101AFF0000 ✓
[stage]     OK: manual-map complete (DllMain returned).
[stage]     marker -> fk24-stage-s154-selfcal-2-fo.txt
[stage] LVL_Tutorial load complete -> OK (9s)
[stage]     spacing: 19s since last inject, waiting 1s more (min gap 20s)
[stage] >>> inject sp
[stage]     Manual-mapping G:\git\Supervive Revival Project\tools\sigbypass-mod\tutorial_launch_sp.dll into PID 43724
[stage]       remote image base: 0x11028130000 (size 0x36000)
[stage]       relocations applied (delta 0x10EA8130000)
[stage]       import: KERNEL32.dll
[stage]       exception table: 0x1AB entries at 0x11028163000 (will RtlAddFunctionTable)
[stage]       DllMain remote-thread exit: 0x1 (DllMain returned BOOL; nonzero = OK)
[stage]       verify: MZ at 0x11028130000 ✓
[stage]     OK: manual-map complete (DllMain returned).
[stage]     marker -> fk24-stage-s154-selfcal-3-sp.txt
[stage] [SP] done step=4 (hero possessed) -> OK (12s)
[stage]     spacing: 17s since last inject, waiting 3s more (min gap 20s)
[stage] >>> inject probe-tutorial_launch_botfight_damage_self_cal
[stage]     Manual-mapping G:\git\Supervive Revival Project\tools\sigbypass-mod\build\tutorial_launch_botfight_damage_self_cal.dll into PID 43724
[stage]     FAILED: VirtualAllocEx(RWX) failed: Access is denied. (ACG on?)
[stage]     marker -> fk24-stage-s154-selfcal-4-probe-tutorial_launch_botfight_damage_self_cal.txt
[stage] probe injected; armed window begins
[stage] stage complete

[exited with code 1]
