[stage] pre-flight: is ags serving an armed match?
[stage]   /core-game/players -> MatchID='match-9b9d2c887e2524f918e383a895f2f1c2' Version=1788291819
[stage] waiting for game process...
[stage] game process -> OK (0s)
[stage] game PID=29348 started=09/01/2026 14:43:41
[stage] parked match model (uiready + match fetched + uptime) -> OK (85s)
[stage] uptime=112s
[stage] >>> inject gft
[stage]     Manual-mapping G:\git\Supervive Revival Project\tools\sigbypass-mod\gft_ready_fix.dll into PID 29348
[stage]       remote image base: 0x23992F90000 (size 0x25000)
[stage]       relocations applied (delta 0x23812F90000)
[stage]       import: KERNEL32.dll
[stage]       exception table: 0x17D entries at 0x23992FB2000 (will RtlAddFunctionTable)
[stage]       DllMain remote-thread exit: 0x1 (DllMain returned BOOL; nonzero = OK)
[stage]       verify: MZ at 0x23992F90000 ✓
[stage]     OK: manual-map complete (DllMain returned).
[stage]     marker -> fk24-stage-mount2-1-gft.txt
[stage] force-open DLL: tutorial_launch_fo.dll
[stage]     spacing: 5s since last inject, waiting 15s more (min gap 20s)
[stage] >>> inject fo
[stage]     Manual-mapping G:\git\Supervive Revival Project\tools\sigbypass-mod\tutorial_launch_fo.dll into PID 29348
[stage]       remote image base: 0x2398F560000 (size 0x2C000)
[stage]       relocations applied (delta 0x2380F560000)
[stage]       import: KERNEL32.dll
[stage]       exception table: 0x197 entries at 0x2398F589000 (will RtlAddFunctionTable)
[stage]       DllMain remote-thread exit: 0x1 (DllMain returned BOOL; nonzero = OK)
[stage]       verify: MZ at 0x2398F560000 ✓
[stage]     OK: manual-map complete (DllMain returned).
[stage]     marker -> fk24-stage-mount2-2-fo.txt
[stage] LVL_Tutorial load complete -> *** GAME PROCESS GONE after 9s -- aborting the wait ***
[stage] no tutorial world -> injecting sp now would be a wasted one-shot. ABORTING.
