[stage] pre-flight: is ags serving an armed match?
[stage]   /core-game/players -> MatchID='match-9b9d2c887e2524f918e383a895f2f1c2' Version=1788282394
[stage] waiting for game process...
[stage] game process -> OK (0s)
[stage] game PID=33908 started=09/01/2026 12:06:37
[stage] parked match model (uiready + match fetched + uptime) -> OK (0s)
[stage] uptime=337s
[stage] >>> inject gft
[stage]     Manual-mapping G:\git\Supervive Revival Project\tools\sigbypass-mod\gft_ready_fix.dll into PID 33908
[stage]       remote image base: 0x22A587B0000 (size 0x25000)
[stage]       relocations applied (delta 0x228D87B0000)
[stage]       import: KERNEL32.dll
[stage]       exception table: 0x17D entries at 0x22A587D2000 (will RtlAddFunctionTable)
[stage]       DllMain remote-thread exit: 0x1 (DllMain returned BOOL; nonzero = OK)
[stage]       verify: MZ at 0x22A587B0000 ✓
[stage]     OK: manual-map complete (DllMain returned).
[stage]     marker -> fk24-stage-mount-1-gft.txt
[stage] force-open DLL: tutorial_launch_fo.dll
[stage]     spacing: 5s since last inject, waiting 15s more (min gap 20s)
[stage] >>> inject fo
[stage]     Manual-mapping G:\git\Supervive Revival Project\tools\sigbypass-mod\tutorial_launch_fo.dll into PID 33908
[stage]       remote image base: 0x22A58C60000 (size 0x2C000)
[stage]       relocations applied (delta 0x228D8C60000)
[stage]       import: KERNEL32.dll
[stage]       exception table: 0x197 entries at 0x22A58C89000 (will RtlAddFunctionTable)
[stage]       DllMain remote-thread exit: 0x1 (DllMain returned BOOL; nonzero = OK)
[stage]       verify: MZ at 0x22A58C60000 ✓
[stage]     OK: manual-map complete (DllMain returned).
[stage]     marker -> fk24-stage-mount-2-fo.txt
[stage] LVL_Tutorial load complete -> OK (12s)
[stage]     spacing: 22s since last inject, min gap 20s already satisfied
[stage] >>> inject sp
[stage]     Manual-mapping G:\git\Supervive Revival Project\tools\sigbypass-mod\tutorial_launch_sp.dll into PID 33908
[stage]       remote image base: 0x22A94750000 (size 0x36000)
[stage]       relocations applied (delta 0x22914750000)
[stage]       import: KERNEL32.dll
[stage]       exception table: 0x1AB entries at 0x22A94783000 (will RtlAddFunctionTable)
[stage]       DllMain remote-thread exit: 0x1 (DllMain returned BOOL; nonzero = OK)
[stage]       verify: MZ at 0x22A94750000 ✓
[stage]     OK: manual-map complete (DllMain returned).
[stage]     marker -> fk24-stage-mount-3-sp.txt
[stage] SkipProbe: world staged, nothing further injected
[stage] stage complete
