[stage] pre-flight: is ags serving an armed match?
[stage]   /core-game/players -> MatchID='match-9b9d2c887e2524f918e383a895f2f1c2' Version=1788297928
[stage] waiting for game process...
[stage] game process -> OK (0s)
[stage] game PID=39672 started=09/01/2026 16:25:30
[stage] parked match model (uiready + match fetched + uptime) -> OK (100s)
[stage] uptime=111s
[stage] >>> inject gft
[stage]     Manual-mapping G:\git\Supervive Revival Project\tools\sigbypass-mod\gft_ready_fix.dll into PID 39672
[stage]       remote image base: 0x22642BE0000 (size 0x25000)
[stage]       relocations applied (delta 0x224C2BE0000)
[stage]       import: KERNEL32.dll
[stage]       exception table: 0x17D entries at 0x22642C02000 (will RtlAddFunctionTable)
[stage]       DllMain remote-thread exit: 0x1 (DllMain returned BOOL; nonzero = OK)
[stage]       verify: MZ at 0x22642BE0000 ✓
[stage]     OK: manual-map complete (DllMain returned).
[stage]     marker -> fk24-stage-f4b-1-gft.txt
[stage] force-open DLL: tutorial_launch_fo.dll
[stage]     spacing: 5s since last inject, waiting 15s more (min gap 20s)
[stage] >>> inject fo
[stage]     Manual-mapping G:\git\Supervive Revival Project\tools\sigbypass-mod\tutorial_launch_fo.dll into PID 39672
[stage]       remote image base: 0x22642D30000 (size 0x2C000)
[stage]       relocations applied (delta 0x224C2D30000)
[stage]       import: KERNEL32.dll
[stage]       exception table: 0x197 entries at 0x22642D59000 (will RtlAddFunctionTable)
[stage]       DllMain remote-thread exit: 0x1 (DllMain returned BOOL; nonzero = OK)
[stage]       verify: MZ at 0x22642D30000 ✓
[stage]     OK: manual-map complete (DllMain returned).
[stage]     marker -> fk24-stage-f4b-2-fo.txt
[stage] LVL_Tutorial load complete -> OK (9s)
[stage]     spacing: 19s since last inject, waiting 1s more (min gap 20s)
[stage] >>> inject sp
[stage]     Manual-mapping G:\git\Supervive Revival Project\tools\sigbypass-mod\tutorial_launch_sp.dll into PID 39672
[stage]       remote image base: 0x2270CB60000 (size 0x36000)
[stage]       relocations applied (delta 0x2258CB60000)
[stage]       import: KERNEL32.dll
[stage]       exception table: 0x1AB entries at 0x2270CB93000 (will RtlAddFunctionTable)
[stage]       DllMain remote-thread exit: 0x1 (DllMain returned BOOL; nonzero = OK)
[stage]       verify: MZ at 0x2270CB60000 ✓
[stage]     OK: manual-map complete (DllMain returned).
[stage]     marker -> fk24-stage-f4b-3-sp.txt
[stage] SkipProbe: world staged, nothing further injected
[stage] stage complete
