drop_ride_readout  PID=36472 BASE=0x7FF6B5A70000  2026-09-01 15:37:24
waiting for a flying pod (BP_DropPod*) to appear (stage droppod-pe-cdopoke first)...

pod candidates (PASSED the RdResolve gate: Actor-derived + PodTeamIndex==0 + Root!=null):
  0x1F517613990  BP_DropPod_Tutorial_C  loc=(695067.6,5070.5,20100.0)
hero candidates:
  0x1F58FDEAAC0  BP_HERO_Ronin_C  loc=(0.0,0.0,13240.0)
rejected candidates (would have been picked by the old startswith-only filter):
  [hero] 0x1F58358CCD0  BP_HERO_Reaper_C  -- not Actor-derived
  [hero] 0x1F577A47630  BP_HERO_Ronin_C  -- not Actor-derived
  [hero] 0x1F5FD8189E0  BP_HERO_Void_C  -- not Actor-derived
  [hero] 0x1F5762291C0  BP_HERO_BountyHunter_C  -- not Actor-derived
  [hero] 0x1F5FFC07E10  BP_HERO_BurstCaster_C  -- not Actor-derived
  [hero] 0x1F5B518D8A0  BP_HERO_Storm_LightningGunProjectile_C  -- not Actor-derived
  [hero] 0x1F57A4C0BE0  BP_HERO_Flex_C  -- not Actor-derived
  [hero] 0x1F6234A5700  BP_HERO_Flex_Blaster_Cartwheel_AutoGenFunc  -- not Actor-derived
  [hero] 0x1F6234A5B00  BP_HERO_Flex_Blaster_Cartwheel_AutoGenFunc  -- not Actor-derived
  [hero] 0x1F5615A0BE0  BP_HERO_Sniper_C  -- not Actor-derived
  [hero] 0x1F4EA42E470  BP_HERO_Sniper_SniperShot_ProjectileV2_C  -- not Actor-derived
  [hero] 0x1F57A070400  BP_HERO_Freeze_C  -- not Actor-derived
  ... 10 more rejected

using  pod=0x1F517613990  hero=0x1F58FDEAAC0  rideable=0x1F57ECA4600
CurrPodDestination = (-3206.4,5070.5,100.0)

time      HSG  state       pod loc                  hero loc                 |h-pod|xy pod vel
+0.0s     0    0:None      (695068,5070,20100)      (0,0,13240)              695086    (20000,0,0)
+0.5s     0    0:None      (705078,5070,20100)      (0,0,13240)              705097    (20000,0,0)
+1.0s     0    0:None      (715108,5070,20100)      (0,0,13240)              715126    (20000,0,0)
+1.5s     0    0:None      (725145,5070,20100)      (0,0,13240)              725163    (20000,0,0)
+2.0s     0    0:None      (735153,5070,20100)      (0,0,13240)              735170    (20000,0,0)
+2.5s     0    0:None      (745241,5070,20100)      (0,0,13240)              745258    (20000,0,0)
+3.0s     0    0:None      (755242,5070,20100)      (0,0,13240)              755259    (20000,0,0)
+3.5s     0    0:None      (765246,5070,20100)      (0,0,13240)              765263    (20000,0,0)
+4.0s     0    0:None      (775262,5070,20100)      (0,0,13240)              775279    (20000,0,0)
+4.5s     0    0:None      (785257,5070,20100)      (0,0,13240)              785274    (20000,0,0)
+5.0s     0    0:None      (795261,5070,20100)      (0,0,13240)              795277    (20000,0,0)
+5.5s     0    0:None      (805308,5070,20100)      (0,0,13240)              805324    (20000,0,0)
+6.0s     0    0:None      (815310,5070,20100)      (0,0,13240)              815326    (20000,0,0)
+6.5s     0    0:None      (825288,5070,20100)      (0,0,13240)              825303    (20000,0,0)
+7.0s     0    0:None      (835342,5070,20100)      (0,0,13240)              835357    (20000,0,0)
+7.5s     0    0:None      (845330,5070,20100)      (0,0,13240)              845345    (20000,0,0)
+8.0s     0    0:None      (855420,5070,20100)      (0,0,13240)              855435    (20000,0,0)
+8.5s     0    0:None      (865426,5070,20100)      (0,0,13240)              865441    (20000,0,0)
+9.0s     0    0:None      (875433,5070,20100)      (0,0,13240)              875447    (20000,0,0)
+9.5s     0    0:None      (885481,5070,20100)      (0,0,13240)              885496    (20000,0,0)
+10.0s    0    0:None      (895465,5070,20100)      (0,0,13240)              895480    (20000,0,0)
+10.5s    0    0:None      (905508,5070,20100)      (0,0,13240)              905522    (20000,0,0)
+11.0s    0    0:None      (915492,5070,20100)      (0,0,13240)              915506    (20000,0,0)
+11.5s    0    0:None      (925545,5070,20100)      (0,0,13240)              925558    (20000,0,0)
+12.0s    0    0:None      (935568,5070,20100)      (0,0,13240)              935581    (20000,0,0)
+12.5s    0    0:None      (945583,5070,20100)      (0,0,13240)              945597    (20000,0,0)
+13.0s    0    0:None      (955597,5070,20100)      (0,0,13240)              955610    (20000,0,0)
+13.5s    0    0:None      (965602,5070,20100)      (0,0,13240)              965615    (20000,0,0)
+14.0s    0    0:None      (970632,5070,20100)      (0,0,13240)              970646    (20000,0,0)
+14.5s    0    0:None      (970632,5070,20100)      (0,0,13240)              970646    (20000,0,0)
+15.0s    0    0:None      (970632,5070,20100)      (0,0,13240)              970646    (20000,0,0)
+15.5s    0    0:None      (970632,5070,20100)      (0,0,13240)              970646    (20000,0,0)
+16.0s    0    0:None      (970632,5070,20100)      (0,0,13240)              970646    (20000,0,0)
+16.5s    0    0:None      (970632,5070,20100)      (0,0,13240)              970646    (20000,0,0)
+17.0s    0    0:None      (970632,5070,20100)      (0,0,13240)              970646    (20000,0,0)
+17.5s    0    0:None      (970632,5070,20100)      (0,0,13240)              970646    (20000,0,0)
+18.0s    0    0:None      (970632,5070,20100)      (0,0,13240)              970646    (20000,0,0)
+18.5s    1    0:None      (970632,5070,20100)      (970632,5070,20220)      0         (0,0,0)
+19.0s    1    0:None      (970632,5070,20100)      (970632,5070,20220)      0         (0,0,0)
+19.5s    1    0:None      (970632,5070,20100)      (970632,5070,20220)      0         (0,0,0)
+20.0s    1    0:None      (970632,5070,20100)      (970632,5070,20220)      0         (0,0,0)
+20.5s    1    0:None      (970632,5070,20100)      (970632,5070,20220)      0         (0,0,0)
+21.0s    1    0:None      (970632,5070,20100)      (970632,5070,20220)      0         (0,0,0)
+21.5s    1    0:None      (970632,5070,20100)      (970632,5070,20220)      0         (0,0,0)
+22.0s    1    0:None      (970632,5070,20100)      (970632,5070,20220)      0         (0,0,0)
+22.5s    1    0:None      (970632,5070,20100)      (970632,5070,20220)      0         (0,0,0)
+23.0s    1    0:None      (970632,5070,20100)      (970632,5070,20220)      0         (0,0,0)
+23.5s    1    0:None      (970632,5070,20100)      (970632,5070,20220)      0         (0,0,0)
+24.0s    1    0:None      (970632,5070,20100)      (970632,5070,20220)      0         (0,0,0)
+24.5s    1    0:None      (970632,5070,20100)      (970632,5070,20220)      0         (0,0,0)
+25.0s    1    0:None      (970632,5070,20100)      (970632,5070,20220)      0         (0,0,0)
+25.5s    1    0:None      (970632,5070,20100)      (970632,5070,20220)      0         (0,0,0)
+26.0s    1    0:None      (970632,5070,20100)      (970632,5070,20220)      0         (0,0,0)
+26.5s    1    0:None      (970632,5070,20100)      (970632,5070,20220)      0         (0,0,0)
+27.0s    1    0:None      (970632,5070,20100)      (970632,5070,20220)      0         (0,0,0)
+27.5s    1    0:None      (970632,5070,20100)      (970632,5070,20220)      0         (0,0,0)
+28.0s    1    0:None      (970632,5070,20100)      (970632,5070,20220)      0         (0,0,0)
+28.5s    1    0:None      (970632,5070,20100)      (970632,5070,20220)      0         (0,0,0)
+29.0s    1    0:None      (970632,5070,20100)      (970632,5070,20220)      0         (0,0,0)
+29.5s    1    0:None      (970632,5070,20100)      (970632,5070,20220)      0         (0,0,0)
+30.0s    1    0:None      (970632,5070,20100)      (970632,5070,20220)      0         (0,0,0)
+30.5s    1    0:None      (970632,5070,20100)      (970632,5070,20220)      0         (0,0,0)
+31.0s    1    0:None      (970632,5070,20100)      (970632,5070,20220)      0         (0,0,0)
+31.5s    1    0:None      (970632,5070,20100)      (970632,5070,20220)      0         (0,0,0)
+32.0s    1    0:None      (970632,5070,20100)      (970632,5070,20220)      0         (0,0,0)
+32.5s    1    0:None      (970632,5070,20100)      (970632,5070,20220)      0         (0,0,0)
+33.0s    1    0:None      (970632,5070,20100)      (970632,5070,20220)      0         (0,0,0)
+33.5s    1    0:None      (970632,5070,20100)      (970632,5070,20220)      0         (0,0,0)
+34.0s    1    0:None      (970632,5070,20100)      (970632,5070,20220)      0         (0,0,0)
+34.5s    1    0:None      (970632,5070,20100)      (970632,5070,20220)      0         (0,0,0)
+35.1s    1    0:None      (970632,5070,20100)      (970632,5070,20220)      0         (0,0,0)
+35.6s    1    0:None      (970632,5070,20100)      (970632,5070,20220)      0         (0,0,0)
+36.1s    1    0:None      (970632,5070,20100)      (970632,5070,20220)      0         (0,0,0)
+36.6s    1    0:None      (970632,5070,20100)      (970632,5070,20220)      0         (0,0,0)
+37.1s    ?    ?           ?                        (970632,5070,20220)      ?         ?

*** PROCESS GONE at t=+37.6s -- samples above are still valid. ***

====================================================================================================
VERDICT   (from the 75 observed samples above)
====================================================================================================
  R1 PlayersAttached.Num                 : 1  *** APPEND LANDED ***
  PB bHasStartedGameplay reached 1       : YES  (StartPodGameplay ran)
  pod horizontal displacement over window: 275565 uu
  hero horizontal displacement           : 970646 uu
  max |hero-pod| horizontal              : 970646 uu

  R3 RIDE (the decisive receipt):
    PARTIAL: hero moved 970646 uu, pod 275565, gap<=970646 -- inconclusive; read the per-sample rows.
