====================================================================================================
item_watch  2026-08-05 14:07:42   pid=35340  base=0x7FF681610000
log=G:\git\Supervive Revival Project\docs\s110-itemwatch-menu-20260805-140741.log
csv=G:\git\Supervive Revival Project\docs\s110-itemwatch-menu-20260805-140741.csv
====================================================================================================
FUObjectArray @0x7FF68B448930  objects=0x213712499A0  numElements=189716
chunks: 0x21371FD0008(65536), 0x21496AD0008(65536), 0x21498040008(58644)
live objects: 177229 of 189716 slots

--- CALIBRATION (400 sampled objects) --------------------------------------------------
  InternalIndex @0x10  (matches the array slot for 400/400 objects)
  ObjectFlags  @0x0C  (RF_ClassDefaultObject on 100% of 20 CDOs, 0% of 380 others)
----------------------------------------------------------------------------------------------------
decoys: 256 control objects (half uniform, half from the top 20% of indices, seed=1)
scanning 177229 live objects for class~='AnimSequence' name~=None ...
  scan took 2.1 s, 231 hit(s)
[t=   2.076] +TARGET AnimSequence/A_KaijuHealer_Ability_ChannelHeal_Outro#48681 obj=0x213FCD72A00 item=0x213720ED3E0 idx=48681
           baseline item{obj=0x213FCD72A00 flags=00000002 [1:?] cluster=0 serial=0}
           baseline obj {ObjectFlags=0028000B [Public,Standalone,Transactional,WasLoaded,LoadCompleted]}
           InternalIndex: object says 48681, array slot is 48681 -> AGREE
           from scan
[t=   2.076] +TARGET AnimSequence/A_KaijuHealer_Ability_ChannelHeal_Intro#48682 obj=0x213FCD72600 item=0x213720ED3F8 idx=48682
           baseline item{obj=0x213FCD72600 flags=00000002 [1:?] cluster=0 serial=0}
           baseline obj {ObjectFlags=0028000B [Public,Standalone,Transactional,WasLoaded,LoadCompleted]}
           InternalIndex: object says 48682, array slot is 48682 -> AGREE
           from scan
[t=   2.076] +TARGET AnimSequence/A_KaijuHealer_Ability_ChannelHeal_Loop#48683 obj=0x213FCD72400 item=0x213720ED410 idx=48683
           baseline item{obj=0x213FCD72400 flags=00000002 [1:?] cluster=0 serial=0}
           baseline obj {ObjectFlags=0028000B [Public,Standalone,Transactional,WasLoaded,LoadCompleted]}
           InternalIndex: object says 48683, array slot is 48683 -> AGREE
           from scan
[t=   2.076] +TARGET AnimSequence/A_GenericBiped_JumpIntro#48687 obj=0x213FCD71E00 item=0x213720ED470 idx=48687
           baseline item{obj=0x213FCD71E00 flags=00000002 [1:?] cluster=0 serial=0}
           baseline obj {ObjectFlags=0028000B [Public,Standalone,Transactional,WasLoaded,LoadCompleted]}
           InternalIndex: object says 48687, array slot is 48687 -> AGREE
           from scan
[t=   2.076] +TARGET AnimSequence/A_Glider_Skylands_PutAway#53669 obj=0x21410275800 item=0x2137210A780 idx=53669
           baseline item{obj=0x21410275800 flags=00000002 [1:?] cluster=0 serial=0}
           baseline obj {ObjectFlags=0028000B [Public,Standalone,Transactional,WasLoaded,LoadCompleted]}
           InternalIndex: object says 53669, array slot is 53669 -> AGREE
           from scan
[t=   2.076] +TARGET AnimSequence/A_Glider_Skylands_Loop#53670 obj=0x21410275600 item=0x2137210A798 idx=53670
           baseline item{obj=0x21410275600 flags=00000002 [1:?] cluster=0 serial=0}
           baseline obj {ObjectFlags=0028000B [Public,Standalone,Transactional,WasLoaded,LoadCompleted]}
           InternalIndex: object says 53670, array slot is 53670 -> AGREE
           from scan
[t=   2.077] +TARGET AnimSequence/A_Glider_Skylands_Deploy#53671 obj=0x21410275400 item=0x2137210A7B0 idx=53671
           baseline item{obj=0x21410275400 flags=00000002 [1:?] cluster=0 serial=0}
           baseline obj {ObjectFlags=0028000B [Public,Standalone,Transactional,WasLoaded,LoadCompleted]}
           InternalIndex: object says 53671, array slot is 53671 -> AGREE
           from scan
[t=   2.077] +TARGET AnimSequence/A_Shared_Resurrect_Loop#53779 obj=0x21410274C00 item=0x2137210B1D0 idx=53779
           baseline item{obj=0x21410274C00 flags=00000002 [1:?] cluster=0 serial=0}
           baseline obj {ObjectFlags=0028000B [Public,Standalone,Transactional,WasLoaded,LoadCompleted]}
           InternalIndex: object says 53779, array slot is 53779 -> AGREE
           from scan
[t=   2.077] +TARGET AnimSequence/A_Shared_Resurrect_Intro#53780 obj=0x21410274A00 item=0x2137210B1E8 idx=53780
           baseline item{obj=0x21410274A00 flags=00000002 [1:?] cluster=0 serial=0}
           baseline obj {ObjectFlags=0028000B [Public,Standalone,Transactional,WasLoaded,LoadCompleted]}
           InternalIndex: object says 53780, array slot is 53780 -> AGREE
           from scan
[t=   2.077] +TARGET AnimSequence/A_Shared_Idle#53781       obj=0x21410274800 item=0x2137210B200 idx=53781
           baseline item{obj=0x21410274800 flags=00000002 [1:?] cluster=0 serial=0}
           baseline obj {ObjectFlags=0028000B [Public,Standalone,Transactional,WasLoaded,LoadCompleted]}
           InternalIndex: object says 53781, array slot is 53781 -> AGREE
           from scan
[t=   2.077] +TARGET AnimSequence/A_Shared_Movement_Run_N#53782 obj=0x21410274600 item=0x2137210B218 idx=53782
           baseline item{obj=0x21410274600 flags=00000002 [1:?] cluster=0 serial=0}
           baseline obj {ObjectFlags=0028000B [Public,Standalone,Transactional,WasLoaded,LoadCompleted]}
           InternalIndex: object says 53782, array slot is 53782 -> AGREE
           from scan
[t=   2.077] +TARGET AnimSequence/A_Base_Idle_Breathe#53788 obj=0x21410274400 item=0x2137210B2A8 idx=53788
           baseline item{obj=0x21410274400 flags=00000002 [1:?] cluster=0 serial=0}
           baseline obj {ObjectFlags=0028000B [Public,Standalone,Transactional,WasLoaded,LoadCompleted]}
           InternalIndex: object says 53788, array slot is 53788 -> AGREE
           from scan

--- VERDICT TABLE, registered before the run (docs/next-session-prompt-s110.md S0) --------
  A  item.SerialNumber changes, or item.Object -> a DIFFERENT object
     => SLOT RECYCLED. The object was really destroyed and the index reissued.
  B  item.Object -> 0 (and Flags -> 0), no recycle yet
     => FreeUObjectIndex ran: ~UObjectBase executed. Real destruction.
  C  a new item-flag bit appears before B, and that bit is the one the sweep sees spike
     population-wide  => the REACHABILITY PASS marked it. If we rooted it, the poked bit
     is NOT honoured by this build's GC.
  D  neither the item nor the sweep moves, but the object's vtable/NamePrivate go bad
     => OUT-OF-BAND teardown (package unload / stream-out / explicit destroy), or the
     pointer was never the object we thought. GC was never involved.
  VOID  no target event AND no decoy event => the watcher never showed it can see a change.
----------------------------------------------------------------------------------------------------

[t=   0.000] watching 12 target(s); interval=50 ms sweep=250 ms (stride 1/8)
[t=   2.077] SWEEP#1  live~177216 free~12504  (1-in-8 sample, scaled)  bits: bit1 78%, bit24 1%, bit25 18%, bit30 22%
[t=   5.004] alive  AnimSequence/A_KaijuHealer_Ability_ChannelHeal_Outro#48681 item{obj=0x213FCD72A00 flags=00000002 ser=0} obj{gcAlive}
[t=   5.004] alive  AnimSequence/A_KaijuHealer_Ability_ChannelHeal_Intro#48682 item{obj=0x213FCD72600 flags=00000002 ser=0} obj{gcAlive}
[t=   5.004] alive  AnimSequence/A_KaijuHealer_Ability_ChannelHeal_Loop#48683 item{obj=0x213FCD72400 flags=00000002 ser=0} obj{gcAlive}
[t=   5.004] alive  AnimSequence/A_GenericBiped_JumpIntro#48687 item{obj=0x213FCD71E00 flags=00000002 ser=0} obj{gcAlive}
[t=   5.004] alive  AnimSequence/A_Glider_Skylands_PutAway#53669 item{obj=0x21410275800 flags=00000002 ser=0} obj{gcAlive}
[t=   5.004] alive  AnimSequence/A_Glider_Skylands_Loop#53670 item{obj=0x21410275600 flags=00000002 ser=0} obj{gcAlive}
[t=   5.004] alive  AnimSequence/A_Glider_Skylands_Deploy#53671 item{obj=0x21410275400 flags=00000002 ser=0} obj{gcAlive}
[t=   5.004] alive  AnimSequence/A_Shared_Resurrect_Loop#53779 item{obj=0x21410274C00 flags=00000002 ser=0} obj{gcAlive}
[t=   5.004] alive  AnimSequence/A_Shared_Resurrect_Intro#53780 item{obj=0x21410274A00 flags=00000002 ser=0} obj{gcAlive}
[t=   5.004] alive  AnimSequence/A_Shared_Idle#53781       item{obj=0x21410274800 flags=00000002 ser=0} obj{gcAlive}
[t=   5.004] alive  AnimSequence/A_Shared_Movement_Run_N#53782 item{obj=0x21410274600 flags=00000002 ser=0} obj{gcAlive}
[t=   5.004] alive  AnimSequence/A_Base_Idle_Breathe#53788 item{obj=0x21410274400 flags=00000002 ser=0} obj{gcAlive}
