====================================================================================================
item_watch  2026-08-05 14:17:51   pid=35340  base=0x7FF681610000
log=G:\git\Supervive Revival Project\docs\s110-itemwatch-state-20260805-141751.log
csv=G:\git\Supervive Revival Project\docs\s110-itemwatch-state-20260805-141751.csv
====================================================================================================
FUObjectArray @0x7FF68B448930  objects=0x213712499A0  numElements=189716
chunks: 0x21371FD0008(65536), 0x21496AD0008(65536), 0x21498040008(58644)
live objects: 177229 of 189716 slots

--- CALIBRATION (400 sampled objects) --------------------------------------------------
  InternalIndex @0x10  (matches the array slot for 400/400 objects)
  ObjectFlags  @0x0C  (RF_ClassDefaultObject on 100% of 20 CDOs, 0% of 380 others)
----------------------------------------------------------------------------------------------------
decoys: 64 control objects (half uniform, half from the top 20% of indices, seed=1)
scanning 177229 live objects for class~='AnimSequence' name~='A_Shared_Idle' ...
  scan took 2.2 s, 1 hit(s)
[t=   2.169] +TARGET AnimSequence/A_Shared_Idle#53781       obj=0x21410274800 item=0x2137210B200 idx=53781
           baseline item{obj=0x21410274800 flags=00000001 [0:?] cluster=0 serial=0}
           baseline obj {ObjectFlags=0028000B [Public,Standalone,Transactional,WasLoaded,LoadCompleted]}
           InternalIndex: object says 53781, array slot is 53781 -> AGREE
           from scan

--- VERDICT TABLE, registered before the run (docs/next-session-prompt-s110.md S0) --------
  A  item.SerialNumber changes, or item.Object -> a DIFFERENT object
     => SLOT RECYCLED. The object was really destroyed and the index reissued.
  B  item.Object -> 0 (and Flags -> 0), no recycle yet
     => FreeUObjectIndex ran: ~UObjectBase executed. Real destruction.
  C  a new item-flag bit appears before B, and that bit is the one the sweep sees spike
     population-wide  => the REACHABILITY PASS marked it. If we rooted it, the poked bit
     is NOT honoured by this build's GC.
  D  neither the item nor the sweep moves, but the object's vtable/NamePrivate go bad
     => OUT-OF-BAND teardown (package unload / stream-out / explicit destroy), or the
     pointer was never the object we thought. GC was never involved.
  VOID  no target event AND no decoy event => the watcher never showed it can see a change.
----------------------------------------------------------------------------------------------------

[t=   0.000] watching 1 target(s); interval=50 ms sweep=250 ms (stride 1/8)
[t=   2.169] SWEEP#1  live~177216 free~12504  (1-in-8 sample, scaled)  bits: bit0 78%, bit24 1%, bit25 18%, bit30 22%
           reachability flag currently = bit 0  (the bit most live objects carry; see the header note)
           RootSet(bit30) vs reachability flag, over 22152 sampled live objects:
             rooted       4915, of which      6 (  0%) carry the current flag
             not rooted  17237, of which  17234 (100%) carry the current flag
[t=   5.047] alive  AnimSequence/A_Shared_Idle#53781       item{obj=0x21410274800 flags=00000001 ser=0} obj{gcAlive}
[t=  10.097] alive  AnimSequence/A_Shared_Idle#53781       item{obj=0x21410274800 flags=00000001 ser=0} obj{gcAlive}
[t=  15.102] alive  AnimSequence/A_Shared_Idle#53781       item{obj=0x21410274800 flags=00000001 ser=0} obj{gcAlive}
[t=  20.103] alive  AnimSequence/A_Shared_Idle#53781       item{obj=0x21410274800 flags=00000001 ser=0} obj{gcAlive}
[t=  22.327] AnimSequence/A_Shared_Idle#537 item.Flags 00000001 -> 00000004   [+bit2(?)  -bit0(?)]
[t=  22.377] *** GC PASS #1 *** reachability flag bit0 -> bit2 (live~177208, -8 objects)
[t=  22.377] decoy control: 53 slot(s) changed (#181496 flags 00000001->00000004; #121089 flags 00000001->00000004; #65795 flags 00000001->00000004)
[t=  25.105] alive  AnimSequence/A_Shared_Idle#53781       item{obj=0x21410274800 flags=00000004 ser=0} obj{gcAlive}
[t=  30.155] alive  AnimSequence/A_Shared_Idle#53781       item{obj=0x21410274800 flags=00000004 ser=0} obj{gcAlive}
[t=  35.201] alive  AnimSequence/A_Shared_Idle#53781       item{obj=0x21410274800 flags=00000004 ser=0} obj{gcAlive}
[t=  40.249] alive  AnimSequence/A_Shared_Idle#53781       item{obj=0x21410274800 flags=00000004 ser=0} obj{gcAlive}
[t=  45.252] alive  AnimSequence/A_Shared_Idle#53781       item{obj=0x21410274800 flags=00000004 ser=0} obj{gcAlive}
[t=  50.253] alive  AnimSequence/A_Shared_Idle#53781       item{obj=0x21410274800 flags=00000004 ser=0} obj{gcAlive}
[t=  55.302] alive  AnimSequence/A_Shared_Idle#53781       item{obj=0x21410274800 flags=00000004 ser=0} obj{gcAlive}
[t=  60.348] alive  AnimSequence/A_Shared_Idle#53781       item{obj=0x21410274800 flags=00000004 ser=0} obj{gcAlive}
[t=  65.397] alive  AnimSequence/A_Shared_Idle#53781       item{obj=0x21410274800 flags=00000004 ser=0} obj{gcAlive}
[t=  70.397] alive  AnimSequence/A_Shared_Idle#53781       item{obj=0x21410274800 flags=00000004 ser=0} obj{gcAlive}
[t=  75.042] duration reached

====================================================================================================
SUMMARY  observed 75.0 s, 1443 ticks, 289 sweeps, 419185 RPM calls
  max observed sampling gap: 53 ms  <- ALIASING BOUND: any state shorter than this could
     have been missed, and no 'X never happened' claim below is stronger than that.
  decoy control: 53 event(s) across 64 control objects
  GC PASSES (reachability-flag flips): 1 in 75 s  ->  t = 22.4
     final reachable-flag bit: 2
  GC activity seen at t = 22.4(reach-flip)
  live-object count: start 177216, min 177208 @t=22.4, max 177216 @t=2.2, end 177216

----------------------------------------------------------------------------------------------------
TARGET AnimSequence/A_Shared_Idle#53781   acquired t=2.169 from scan
  obj=0x21410274800  item=0x2137210B200  idx=53781
  BASELINE item{obj=0x21410274800 flags=00000001 [0:?] cluster=0 serial=0}
    t=  22.327  item.Flags 00000001 -> 00000004   [+bit2(?)  -bit0(?)]
  VERDICT: alive at end of watch -- no death observed (aliasing bound 53 ms)
====================================================================================================
log: G:\git\Supervive Revival Project\docs\s110-itemwatch-state-20260805-141751.log
csv: G:\git\Supervive Revival Project\docs\s110-itemwatch-state-20260805-141751.csv
