====================================================================================================
item_watch  2026-08-05 14:22:07   pid=48092  base=0x7FF681610000
log=G:\git\Supervive Revival Project\docs\s110-itemwatch-tut1-20260805-142207.log
csv=G:\git\Supervive Revival Project\docs\s110-itemwatch-tut1-20260805-142207.csv
====================================================================================================
FUObjectArray @0x7FF68B448930  objects=0x2166F119520  numElements=190844
chunks: 0x2166FE70008(65536), 0x21787D20008(65536), 0x217EB0E0008(59772)
live objects: 185139 of 190844 slots

--- CALIBRATION (400 sampled objects) --------------------------------------------------
  InternalIndex @0x10  (matches the array slot for 400/400 objects)
  ObjectFlags  @0x0C  (RF_ClassDefaultObject on 100% of 21 CDOs, 0% of 379 others)
----------------------------------------------------------------------------------------------------
decoys: 256 control objects (half uniform, half from the top 20% of indices, seed=1)
marker: G:\git\Supervive Revival Project\docs\tutorial-launch-marker.txt
  marker is 40616 s old (previous run): skipping its 134 existing lines; only pointers written from now on are adopted

--- VERDICT TABLE, registered before the run (docs/next-session-prompt-s110.md S0) --------
  A  item.SerialNumber changes, or item.Object -> a DIFFERENT object
     => SLOT RECYCLED. The object was really destroyed and the index reissued.
  B  item.Object -> 0 (and Flags -> 0), no recycle yet
     => FreeUObjectIndex ran: ~UObjectBase executed. Real destruction.
  C  a new item-flag bit appears before B, and that bit is the one the sweep sees spike
     population-wide  => the REACHABILITY PASS marked it. If we rooted it, the poked bit
     is NOT honoured by this build's GC.
  D  neither the item nor the sweep moves, but the object's vtable/NamePrivate go bad
     => OUT-OF-BAND teardown (package unload / stream-out / explicit destroy), or the
     pointer was never the object we thought. GC was never involved.
  VOID  no target event AND no decoy event => the watcher never showed it can see a change.
----------------------------------------------------------------------------------------------------

[t=   0.000] watching 0 target(s); interval=50 ms sweep=250 ms (stride 1/8)
[t=   0.018] SWEEP#1  live~185144 free~5704  (1-in-8 sample, scaled)  bits: bit1 79%, bit24 1%, bit25 17%, bit30 21%
           reachability flag currently = bit 1  (the bit most live objects carry; see the header note)
           RootSet(bit30) vs reachability flag, over 23143 sampled live objects:
             rooted       4915, of which      6 (  0%) carry the current flag
             not rooted  18228, of which  18225 (100%) carry the current flag
[t=   1.281] *** GC PASS #1 *** reachability flag bit1 -> bit0 (live~185144, +0 objects)
[t=   1.281] decoy control: 221 slot(s) changed (#166912 flags 00000002->00000001; #185345 flags 00000002->00000001; #155649 flags 00000002->00000001)
[t=   1.532] *** PURGE VISIBLE *** live 185144 -> 180960 (-4184 objects destroyed since the previous sweep)
[t=   1.532] decoy control: 5 slot(s) changed (#131593 obj 0x217E81B2860->0x0 flags 00000002->00000000; #154770 serial 20630->0; #187671 obj 0x218444C5D40->0x0 flags 00000002->00000000)
[t=   1.783] *** PURGE VISIBLE *** live 180960 -> 177336 (-3624 objects destroyed since the previous sweep)
[t=   1.783] decoy control: 8 slot(s) changed (#154770 obj 0x2177BD8EB00->0x0 flags 00000002->00000000; #188113 obj 0x2162902BD10->0x0 flags 00000002->00000000; #188150 obj 0x2162965FC10->0x0 flags 00000002->00000000)
[t=  62.435] *** GC PASS #2 *** reachability flag bit0 -> bit2 (live~177336, -16 objects)
[t=  62.435] decoy control: 221 slot(s) changed (#166912 flags 00000001->00000004; #185345 flags 00000001->00000004; #155649 flags 00000001->00000004)
[t= 123.315] decoy control: 221 slot(s) changed (#166912 flags 00000004->00000002; #185345 flags 00000004->00000002; #155649 flags 00000004->00000002)
[t= 123.568] *** GC PASS #3 *** reachability flag bit2 -> bit1 (live~177336, -16 objects)
  marker TRUNCATED (FK-25: a new injection reopened it CREATE_ALWAYS) -- rewinding
[t= 151.118] decoy control: 14 slot(s) changed (#98313 serial 32804->0; #101944 serial 21881->0; #58007 flags 00000002->00000001)
[t= 151.371] *** PURGE VISIBLE *** live 177344 -> 53016 (-124328 objects destroyed since the previous sweep)
[t= 151.371] *** POPULATION FLAG MOVE *** live~53016  bit20(LoaderImport?) +7pp, bit25(Native) +42pp, bit30(RootSet) +52pp
[t= 151.371] decoy control: 213 slot(s) changed (#166912 obj 0x217E859E980->0x0 flags 00000002->00000000; #185345 obj 0x2182B201780->0x0 flags 00000002->00000000; #155649 obj 0x217F5BC6E50->0x0 flags 00000002->00000000 serial 34910->0)
[t= 151.623] *** POPULATION FLAG MOVE *** live~60872  bit20(LoaderImport?) +10pp, bit25(Native) -8pp, bit26(Async?) +12pp, bit27(AsyncLoading?) +13pp, bit30(RootSet) -10pp
[t= 151.623] decoy control: 33 slot(s) changed (#185345 obj 0x0->0x217FC415E20 flags 00000000->0C100001; #186893 obj 0x0->0x217FD944520 flags 00000000->0C100001; #181753 obj 0x0->0x217EDFC7720 flags 00000000->0C100001)
[t= 151.876] *** GC PASS #4 *** reachability flag bit1 -> bit0 (live~74792, +13920 objects)
[t= 151.876] *** POPULATION FLAG MOVE *** live~74792  bit20(LoaderImport?) +11pp, bit25(Native) -10pp, bit26(Async?) +15pp, bit27(AsyncLoading?) +16pp, bit30(RootSet) -12pp
[t= 151.876] decoy control: 55 slot(s) changed (#166912 obj 0x0->0x217ECCC6280 flags 00000000->0C100001; #165914 obj 0x0->0x217F20860A0 flags 00000000->0C100001; #175137 obj 0x0->0x2177F5DEC50 flags 00000000->0C000001)
[t= 152.129] *** POPULATION FLAG MOVE *** live~93224  bit25(Native) -8pp, bit26(Async?) +13pp, bit27(AsyncLoading?) +14pp, bit30(RootSet) -10pp
[t= 152.129] decoy control: 50 slot(s) changed (#155649 obj 0x0->0x217F63A4700 flags 00000000->0C000001; #161299 obj 0x0->0x217FB614500 flags 00000000->0C000001; #151576 obj 0x0->0x2170379E400 flags 00000000->0C000001)
[t= 152.381] *** POPULATION FLAG MOVE *** live~110840  bit25(Native) -5pp, bit26(Async?) +9pp, bit27(AsyncLoading?) +9pp, bit30(RootSet) -7pp
[t= 152.381] decoy control: 17 slot(s) changed (#138800 obj 0x0->0x216702EB400 flags 00000000->0C100001 serial 0->44064; #140387 obj 0x0->0x2179D526E50 flags 00000000->0C100001; #126063 obj 0x0->0x217F6AC3200 flags 00000000->0C100001)
[t= 152.633] decoy control: 4 slot(s) changed (#122460 obj 0x0->0x2179158A300 flags 00000000->0C000001; #123536 obj 0x0->0x21791497630 flags 00000000->0C100001; #120494 obj 0x0->0x21782574180 flags 00000000->0C100001)
[t= 153.140] decoy control: 7 slot(s) changed (#175137 serial 0->50352; #190092 flags 0C100001->00100001; #181421 flags 0C100001->00100001)
[t= 153.393] *** POPULATION FLAG MOVE *** live~119888  bit26(Async?) -21pp, bit27(AsyncLoading?) -21pp
[t= 153.393] decoy control: 118 slot(s) changed (#166912 flags 0C100001->00100001; #185345 flags 0C100001->00100001; #155649 flags 0C000001->00000001)
[t= 153.645] *** POPULATION FLAG MOVE *** live~120016  bit20(LoaderImport?) -38pp, bit26(Async?) -35pp, bit27(AsyncLoading?) -35pp
[t= 153.645] decoy control: 134 slot(s) changed (#166912 flags 00100001->00000001; #185345 flags 00100001->00000001; #186893 flags 00100001->00000001)
[t= 157.181] decoy control: 2 slot(s) changed (#116357 obj 0x0->0x2163D00B3C0 flags 00000000->00000001; #116360 obj 0x0->0x217EB62A100 flags 00000000->00000001)
[t= 157.433] decoy control: 4 slot(s) changed (#181753 flags 00000001->00100001; #114804 obj 0x0->0x217847FCB00 flags 00000000->0C100001 serial 0->53954; #168076 flags 00000001->00100001)
[t= 157.685] decoy control: 10 slot(s) changed (#181753 flags 00100001->00000001; #190002 flags 00000001->00100001; #166979 flags 00000001->00100001)
[t= 157.938] decoy control: 11 slot(s) changed (#190002 flags 00100001->00000001; #166979 flags 00100001->00000001; #111686 flags 0C100001->00000001)
[t= 158.193] decoy control: 12 slot(s) changed (#190002 flags 00000001->00100001; #105635 obj 0x0->0x217157D88F0 flags 00000000->00000001; #108794 flags 0C100001->00000001)
[t= 158.446] decoy control: 8 slot(s) changed (#98313 obj 0x0->0x216ECA8B400 flags 00000000->0C000001; #190002 flags 00100001->00000001; #101944 obj 0x0->0x217F2588D00 flags 00000000->00000001 serial 0->57314)
[t= 158.698] decoy control: 3 slot(s) changed (#98313 flags 0C000001->00000001; #96328 obj 0x0->0x2177FFAB800 flags 00000000->00000001; #95836 obj 0x0->0x21799F94E80 flags 00000000->00000001 serial 0->57999)
[t= 158.952] decoy control: 3 slot(s) changed (#92919 obj 0x0->0x217B0091320 flags 00000000->00000001; #140053 flags 00100001->00000001; #164791 flags 00100001->00000001)
[t= 159.205] decoy control: 2 slot(s) changed (#160943 serial 0->59456; #88917 obj 0x0->0x217B66C04C0 flags 00000000->00000001)
[t= 159.712] decoy control: 1 slot(s) changed (#168076 flags 00100001->00000001)
[t= 161.228] decoy control: 2 slot(s) changed (#190002 flags 00000001->00100001; #190839 flags 00000001->00100001)
[t= 161.733] decoy control: 2 slot(s) changed (#190735 flags 00000001->00100001; #164791 flags 00000001->00100001)
[t= 161.987] decoy control: 1 slot(s) changed (#86584 obj 0x0->0x217A6438080 flags 00000000->0C000001 serial 0->60031)
[t= 162.241] decoy control: 1 slot(s) changed (#85231 obj 0x0->0x217F246D300 flags 00000000->0C000001)
[t= 162.492] decoy control: 4 slot(s) changed (#86584 flags 0C000001->00000001; #85231 flags 0C000001->00000001; #190735 flags 00100001->00000001)
[t= 162.749] decoy control: 1 slot(s) changed (#83401 obj 0x0->0x217934021C0 flags 00000000->00000001)
[t= 163.001] decoy control: 3 slot(s) changed (#190002 flags 00100001->00000001; #81669 obj 0x0->0x217FECE6670 flags 00000000->00000001; #80195 obj 0x0->0x2177F64AD50 flags 00000000->00000001)
[t= 163.255] decoy control: 3 slot(s) changed (#76294 obj 0x0->0x217AD3AC080 flags 00000000->0C000001; #190839 flags 00100001->00000001; #164791 flags 00000001->00100001)
[t= 163.507] decoy control: 2 slot(s) changed (#76294 flags 0C000001->00000001; #164791 flags 00100001->00000001)
  marker TRUNCATED (FK-25: a new injection reopened it CREATE_ALWAYS) -- rewinding
[t= 182.027] decoy control: 1 slot(s) changed (#75521 obj 0x0->0x2177BB87D20 flags 00000000->00000001)
[t= 184.552] *** GC PASS #5 *** reachability flag bit0 -> bit2 (live~153800, -4416 objects)
[t= 184.552] *** PURGE VISIBLE *** live 158216 -> 153800 (-4416 objects destroyed since the previous sweep)
[t= 184.552] decoy control: 207 slot(s) changed (#166912 flags 00000001->00800004; #185345 flags 00000001->00000004; #155649 flags 00000001->00000004)
[t= 184.805] *** PURGE VISIBLE *** live 153800 -> 150832 (-2968 objects destroyed since the previous sweep)
  marker TRUNCATED (FK-25: a new injection reopened it CREATE_ALWAYS) -- rewinding
[t= 236.481] decoy control: 1 slot(s) changed (#140053 flags 00000004->00100004)
[t= 236.827] +TARGET BlueprintGeneratedClass/BP_Ronin_DefaultSKMeshComponent_C#189885 obj=0x21787703F10 item=0x217EB2389C0 idx=189885
           baseline item{obj=0x21787703F10 flags=00000004 [2:?] cluster=0 serial=63922}
           baseline obj {ObjectFlags=00280009 [Public,Transactional,WasLoaded,LoadCompleted]}
           InternalIndex: object says 189885, array slot is 189885 -> AGREE
           from LoadAsset_Blocking (BlueprintGeneratedClass)
[t= 236.733] decoy control: 1 slot(s) changed (#140053 flags 00100004->00000004)
[t= 237.557] BlueprintGeneratedClass/BP_Ron item.Flags 00000004 -> 40000004   [+bit30(RootSet)  --]
[t= 237.833] +TARGET BP_Ronin_DefaultSKMeshComponent_C/BP_Ronin_DefaultSKMeshComponent_C#189870 obj=0x2162D0FB140 item=0x217EB238858 idx=189870
           baseline item{obj=0x2162D0FB140 flags=00000004 [2:?] cluster=0 serial=63924}
           baseline obj {ObjectFlags=00000000}
           InternalIndex: object says 189870, array slot is 189870 -> AGREE
           from body component (BP_Ronin_DefaultSKMeshComponent_C)
[t= 237.833] +TARGET AnimSequence/A_Ronin_Cosmetic_HeroSelect_Breathe#189847 obj=0x2178A353A00 item=0x217EB238630 idx=189847
           baseline item{obj=0x2178A353A00 flags=00000004 [2:?] cluster=0 serial=63937}
           baseline obj {ObjectFlags=0028000B [Public,Standalone,Transactional,WasLoaded,LoadCompleted]}
           InternalIndex: object says 189847, array slot is 189847 -> AGREE
           from LoadAsset_Blocking (AnimSequence)
[t= 237.760] BlueprintGeneratedClass/BP_Ron state LIVE -> ROOTED+MARK
[t= 238.706] AnimSequence/A_Ronin_Cosmetic_ item.Flags 00000004 -> 40000004   [+bit30(RootSet)  --]
[t= 238.807] AnimSequence/A_Ronin_Cosmetic_ state LIVE -> ROOTED+MARK
[t= 239.564] BP_Ronin_DefaultSKMeshComponen item.Flags 00000004 -> 40000004   [+bit30(RootSet)  --]
[t= 239.564] BP_Ronin_DefaultSKMeshComponen state LIVE -> ROOTED+MARK
[t= 240.724] alive  BlueprintGeneratedClass/BP_Ronin_DefaultSKMeshComponent_C#189885 item{obj=0x21787703F10 flags=40000004 ser=63922} obj{gcAlive}
[t= 240.724] alive  BP_Ronin_DefaultSKMeshComponent_C/BP_Ronin_DefaultSKMeshComponent_C#189870 item{obj=0x2162D0FB140 flags=40000004 ser=63924} obj{gcAlive}
[t= 240.724] alive  AnimSequence/A_Ronin_Cosmetic_HeroSelect_Breathe#189847 item{obj=0x2178A353A00 flags=40000004 ser=63937} obj{gcAlive}
[t= 243.350] +TARGET AnimSingleNodeInstance/AnimSingleNodeInstance#189850 obj=0x217FBB8C4F0 item=0x217EB238678 idx=189850
           baseline item{obj=0x217FBB8C4F0 flags=40000004 [2:?,30:RootSet] cluster=0 serial=0}
           baseline obj {ObjectFlags=00000040 [Transient]}
           item addr: probe 0x217EB238678 vs shim-printed 0x217EB238678  -> AGREE
           InternalIndex: object says 189850, array slot is 189850 -> AGREE
           from ROOT anim-instance (AnimSingleNodeInstance)
[t= 244.357] +TARGET AnimSingleNodeInstance/AnimSingleNodeInstance#189868 obj=0x217FB969D90 item=0x217EB238828 idx=189868
           baseline item{obj=0x217FB969D90 flags=40000004 [2:?,30:RootSet] cluster=0 serial=0}
           baseline obj {ObjectFlags=00000040 [Transient]}
           item addr: probe 0x217EB238828 vs shim-printed 0x217EB238828  -> AGREE
           InternalIndex: object says 189868, array slot is 189868 -> AGREE
           from ROOT anim-instance (AnimSingleNodeInstance)
[t= 245.770] alive  BlueprintGeneratedClass/BP_Ronin_DefaultSKMeshComponent_C#189885 item{obj=0x21787703F10 flags=40000004 ser=63922} obj{gcAlive}
[t= 245.770] alive  BP_Ronin_DefaultSKMeshComponent_C/BP_Ronin_DefaultSKMeshComponent_C#189870 item{obj=0x2162D0FB140 flags=40000004 ser=63924} obj{gcAlive}
[t= 245.770] alive  AnimSequence/A_Ronin_Cosmetic_HeroSelect_Breathe#189847 item{obj=0x2178A353A00 flags=40000004 ser=63937} obj{gcAlive}
[t= 245.770] alive  AnimSingleNodeInstance/AnimSingleNodeInstance#189850 item{obj=0x217FBB8C4F0 flags=40000004 ser=0} obj{gcAlive}
[t= 245.770] alive  AnimSingleNodeInstance/AnimSingleNodeInstance#189868 item{obj=0x217FB969D90 flags=40000004 ser=0} obj{gcAlive}
[t= 248.471] +TARGET AnimSequence/A_Ronin_Movement_OutOfCombat_N#189822 obj=0x21785F7DC00 item=0x217EB2383D8 idx=189822
           baseline item{obj=0x21785F7DC00 flags=00000004 [2:?] cluster=0 serial=63939}
           baseline obj {ObjectFlags=0028000B [Public,Standalone,Transactional,WasLoaded,LoadCompleted]}
           InternalIndex: object says 189822, array slot is 189822 -> AGREE
           from LoadAsset_Blocking (AnimSequence)
[t= 249.194] AnimSequence/A_Ronin_Movement_ item.Flags 00000004 -> 40000004   [+bit30(RootSet)  --]
[t= 249.194] AnimSequence/A_Ronin_Movement_ state LIVE -> ROOTED+MARK
[t= 249.397] BlueprintGeneratedClass/BP_Ron item.Flags 40000004 -> 40000002   [+bit1(?)  -bit2(?)]
[t= 249.397] BP_Ronin_DefaultSKMeshComponen item.Flags 40000004 -> 40000002   [+bit1(?)  -bit2(?)]
[t= 249.397] AnimSequence/A_Ronin_Cosmetic_ item.Flags 40000004 -> 40000002   [+bit1(?)  -bit2(?)]
[t= 249.397] AnimSingleNodeInstance/AnimSin item.Flags 40000004 -> 40000002   [+bit1(?)  -bit2(?)]
[t= 249.448] AnimSequence/A_Ronin_Movement_ item.SerialNumber 63939 -> 0   [non-zero reissue => the index was handed to a new object]
[t= 249.448] AnimSequence/A_Ronin_Movement_ obj.NamePrivate 2056833 -> 0   [NAME_None: ~UObject ran LowLevelRename]
[t= 249.448] AnimSequence/A_Ronin_Movement_ obj.ObjectFlags 0028000B -> 0029800B   [+BeginDestroyed,FinishDestroyed  --]
[t= 249.448] AnimSequence/A_Ronin_Movement_ *** GcAlive() would now return FALSE -- this is the exact moment the shim declares the asset dead ***
[t= 249.448] *** GC PASS #6 *** reachability flag bit2 -> bit1 (live~150872, +0 objects)
[t= 249.448] AnimSingleNodeInstance/AnimSin state ROOTED+MARK -> ROOTED
[t= 249.448] AnimSequence/A_Ronin_Movement_ state ROOTED+MARK -> ROOTED
[t= 249.448] decoy control: 198 slot(s) changed (#166912 flags 00800004->00800002; #185345 flags 00000004->00000002; #155649 flags 00000004->00000002)
[t= 249.499] AnimSingleNodeInstance/AnimSin item.Object 0x217FB969D90 -> 0   [FreeUObjectIndex ran: the UObject was destroyed]
[t= 249.499] AnimSingleNodeInstance/AnimSin item.Flags 40000004 -> 00000000   [+-  -bit2(?),bit30(RootSet)]
[t= 249.499] AnimSingleNodeInstance/AnimSin obj.vtable 0x7FF6895707D8 -> 0x2178777EC50   [OUT OF IMAGE -- freed/overwritten]
[t= 249.499] AnimSingleNodeInstance/AnimSin obj.ObjectFlags 00018040 -> 00000000   [+-  -Transient,BeginDestroyed,FinishDestroyed]
[t= 249.499] AnimSequence/A_Ronin_Movement_ item.Object 0x21785F7DC00 -> 0   [FreeUObjectIndex ran: the UObject was destroyed]
[t= 249.499] AnimSequence/A_Ronin_Movement_ item.Flags 40000004 -> 00000000   [+-  -bit2(?),bit30(RootSet)]
[t= 249.499] AnimSequence/A_Ronin_Movement_ obj.vtable 0x7FF689560680 -> 0x217FA4FE800   [OUT OF IMAGE -- freed/overwritten]
[t= 249.499] AnimSequence/A_Ronin_Movement_ obj.ObjectFlags 0029800B -> 00000000   [+-  -Public,Standalone,Transactional,BeginDestroyed,FinishDestroyed,WasLoaded,LoadCompleted]
[t= 250.814] alive  BlueprintGeneratedClass/BP_Ronin_DefaultSKMeshComponent_C#189885 item{obj=0x21787703F10 flags=40000002 ser=63922} obj{gcAlive}
[t= 250.814] alive  BP_Ronin_DefaultSKMeshComponent_C/BP_Ronin_DefaultSKMeshComponent_C#189870 item{obj=0x2162D0FB140 flags=40000002 ser=63924} obj{gcAlive}
[t= 250.814] alive  AnimSequence/A_Ronin_Cosmetic_HeroSelect_Breathe#189847 item{obj=0x2178A353A00 flags=40000002 ser=63937} obj{gcAlive}
[t= 250.814] alive  AnimSingleNodeInstance/AnimSingleNodeInstance#189850 item{obj=0x217FBB8C4F0 flags=40000002 ser=0} obj{gcAlive}
[t= 255.822] alive  BlueprintGeneratedClass/BP_Ronin_DefaultSKMeshComponent_C#189885 item{obj=0x21787703F10 flags=40000002 ser=63922} obj{gcAlive}
[t= 255.822] alive  BP_Ronin_DefaultSKMeshComponent_C/BP_Ronin_DefaultSKMeshComponent_C#189870 item{obj=0x2162D0FB140 flags=40000002 ser=63924} obj{gcAlive}
[t= 255.822] alive  AnimSequence/A_Ronin_Cosmetic_HeroSelect_Breathe#189847 item{obj=0x2178A353A00 flags=40000002 ser=63937} obj{gcAlive}
[t= 255.822] alive  AnimSingleNodeInstance/AnimSingleNodeInstance#189850 item{obj=0x217FBB8C4F0 flags=40000002 ser=0} obj{gcAlive}
[t= 260.825] alive  BlueprintGeneratedClass/BP_Ronin_DefaultSKMeshComponent_C#189885 item{obj=0x21787703F10 flags=40000002 ser=63922} obj{gcAlive}
[t= 260.825] alive  BP_Ronin_DefaultSKMeshComponent_C/BP_Ronin_DefaultSKMeshComponent_C#189870 item{obj=0x2162D0FB140 flags=40000002 ser=63924} obj{gcAlive}
[t= 260.825] alive  AnimSequence/A_Ronin_Cosmetic_HeroSelect_Breathe#189847 item{obj=0x2178A353A00 flags=40000002 ser=63937} obj{gcAlive}
[t= 260.825] alive  AnimSingleNodeInstance/AnimSingleNodeInstance#189850 item{obj=0x217FBB8C4F0 flags=40000002 ser=0} obj{gcAlive}
[t= 265.872] alive  BlueprintGeneratedClass/BP_Ronin_DefaultSKMeshComponent_C#189885 item{obj=0x21787703F10 flags=40000002 ser=63922} obj{gcAlive}
[t= 265.872] alive  BP_Ronin_DefaultSKMeshComponent_C/BP_Ronin_DefaultSKMeshComponent_C#189870 item{obj=0x2162D0FB140 flags=40000002 ser=63924} obj{gcAlive}
[t= 265.872] alive  AnimSequence/A_Ronin_Cosmetic_HeroSelect_Breathe#189847 item{obj=0x2178A353A00 flags=40000002 ser=63937} obj{gcAlive}
[t= 265.872] alive  AnimSingleNodeInstance/AnimSingleNodeInstance#189850 item{obj=0x217FBB8C4F0 flags=40000002 ser=0} obj{gcAlive}
[t= 269.259] AnimSingleNodeInstance/AnimSin item.Object 0 -> 0x217AD62DB80   [SLOT REUSED by a new object]
[t= 269.259] AnimSingleNodeInstance/AnimSin item.SerialNumber 0 -> 64045   [lazy AllocateSerialNumber: something took a WEAK POINTER to this object -- NOT a recycle]
[t= 269.259] AnimSingleNodeInstance/AnimSin item.Flags 00000000 -> 00000002   [+bit1(?)  --]
[t= 269.309] AnimSequence/A_Ronin_Movement_ item.Object 0 -> 0x2177B6BDB80   [SLOT REUSED by a new object]
[t= 269.309] AnimSequence/A_Ronin_Movement_ item.SerialNumber 0 -> 64049   [lazy AllocateSerialNumber: something took a WEAK POINTER to this object -- NOT a recycle]
[t= 269.309] AnimSequence/A_Ronin_Movement_ item.Flags 00000000 -> 00000002   [+bit1(?)  --]
[t= 269.409] AnimSingleNodeInstance/AnimSin state ROOTED -> LIVE
[t= 269.409] AnimSequence/A_Ronin_Movement_ state ROOTED -> LIVE
[t= 270.873] alive  BlueprintGeneratedClass/BP_Ronin_DefaultSKMeshComponent_C#189885 item{obj=0x21787703F10 flags=40000002 ser=63922} obj{gcAlive}
[t= 270.873] alive  BP_Ronin_DefaultSKMeshComponent_C/BP_Ronin_DefaultSKMeshComponent_C#189870 item{obj=0x2162D0FB140 flags=40000002 ser=63924} obj{gcAlive}
[t= 270.873] alive  AnimSequence/A_Ronin_Cosmetic_HeroSelect_Breathe#189847 item{obj=0x2178A353A00 flags=40000002 ser=63937} obj{gcAlive}
[t= 270.873] alive  AnimSingleNodeInstance/AnimSingleNodeInstance#189850 item{obj=0x217FBB8C4F0 flags=40000002 ser=0} obj{gcAlive}
[t= 275.881] alive  BlueprintGeneratedClass/BP_Ronin_DefaultSKMeshComponent_C#189885 item{obj=0x21787703F10 flags=40000002 ser=63922} obj{gcAlive}
[t= 275.881] alive  BP_Ronin_DefaultSKMeshComponent_C/BP_Ronin_DefaultSKMeshComponent_C#189870 item{obj=0x2162D0FB140 flags=40000002 ser=63924} obj{gcAlive}
[t= 275.881] alive  AnimSequence/A_Ronin_Cosmetic_HeroSelect_Breathe#189847 item{obj=0x2178A353A00 flags=40000002 ser=63937} obj{gcAlive}
[t= 275.881] alive  AnimSingleNodeInstance/AnimSingleNodeInstance#189850 item{obj=0x217FBB8C4F0 flags=40000002 ser=0} obj{gcAlive}
[t= 280.925] alive  BlueprintGeneratedClass/BP_Ronin_DefaultSKMeshComponent_C#189885 item{obj=0x21787703F10 flags=40000002 ser=63922} obj{gcAlive}
[t= 280.925] alive  BP_Ronin_DefaultSKMeshComponent_C/BP_Ronin_DefaultSKMeshComponent_C#189870 item{obj=0x2162D0FB140 flags=40000002 ser=63924} obj{gcAlive}
[t= 280.925] alive  AnimSequence/A_Ronin_Cosmetic_HeroSelect_Breathe#189847 item{obj=0x2178A353A00 flags=40000002 ser=63937} obj{gcAlive}
[t= 280.925] alive  AnimSingleNodeInstance/AnimSingleNodeInstance#189850 item{obj=0x217FBB8C4F0 flags=40000002 ser=0} obj{gcAlive}
[t= 285.927] alive  BlueprintGeneratedClass/BP_Ronin_DefaultSKMeshComponent_C#189885 item{obj=0x21787703F10 flags=40000002 ser=63922} obj{gcAlive}
[t= 285.927] alive  BP_Ronin_DefaultSKMeshComponent_C/BP_Ronin_DefaultSKMeshComponent_C#189870 item{obj=0x2162D0FB140 flags=40000002 ser=63924} obj{gcAlive}
[t= 285.927] alive  AnimSequence/A_Ronin_Cosmetic_HeroSelect_Breathe#189847 item{obj=0x2178A353A00 flags=40000002 ser=63937} obj{gcAlive}
[t= 285.927] alive  AnimSingleNodeInstance/AnimSingleNodeInstance#189850 item{obj=0x217FBB8C4F0 flags=40000002 ser=0} obj{gcAlive}
[t= 290.929] alive  BlueprintGeneratedClass/BP_Ronin_DefaultSKMeshComponent_C#189885 item{obj=0x21787703F10 flags=40000002 ser=63922} obj{gcAlive}
[t= 290.929] alive  BP_Ronin_DefaultSKMeshComponent_C/BP_Ronin_DefaultSKMeshComponent_C#189870 item{obj=0x2162D0FB140 flags=40000002 ser=63924} obj{gcAlive}
[t= 290.929] alive  AnimSequence/A_Ronin_Cosmetic_HeroSelect_Breathe#189847 item{obj=0x2178A353A00 flags=40000002 ser=63937} obj{gcAlive}
[t= 290.929] alive  AnimSingleNodeInstance/AnimSingleNodeInstance#189850 item{obj=0x217FBB8C4F0 flags=40000002 ser=0} obj{gcAlive}
[t= 295.933] alive  BlueprintGeneratedClass/BP_Ronin_DefaultSKMeshComponent_C#189885 item{obj=0x21787703F10 flags=40000002 ser=63922} obj{gcAlive}
[t= 295.933] alive  BP_Ronin_DefaultSKMeshComponent_C/BP_Ronin_DefaultSKMeshComponent_C#189870 item{obj=0x2162D0FB140 flags=40000002 ser=63924} obj{gcAlive}
[t= 295.933] alive  AnimSequence/A_Ronin_Cosmetic_HeroSelect_Breathe#189847 item{obj=0x2178A353A00 flags=40000002 ser=63937} obj{gcAlive}
[t= 295.933] alive  AnimSingleNodeInstance/AnimSingleNodeInstance#189850 item{obj=0x217FBB8C4F0 flags=40000002 ser=0} obj{gcAlive}
[t= 300.936] alive  BlueprintGeneratedClass/BP_Ronin_DefaultSKMeshComponent_C#189885 item{obj=0x21787703F10 flags=40000002 ser=63922} obj{gcAlive}
[t= 300.936] alive  BP_Ronin_DefaultSKMeshComponent_C/BP_Ronin_DefaultSKMeshComponent_C#189870 item{obj=0x2162D0FB140 flags=40000002 ser=63924} obj{gcAlive}
[t= 300.936] alive  AnimSequence/A_Ronin_Cosmetic_HeroSelect_Breathe#189847 item{obj=0x2178A353A00 flags=40000002 ser=63937} obj{gcAlive}
[t= 300.936] alive  AnimSingleNodeInstance/AnimSingleNodeInstance#189850 item{obj=0x217FBB8C4F0 flags=40000002 ser=0} obj{gcAlive}
[t= 305.939] alive  BlueprintGeneratedClass/BP_Ronin_DefaultSKMeshComponent_C#189885 item{obj=0x21787703F10 flags=40000002 ser=63922} obj{gcAlive}
[t= 305.939] alive  BP_Ronin_DefaultSKMeshComponent_C/BP_Ronin_DefaultSKMeshComponent_C#189870 item{obj=0x2162D0FB140 flags=40000002 ser=63924} obj{gcAlive}
[t= 305.939] alive  AnimSequence/A_Ronin_Cosmetic_HeroSelect_Breathe#189847 item{obj=0x2178A353A00 flags=40000002 ser=63937} obj{gcAlive}
[t= 305.939] alive  AnimSingleNodeInstance/AnimSingleNodeInstance#189850 item{obj=0x217FBB8C4F0 flags=40000002 ser=0} obj{gcAlive}
[t= 310.490] BlueprintGeneratedClass/BP_Ron item.Flags 40000002 -> 40000001   [+bit0(?)  -bit1(?)]
[t= 310.490] BP_Ronin_DefaultSKMeshComponen item.Flags 40000002 -> 40000001   [+bit0(?)  -bit1(?)]
[t= 310.490] AnimSequence/A_Ronin_Cosmetic_ item.Flags 40000002 -> 40000001   [+bit0(?)  -bit1(?)]
[t= 310.490] AnimSingleNodeInstance/AnimSin item.Flags 40000002 -> 40000001   [+bit0(?)  -bit1(?)]
[t= 310.490] AnimSingleNodeInstance/AnimSin item.Flags 00000002 -> 00000001   [+bit0(?)  -bit1(?)]
[t= 310.490] AnimSequence/A_Ronin_Movement_ item.Flags 00000002 -> 00000001   [+bit0(?)  -bit1(?)]
[t= 310.590] *** GC PASS #7 *** reachability flag bit1 -> bit0 (live~150872, +0 objects)
[t= 310.590] decoy control: 198 slot(s) changed (#166912 flags 00800002->00800001; #185345 flags 00000002->00000001; #155649 flags 00000002->00000001)
[t= 310.945] alive  BlueprintGeneratedClass/BP_Ronin_DefaultSKMeshComponent_C#189885 item{obj=0x21787703F10 flags=40000001 ser=63922} obj{gcAlive}
[t= 310.945] alive  BP_Ronin_DefaultSKMeshComponent_C/BP_Ronin_DefaultSKMeshComponent_C#189870 item{obj=0x2162D0FB140 flags=40000001 ser=63924} obj{gcAlive}
[t= 310.945] alive  AnimSequence/A_Ronin_Cosmetic_HeroSelect_Breathe#189847 item{obj=0x2178A353A00 flags=40000001 ser=63937} obj{gcAlive}
[t= 310.945] alive  AnimSingleNodeInstance/AnimSingleNodeInstance#189850 item{obj=0x217FBB8C4F0 flags=40000001 ser=0} obj{gcAlive}
[t= 311.348] *** PURGE VISIBLE *** live 150872 -> 148728 (-2144 objects destroyed since the previous sweep)
[t= 311.348] decoy control: 1 slot(s) changed (#81669 obj 0x217FECE6670->0x0 flags 00200002->00000000)
[t= 311.600] *** PURGE VISIBLE *** live 148728 -> 147440 (-1288 objects destroyed since the previous sweep)
[t= 311.600] decoy control: 1 slot(s) changed (#83401 obj 0x217934021C0->0x0 flags 00200002->00000000)
[t= 315.946] alive  BlueprintGeneratedClass/BP_Ronin_DefaultSKMeshComponent_C#189885 item{obj=0x21787703F10 flags=40000001 ser=63922} obj{gcAlive}
[t= 315.946] alive  BP_Ronin_DefaultSKMeshComponent_C/BP_Ronin_DefaultSKMeshComponent_C#189870 item{obj=0x2162D0FB140 flags=40000001 ser=63924} obj{gcAlive}
[t= 315.946] alive  AnimSequence/A_Ronin_Cosmetic_HeroSelect_Breathe#189847 item{obj=0x2178A353A00 flags=40000001 ser=63937} obj{gcAlive}
[t= 315.946] alive  AnimSingleNodeInstance/AnimSingleNodeInstance#189850 item{obj=0x217FBB8C4F0 flags=40000001 ser=0} obj{gcAlive}
[t= 320.947] alive  BlueprintGeneratedClass/BP_Ronin_DefaultSKMeshComponent_C#189885 item{obj=0x21787703F10 flags=40000001 ser=63922} obj{gcAlive}
[t= 320.947] alive  BP_Ronin_DefaultSKMeshComponent_C/BP_Ronin_DefaultSKMeshComponent_C#189870 item{obj=0x2162D0FB140 flags=40000001 ser=63924} obj{gcAlive}
[t= 320.947] alive  AnimSequence/A_Ronin_Cosmetic_HeroSelect_Breathe#189847 item{obj=0x2178A353A00 flags=40000001 ser=63937} obj{gcAlive}
[t= 320.947] alive  AnimSingleNodeInstance/AnimSingleNodeInstance#189850 item{obj=0x217FBB8C4F0 flags=40000001 ser=0} obj{gcAlive}
[t= 325.994] alive  BlueprintGeneratedClass/BP_Ronin_DefaultSKMeshComponent_C#189885 item{obj=0x21787703F10 flags=40000001 ser=63922} obj{gcAlive}
[t= 325.994] alive  BP_Ronin_DefaultSKMeshComponent_C/BP_Ronin_DefaultSKMeshComponent_C#189870 item{obj=0x2162D0FB140 flags=40000001 ser=63924} obj{gcAlive}
[t= 325.994] alive  AnimSequence/A_Ronin_Cosmetic_HeroSelect_Breathe#189847 item{obj=0x2178A353A00 flags=40000001 ser=63937} obj{gcAlive}
[t= 325.994] alive  AnimSingleNodeInstance/AnimSingleNodeInstance#189850 item{obj=0x217FBB8C4F0 flags=40000001 ser=0} obj{gcAlive}
[t= 331.042] alive  BlueprintGeneratedClass/BP_Ronin_DefaultSKMeshComponent_C#189885 item{obj=0x21787703F10 flags=40000001 ser=63922} obj{gcAlive}
[t= 331.042] alive  BP_Ronin_DefaultSKMeshComponent_C/BP_Ronin_DefaultSKMeshComponent_C#189870 item{obj=0x2162D0FB140 flags=40000001 ser=63924} obj{gcAlive}
[t= 331.042] alive  AnimSequence/A_Ronin_Cosmetic_HeroSelect_Breathe#189847 item{obj=0x2178A353A00 flags=40000001 ser=63937} obj{gcAlive}
[t= 331.042] alive  AnimSingleNodeInstance/AnimSingleNodeInstance#189850 item{obj=0x217FBB8C4F0 flags=40000001 ser=0} obj{gcAlive}
[t= 336.044] alive  BlueprintGeneratedClass/BP_Ronin_DefaultSKMeshComponent_C#189885 item{obj=0x21787703F10 flags=40000001 ser=63922} obj{gcAlive}
[t= 336.044] alive  BP_Ronin_DefaultSKMeshComponent_C/BP_Ronin_DefaultSKMeshComponent_C#189870 item{obj=0x2162D0FB140 flags=40000001 ser=63924} obj{gcAlive}
[t= 336.044] alive  AnimSequence/A_Ronin_Cosmetic_HeroSelect_Breathe#189847 item{obj=0x2178A353A00 flags=40000001 ser=63937} obj{gcAlive}
[t= 336.044] alive  AnimSingleNodeInstance/AnimSingleNodeInstance#189850 item{obj=0x217FBB8C4F0 flags=40000001 ser=0} obj{gcAlive}
[t= 341.092] alive  BlueprintGeneratedClass/BP_Ronin_DefaultSKMeshComponent_C#189885 item{obj=0x21787703F10 flags=40000001 ser=63922} obj{gcAlive}
[t= 341.092] alive  BP_Ronin_DefaultSKMeshComponent_C/BP_Ronin_DefaultSKMeshComponent_C#189870 item{obj=0x2162D0FB140 flags=40000001 ser=63924} obj{gcAlive}
[t= 341.092] alive  AnimSequence/A_Ronin_Cosmetic_HeroSelect_Breathe#189847 item{obj=0x2178A353A00 flags=40000001 ser=63937} obj{gcAlive}
[t= 341.092] alive  AnimSingleNodeInstance/AnimSingleNodeInstance#189850 item{obj=0x217FBB8C4F0 flags=40000001 ser=0} obj{gcAlive}
[t= 346.138] alive  BlueprintGeneratedClass/BP_Ronin_DefaultSKMeshComponent_C#189885 item{obj=0x21787703F10 flags=40000001 ser=63922} obj{gcAlive}
[t= 346.138] alive  BP_Ronin_DefaultSKMeshComponent_C/BP_Ronin_DefaultSKMeshComponent_C#189870 item{obj=0x2162D0FB140 flags=40000001 ser=63924} obj{gcAlive}
[t= 346.138] alive  AnimSequence/A_Ronin_Cosmetic_HeroSelect_Breathe#189847 item{obj=0x2178A353A00 flags=40000001 ser=63937} obj{gcAlive}
[t= 346.138] alive  AnimSingleNodeInstance/AnimSingleNodeInstance#189850 item{obj=0x217FBB8C4F0 flags=40000001 ser=0} obj{gcAlive}
[t= 351.188] alive  BlueprintGeneratedClass/BP_Ronin_DefaultSKMeshComponent_C#189885 item{obj=0x21787703F10 flags=40000001 ser=63922} obj{gcAlive}
[t= 351.188] alive  BP_Ronin_DefaultSKMeshComponent_C/BP_Ronin_DefaultSKMeshComponent_C#189870 item{obj=0x2162D0FB140 flags=40000001 ser=63924} obj{gcAlive}
[t= 351.188] alive  AnimSequence/A_Ronin_Cosmetic_HeroSelect_Breathe#189847 item{obj=0x2178A353A00 flags=40000001 ser=63937} obj{gcAlive}
[t= 351.188] alive  AnimSingleNodeInstance/AnimSingleNodeInstance#189850 item{obj=0x217FBB8C4F0 flags=40000001 ser=0} obj{gcAlive}
[t= 356.236] alive  BlueprintGeneratedClass/BP_Ronin_DefaultSKMeshComponent_C#189885 item{obj=0x21787703F10 flags=40000001 ser=63922} obj{gcAlive}
[t= 356.236] alive  BP_Ronin_DefaultSKMeshComponent_C/BP_Ronin_DefaultSKMeshComponent_C#189870 item{obj=0x2162D0FB140 flags=40000001 ser=63924} obj{gcAlive}
[t= 356.236] alive  AnimSequence/A_Ronin_Cosmetic_HeroSelect_Breathe#189847 item{obj=0x2178A353A00 flags=40000001 ser=63937} obj{gcAlive}
[t= 356.236] alive  AnimSingleNodeInstance/AnimSingleNodeInstance#189850 item{obj=0x217FBB8C4F0 flags=40000001 ser=0} obj{gcAlive}
[t= 361.281] alive  BlueprintGeneratedClass/BP_Ronin_DefaultSKMeshComponent_C#189885 item{obj=0x21787703F10 flags=40000001 ser=63922} obj{gcAlive}
[t= 361.281] alive  BP_Ronin_DefaultSKMeshComponent_C/BP_Ronin_DefaultSKMeshComponent_C#189870 item{obj=0x2162D0FB140 flags=40000001 ser=63924} obj{gcAlive}
[t= 361.281] alive  AnimSequence/A_Ronin_Cosmetic_HeroSelect_Breathe#189847 item{obj=0x2178A353A00 flags=40000001 ser=63937} obj{gcAlive}
[t= 361.281] alive  AnimSingleNodeInstance/AnimSingleNodeInstance#189850 item{obj=0x217FBB8C4F0 flags=40000001 ser=0} obj{gcAlive}
[t= 362.850] *** THE GAME PROCESS EXITED *** (watch ends here; this is not a target event)

====================================================================================================
SUMMARY  observed 362.8 s, 7174 ticks, 1435 sweeps, 418430 RPM calls
  max observed sampling gap: 118 ms  <- ALIASING BOUND: any state shorter than this could
     have been missed, and no 'X never happened' claim below is stronger than that.
  decoy control: 2004 event(s) across 256 control objects
  GC PASSES (reachability-flag flips): 7 in 363 s  ->  t = 1.3, 62.4, 123.6, 151.9, 184.6, 249.4, 310.6
     final reachable-flag bit: 0
  GC activity seen at t = 1.3(reach-flip), 1.5(purge), 1.8(purge), 62.4(reach-flip), 123.6(reach-flip), 151.4(purge), 151.4(flagmove), 151.6(flagmove), 151.9(reach-flip), 151.9(flagmove), 152.1(flagmove), 152.4(flagmove), 153.4(flagmove), 153.6(flagmove), 184.6(reach-flip), 184.6(purge), 184.8(purge), 249.4(reach-flip), 310.6(reach-flip), 311.3(purge), 311.6(purge)
  live-object count: start 185144, min 53016 @t=151.4, max 185144 @t=0.0, end 147440

----------------------------------------------------------------------------------------------------
TARGET BlueprintGeneratedClass/BP_Ronin_DefaultSKMeshComponent_C#189885   acquired t=236.827 from LoadAsset_Blocking (BlueprintGeneratedClass)
  obj=0x21787703F10  item=0x217EB2389C0  idx=189885
  BASELINE item{obj=0x21787703F10 flags=00000004 [2:?] cluster=0 serial=63922}
    t= 237.557  item.Flags 00000004 -> 40000004   [+bit30(RootSet)  --]
    t= 237.760  state LIVE -> ROOTED+MARK   (flags=40000004, current reachability bit is 2)
    t= 249.397  item.Flags 40000004 -> 40000002   [+bit1(?)  -bit2(?)]
    t= 310.490  item.Flags 40000002 -> 40000001   [+bit0(?)  -bit1(?)]
  VERDICT: alive at end of watch -- no death observed (aliasing bound 118 ms)
----------------------------------------------------------------------------------------------------
TARGET BP_Ronin_DefaultSKMeshComponent_C/BP_Ronin_DefaultSKMeshComponent_C#189870   acquired t=237.833 from body component (BP_Ronin_DefaultSKMeshComponent_C)
  obj=0x2162D0FB140  item=0x217EB238858  idx=189870
  BASELINE item{obj=0x2162D0FB140 flags=00000004 [2:?] cluster=0 serial=63924}
    t= 239.564  item.Flags 00000004 -> 40000004   [+bit30(RootSet)  --]
    t= 239.564  state LIVE -> ROOTED+MARK   (flags=40000004, current reachability bit is 2)
    t= 249.397  item.Flags 40000004 -> 40000002   [+bit1(?)  -bit2(?)]
    t= 310.490  item.Flags 40000002 -> 40000001   [+bit0(?)  -bit1(?)]
  VERDICT: alive at end of watch -- no death observed (aliasing bound 118 ms)
----------------------------------------------------------------------------------------------------
TARGET AnimSequence/A_Ronin_Cosmetic_HeroSelect_Breathe#189847   acquired t=237.833 from LoadAsset_Blocking (AnimSequence)
  obj=0x2178A353A00  item=0x217EB238630  idx=189847
  BASELINE item{obj=0x2178A353A00 flags=00000004 [2:?] cluster=0 serial=63937}
    t= 238.706  item.Flags 00000004 -> 40000004   [+bit30(RootSet)  --]
    t= 238.807  state LIVE -> ROOTED+MARK   (flags=40000004, current reachability bit is 2)
    t= 249.397  item.Flags 40000004 -> 40000002   [+bit1(?)  -bit2(?)]
    t= 310.490  item.Flags 40000002 -> 40000001   [+bit0(?)  -bit1(?)]
  VERDICT: alive at end of watch -- no death observed (aliasing bound 118 ms)
----------------------------------------------------------------------------------------------------
TARGET AnimSingleNodeInstance/AnimSingleNodeInstance#189850   acquired t=243.350 from ROOT anim-instance (AnimSingleNodeInstance)
  obj=0x217FBB8C4F0  item=0x217EB238678  idx=189850
  BASELINE item{obj=0x217FBB8C4F0 flags=40000004 [2:?,30:RootSet] cluster=0 serial=0}
    t= 249.397  item.Flags 40000004 -> 40000002   [+bit1(?)  -bit2(?)]
    t= 310.490  item.Flags 40000002 -> 40000001   [+bit0(?)  -bit1(?)]
  VERDICT: alive at end of watch -- no death observed (aliasing bound 118 ms)
----------------------------------------------------------------------------------------------------
TARGET AnimSingleNodeInstance/AnimSingleNodeInstance#189868   acquired t=244.357 from ROOT anim-instance (AnimSingleNodeInstance)
  obj=0x217FB969D90  item=0x217EB238828  idx=189868
  BASELINE item{obj=0x217FB969D90 flags=40000004 [2:?,30:RootSet] cluster=0 serial=0}
    t= 249.448  obj.NamePrivate 201153 -> 0   [NAME_None: ~UObject ran LowLevelRename]
    t= 249.448  obj.ObjectFlags 00000040 -> 00018040   [+BeginDestroyed,FinishDestroyed  --]
    t= 249.448  *** GcAlive() would now return FALSE -- this is the exact moment the shim declares the asset dead ***
    t= 249.448  state ROOTED+MARK -> ROOTED   (flags=40000004, current reachability bit is 1)
    t= 249.499  item.Object 0x217FB969D90 -> 0   [FreeUObjectIndex ran: the UObject was destroyed]
    t= 249.499  item.Flags 40000004 -> 00000000   [+-  -bit2(?),bit30(RootSet)]
    t= 249.499  obj.vtable 0x7FF6895707D8 -> 0x2178777EC50   [OUT OF IMAGE -- freed/overwritten]
    t= 249.499  obj.ObjectFlags 00018040 -> 00000000   [+-  -Transient,BeginDestroyed,FinishDestroyed]
    t= 249.803  obj.vtable 0x2178777EC50 -> 0x217F39A4300   [OUT OF IMAGE -- freed/overwritten]
    t= 251.623  obj.vtable 0x217F39A4300 -> 0x217877B6A60   [OUT OF IMAGE -- freed/overwritten]
    t= 251.623  obj.NamePrivate 0 -> 1   [renamed]
    t= 251.825  obj.vtable 0x217877B6A60 -> 0x217886A89E0   [OUT OF IMAGE -- freed/overwritten]
    t= 251.977  obj.vtable 0x217886A89E0 -> 0x216422E91C0   [OUT OF IMAGE -- freed/overwritten]
    t= 252.077  obj.vtable 0x216422E91C0 -> 0x21628C82B60   [OUT OF IMAGE -- freed/overwritten]
    t= 252.077  obj.NamePrivate 1 -> 1851938912   [renamed]
    t= 254.456  obj.vtable 0x21628C82B60 -> 0x2178B2BB920   [OUT OF IMAGE -- freed/overwritten]
    t= 254.456  obj.NamePrivate 1851938912 -> 1851938817   [renamed]
    t= 254.608  obj.vtable 0x2178B2BB920 -> 0x2178A9BF820   [OUT OF IMAGE -- freed/overwritten]
    t= 254.608  obj.NamePrivate 1851938817 -> 186648704   [renamed]
    t= 254.811  obj.vtable 0x2178A9BF820 -> 0x217879A91C0   [OUT OF IMAGE -- freed/overwritten]
    t= 255.165  obj.vtable 0x217879A91C0 -> 0x217EC026E50   [OUT OF IMAGE -- freed/overwritten]
    t= 255.165  obj.NamePrivate 186648704 -> 186648577   [renamed]
    t= 255.367  obj.vtable 0x217EC026E50 -> 0x2177BD51BA0   [OUT OF IMAGE -- freed/overwritten]
    t= 255.367  obj.NamePrivate 186648577 -> 5374022   [renamed]
    t= 255.468  obj.vtable 0x2177BD51BA0 -> 0x217EC1EBD10   [OUT OF IMAGE -- freed/overwritten]
    t= 255.468  obj.NamePrivate 5374022 -> 5373953   [renamed]
    t= 255.620  obj.vtable 0x217EC1EBD10 -> 0x217FB9699A0   [OUT OF IMAGE -- freed/overwritten]
    t= 255.771  obj.vtable 0x217FB9699A0 -> 0x2163DF2C100   [OUT OF IMAGE -- freed/overwritten]
    t= 255.771  obj.NamePrivate 5373953 -> 1   [renamed]
    t= 255.923  obj.vtable 0x2163DF2C100 -> 0x217F5CFD0C0   [OUT OF IMAGE -- freed/overwritten]
    t= 255.973  obj.vtable 0x217F5CFD0C0 -> 0x21640CC6280   [OUT OF IMAGE -- freed/overwritten]
    t= 256.125  obj.vtable 0x21640CC6280 -> 0x217877B89E0   [OUT OF IMAGE -- freed/overwritten]
    t= 256.175  obj.vtable 0x217877B89E0 -> 0x2178FBA4ED0   [OUT OF IMAGE -- freed/overwritten]
    t= 256.175  obj.NamePrivate 1 -> 1851938912   [renamed]
    t= 256.326  obj.vtable 0x2178FBA4ED0 -> 0x2178A9B3730   [OUT OF IMAGE -- freed/overwritten]
    t= 256.326  obj.NamePrivate 1851938912 -> 1851938817   [renamed]
    t= 256.376  obj.vtable 0x2178A9B3730 -> 0x2178FBA4ED0   [OUT OF IMAGE -- freed/overwritten]
    t= 256.579  obj.vtable 0x2178FBA4ED0 -> 0x21640CC2B60   [OUT OF IMAGE -- freed/overwritten]
    t= 256.630  obj.vtable 0x21640CC2B60 -> 0x2178FBA4ED0   [OUT OF IMAGE -- freed/overwritten]
    t= 256.630  obj.NamePrivate 1851938817 -> 5374022   [renamed]
    t= 256.832  obj.vtable 0x2178FBA4ED0 -> 0x0   [OUT OF IMAGE -- freed/overwritten]
    t= 256.832  obj.NamePrivate 5374022 -> 5373953   [renamed]
    t= 256.883  obj.vtable 0x0 -> 0x21629024AE0   [OUT OF IMAGE -- freed/overwritten]
    t= 269.259  item.Object 0 -> 0x217AD62DB80   [SLOT REUSED by a new object]
    t= 269.259  item.SerialNumber 0 -> 64045   [lazy AllocateSerialNumber: something took a WEAK POINTER to this object -- NOT a recycle]
    t= 269.259  item.Flags 00000000 -> 00000002   [+bit1(?)  --]
    t= 269.409  state ROOTED -> LIVE   (flags=00000002, current reachability bit is 1)
    t= 310.490  item.Flags 00000002 -> 00000001   [+bit0(?)  -bit1(?)]
  VERDICT: A  SLOT RECYCLED at t=269.259 -- the object was really destroyed and its index reissued.
           C  a NEW item-flag bit appeared first, at t=269.259 (-19.810 s before the object went bad) -- something marked this slot.
           NOTE a weak pointer was taken on this object at t=269.259 (lazy serial allocation) -- something in the engine WAS referencing it.
           GC activity (reach-flip) was visible at t=249.4, i.e. concurrent with the death.
----------------------------------------------------------------------------------------------------
TARGET AnimSequence/A_Ronin_Movement_OutOfCombat_N#189822   acquired t=248.471 from LoadAsset_Blocking (AnimSequence)
  obj=0x21785F7DC00  item=0x217EB2383D8  idx=189822
  BASELINE item{obj=0x21785F7DC00 flags=00000004 [2:?] cluster=0 serial=63939}
    t= 249.194  item.Flags 00000004 -> 40000004   [+bit30(RootSet)  --]
    t= 249.194  state LIVE -> ROOTED+MARK   (flags=40000004, current reachability bit is 2)
    t= 249.448  item.SerialNumber 63939 -> 0   [non-zero reissue => the index was handed to a new object]
    t= 249.448  obj.NamePrivate 2056833 -> 0   [NAME_None: ~UObject ran LowLevelRename]
    t= 249.448  obj.ObjectFlags 0028000B -> 0029800B   [+BeginDestroyed,FinishDestroyed  --]
    t= 249.448  *** GcAlive() would now return FALSE -- this is the exact moment the shim declares the asset dead ***
    t= 249.448  state ROOTED+MARK -> ROOTED   (flags=40000004, current reachability bit is 1)
    t= 249.499  item.Object 0x21785F7DC00 -> 0   [FreeUObjectIndex ran: the UObject was destroyed]
    t= 249.499  item.Flags 40000004 -> 00000000   [+-  -bit2(?),bit30(RootSet)]
    t= 249.499  obj.vtable 0x7FF689560680 -> 0x217FA4FE800   [OUT OF IMAGE -- freed/overwritten]
    t= 249.499  obj.ObjectFlags 0029800B -> 00000000   [+-  -Public,Standalone,Transactional,BeginDestroyed,FinishDestroyed,WasLoaded,LoadCompleted]
    t= 249.803  obj.vtable 0x217FA4FE800 -> 0x7FF688E04A30   [still in image]
    t= 249.803  obj.NamePrivate 0 -> 549   [renamed]
    t= 250.107  obj.vtable 0x7FF688E04A30 -> 0x2166A457E00   [OUT OF IMAGE -- freed/overwritten]
    t= 250.107  obj.NamePrivate 549 -> 0   [NAME_None: ~UObject ran LowLevelRename]
    t= 269.309  item.Object 0 -> 0x2177B6BDB80   [SLOT REUSED by a new object]
    t= 269.309  item.SerialNumber 0 -> 64049   [lazy AllocateSerialNumber: something took a WEAK POINTER to this object -- NOT a recycle]
    t= 269.309  item.Flags 00000000 -> 00000002   [+bit1(?)  --]
    t= 269.409  state ROOTED -> LIVE   (flags=00000002, current reachability bit is 1)
    t= 289.868  obj.vtable 0x2166A457E00 -> 0x217FD569A00   [OUT OF IMAGE -- freed/overwritten]
    t= 310.490  item.Flags 00000002 -> 00000001   [+bit0(?)  -bit1(?)]
    t= 334.833  obj.vtable 0x217FD569A00 -> 0x217869CD800   [OUT OF IMAGE -- freed/overwritten]
  VERDICT: A  SLOT RECYCLED at t=249.448 -- the object was really destroyed and its index reissued.
           C  a NEW item-flag bit appeared first, at t=249.194 (0.254 s before the object went bad) -- something marked this slot.
           NOTE a weak pointer was taken on this object at t=269.309 (lazy serial allocation) -- something in the engine WAS referencing it.
           GC activity (reach-flip) was visible at t=249.4, i.e. concurrent with the death.
====================================================================================================
log: G:\git\Supervive Revival Project\docs\s110-itemwatch-tut1-20260805-142207.log
csv: G:\git\Supervive Revival Project\docs\s110-itemwatch-tut1-20260805-142207.csv
