[0] tutorial_launch (force-open LVL_Tutorial via ExecuteConsoleCommand) started
[0] command (default fallback): 'open LVL_Tutorial?game=/Game/Loki/Core/GameModes/BP_LokiGameMode_Tutorial.BP_LokiGameMode_Tutorial_C'
[BF] RM_BOTFIGHT (S147): minimum bot-fight loop. Read-only recon always; WALL P (bind/
[BF] grant/eligibility/natural input) and WALL E (spawn/team/damage) each gated by a KBFARMS bit. Grade the
[BF] decision-critical bot-team read + the InitAbilityActorInfo bind (never called in 31
[BF] sessions). Stage into a TUTORIAL WORLD (gft -> fo -> sp -> this).
[BF] KFUNCSWAP=1: game-thread callbacks via UFunction.Func (+0xE0) -- NO .text write
[FS] cfg KFUNCSWAP=1 max=0 name='' profileMs=4000 watchMs=8000 reportMs=15000 rearmMs=60000 | pi=0x7FF7B3E254A0 stub=0x1C2CFD48C00 funcCls=0x1C14163B000 gameTid=2360
[BF] ===== RM_BOTFIGHT: minimum bot-fight loop (roadmap-s142) =====
[BF] KBFARMS=0xC6 (bit0 spawn, bit1 bind, bit2 grant, bit3 activate, bit4 damage, bit5 wirebot, bit6 alive, bit7 GAS attrs)
[FS] arm: swapped=17704 BP UFunctions  (scan 3359 ms over 156682 objects, 34394 UFunctions total) -- NO .text WRITE
[BF] PC=0x1C11CEF2770 hero=0x1C2EAE4AAC0(BP_HERO_Ronin_C) PlayerState=0x1C2728B7780(BP_LokiPlayerState_C)
[BF] player ASC (hero+0xF00) = 0x1C2AAB80100 (present -- WireAbilitySystem already ran, e.g. via play)
[GAS] PLAYER-PRE ASC 0x1C2AAB80100 Owner@0x408=0x1C298412500(LokiPlayerState_HeroAffiliated) Avatar@0x410=0x1C2EAE4AAC0(BP_HERO_Ronin_C)   *** AVATAR IS THE HERO -- BOUND ***
[BF] player ActivatableAbilities Num = 6
[BF] player teamOff=0xE88 teamIndex=-1
[BF] hero.Ability1         @0x1F00 = 0x1C2B70D9D90 (GS_Ronin_LMB_Selector_C)
[BF] hero.Ability2         @0x1F08 = 0x1C10D108200 (GS_Ronin_Special_Selector_C)
[BF] hero.Ability3         @0x1F10 = 0x1C2B70D2380 (GS_Ronin_MiniDash_Charges_C)
[BF] hero.AbilityDodgeRoll @0x1F18 = 0x1C10D1085F0 (GS_TetherHook_Swapper_C)
[FS] hot: 0 distinct UFunctions dispatched on the GAME THREAD in the first 4000 ms
[FS]   (none -- the swapped functions are not being dispatched on the game thread)
[BS] census BF-A0    BotOrAIController-chain=6  LokiHeroCharacter-chain=2  (137725 objects, 1024 classes memoised, 3718 ms)
[BF] baseline census: botOrAIControllers=6 heroCharacters=2
[BF] ---- K_BIND: WireAbilitySystem + InitAbilityActorInfo (the S111 never-run bind) ----
[GAS] ===== S101: driving LokiPlayerState's own ability-system wiring chain =====
[GAS] PlayerState @0x3C0 = 0x1C2728B7780 (BP_LokiPlayerState_C)
[GAS] BEFORE AbilitySystemComponentStorage  @0xF00 = 0x1C2AAB80100 (LokiAbilitySystemComponent)
[GAS] BEFORE AttributeSetStorage            @0xF08 = 0x1C1510A1710 (LokiAttributeSet)
[GAS] BEFORE AttributeSetHealthStorage      @0xF10 = 0x1C1510A1F20 (LokiAttributeSetHealth)
[FF] CallNative frame=ZEROONLY (0x48..0x80 zeroed)
[GAS] BEFORE IsAbilitySystemInitialized -> parm@0x0=0 res=0
[GAS] HeroAffiliatedObject@0x4F8 = 0x1C298412500
[GAS] BEFORE ASC 0x1C2AAB80100 Owner@0x408=0x1C298412500(LokiPlayerState_HeroAffiliated) Avatar@0x410=0x1C2EAE4AAC0(BP_HERO_Ronin_C)   *** AVATAR IS THE HERO -- BOUND ***
[GAS] cache: already populated (0x1C2AAB80100) -> leaving it alone
[GAS] step1 heroClass(BP_HERO_Ronin_C)=0x1C2B70D46F0
[FF] CallNative frame=ZEROONLY (0x48..0x80 zeroed)
[GAS] step1 ServerSetHeroClass(NewClass@0x0) ok
[GAS] step1 HeroClass@0x620 = 0x1C2B70D46F0 (already set)
[GAS] PlayerState Role@0x160=3 RemoteRole@0x72=1  (3=ROLE_Authority)
[GAS] hero Role@0x160=3
[FF] CallNative frame=ZEROONLY (0x48..0x80 zeroed)
[GAS] GetHeroAsset -> 0x1C20E878940 (BP_HeroAsset_Ronin_C)
[FF] CallNative frame=ZEROONLY (0x48..0x80 zeroed)
[FOW] GAS step2: OnRep_HeroClass (native) ok
[FF] CallNative frame=ZEROONLY (0x48..0x80 zeroed)
[FOW] GAS step3: TryUpdateAbilitySystem (native) ok
[GAS] AFTER  AbilitySystemComponentStorage  @0xF00 = 0x1C2AAB80100 (LokiAbilitySystemComponent)
[GAS] AFTER  AttributeSetStorage            @0xF08 = 0x1C1510A1710 (LokiAttributeSet)
[GAS] AFTER  AttributeSetHealthStorage      @0xF10 = 0x1C1510A1F20 (LokiAttributeSetHealth)
[GAS] AFTER  ASC 0x1C2AAB80100 Owner@0x408=0x1C298412500(LokiPlayerState_HeroAffiliated) Avatar@0x410=0x1C2EAE4AAC0(BP_HERO_Ronin_C)   *** AVATAR IS THE HERO -- BOUND ***
[FF] CallNative frame=ZEROONLY (0x48..0x80 zeroed)
[GAS] AFTER  IsAbilitySystemInitialized -> parm@0x0=0 res=0
[FF] CallNative frame=ZEROONLY (0x48..0x80 zeroed)
[GAS] GetLokiAbilitySystem_BP -> 0x1C2AAB80100 (LokiAbilitySystemComponent)
[GAS] ===== RESULT: initialised 0 -> 0  *** STILL NOT INITIALISED *** =====
[BF] InitAbilityActorInfo(ASC=0x1C2AAB80100, Owner=0x1C298412500(LokiPlayerState_HeroAffiliated,mode=0), Avatar=hero=0x1C2EAE4AAC0)
[BF] InitAbilityActorInfo returned ok
[GAS] PLAYER-POST-BIND ASC 0x1C2AAB80100 Owner@0x408=0x1C298412500(LokiPlayerState_HeroAffiliated) Avatar@0x410=0x1C2EAE4AAC0(BP_HERO_Ronin_C)   *** AVATAR IS THE HERO -- BOUND ***
[BF] ---- K_GRANT (native GiveAbility): ability=0x1C2B70D9D90(GS_Ronin_LMB_Selector_C) CDO=0x1C28E636930(Default__GS_Ronin_LMB_Selector_C) ----
[BF] spec built=ok Ability@+0x10=0x1C28E636930(== CDO) Handle@+0xC=7 Level@+0x20=1 InputID@+0x24=3 Source@+0x30=0x1C2EAE4AAC0
[BF] auth gate bCachedIsNetSimulated@+0x800=0 (0 => IsOwnerActorAuthoritative==true => grant proceeds)
[BF] grant virtual [vtbl+0x778] = 0x7FF7B800DC80 (expect base+0x552DC80 = 0x7FF7B800DC80) MATCH
[BF] grant(native) ok ; ActivatableAbilities(Items.Num@0x540) 6 -> 7 ; outHandle=7 *** ABILITY GRANTED (engine GiveAbility, committed in-hook) ***
[BF] ---- K_ALIVE: hero LivingState@+0x1090 = 1 (0=Dead 1=Alive 2=Knocked) ----
[BF] K_ALIVE: LivingState already 1 (no poke)
[BF] ---- K_GASATTR APPLY: borrow player AttributeSets + write the complete movement block ----
[FS] *** ARMED AND LIVE: hitsGT=1 allThreadCalls=1 after 8000 ms (~0 game-thread dispatches/s) ***
[BF] K_GASATTR source CDO=0x1C15109FB00 class=LokiPlayerState_HeroAffiliated (default subobjects only; never spawned)
[BF] K_GASATTR src AttributeSet       @0x3F0 = 0x1C1510A1710 class=LokiAttributeSet
[BF] K_GASATTR src AttributeSetHealth @0x3F8 = 0x1C1510A1F20 class=LokiAttributeSetHealth
[BF] K_GASATTR APPLY dst AttributeSetStorage          @0xF08 before=0x1C1510A1710 after=0x1C1510A1710 expected=0x1C1510A1710 OK
[BF] K_GASATTR APPLY dst AttributeSetHealthStorage    @0xF10 before=0x1C1510A1F20 after=0x1C1510A1F20 expected=0x1C1510A1F20 OK
[BF] K_GASATTR APPLY attr MoveSpeed                    @0xF0 Base@+0x8=500 Current@+0xC=500 expected=500 OK
[BF] K_GASATTR APPLY attr MaxMoveSpeed                 @0x100 Base@+0x8=500 Current@+0xC=500 expected=500 OK
[BF] K_GASATTR APPLY attr MaxAcceleration              @0x120 Base@+0x8=50000 Current@+0xC=50000 expected=50000 OK
[BF] K_GASATTR APPLY attr GroundFriction               @0x130 Base@+0x8=8 Current@+0xC=8 expected=8 OK
[BF] K_GASATTR APPLY attr BrakingDecelerationWalking   @0x140 Base@+0x8=2048 Current@+0xC=2048 expected=2048 OK
[BF] K_GASATTR APPLY attr Mass                         @0x170 Base@+0x8=100 Current@+0xC=100 expected=100 OK
[BF] K_GASATTR APPLY summary: destination readbacks 2/2 (required 2/2) ; attribute readbacks 6/6 (required 6/6)
[E4] ================ S191 E4: SPAWN + SEED THE HOSTILE TARGET MINION ================
[E4] hero loc=(0.0,0.0,13240.0) rot(P/Y/R)=(0.0,106.1,0.0) haveRot=yes forward=(-0.278,0.961) -> target loc=(-55.6,192.1,13240.0) (200 uu forward)
[FS] t=+15s hitsGT=1 called=0 allThreadCalls=1 swapped=17704
[SEQ] seqClass=0x1C293BAC8E0 gm=0x1C188FC09A0 gsCDO=0x1C150EEA140 begin=0x7FF7B62DEEC0 finish=0x7FF7B62E2CC0 vol=(283,277,-250)
[SEQ] BEFORE: TrainingQuest=0  Sequencer=0
[E4] target candidate BP_Minion_TargetBot_TTK_C                      -> not loaded
[E4] target candidate BP_Minion_KaijuAxeLeader_Stagger_Tutorial_C    -> RESIDENT
[E4] target candidate BP_Minion_SquadLeader_C                        -> RESIDENT
[E4] target candidate BP_Minion_KaijuAxeLeader_C                     -> RESIDENT
[FS] t=+30s hitsGT=1 called=0 allThreadCalls=1 swapped=17704
[E4] target candidate BP_Minion_Ghost_C                              -> RESIDENT
[E4] target candidate BP_Minion_VaultGuardShooter_C                  -> RESIDENT
[E4] target candidate BP_Minion_C                                    -> RESIDENT
[E4] selected target class = BP_Minion_KaijuAxeLeader_Stagger_Tutorial_C @0x1C288EFCCD0
[BS] census E4-pre   BotOrAIController-chain=6  LokiHeroCharacter-chain=2  (137726 objects, 1024 classes memoised, 3844 ms)
[XF] KXFORMFIX=1  Scale3D@0x40  copy=0x60 bytes  (B.xform@0x10 coll@0x70)  scale=(1.00,1.00,1.00)
[FF] CallNative frame=ZEROONLY (0x48..0x80 zeroed)
[FF] CallNative frame=ZEROONLY (0x48..0x80 zeroed)
[QST] e4-target FinishSpawning -> res=0x1C30112DB70 par=0x0 | proxy(root)=null
[E4] TARGET_SPAWNED minion=0x1C30112DB70(BP_Minion_KaijuAxeLeader_Stagger_Tutorial_C) loc=(-55.6,192.1,13240.0) dxyFromHero=(-55.6,192.1)
[E4] minion PlayerState=0x0 MinionTeamID=100 (100 => enemy of the player; do NOT poke -- WALL E [M] favorable)
[E4] minion ASC(minion+AbilitySystemComponentStorage)=0x1C215094D80(LokiAbilitySystemComponent)
[E4] InitAbilityActorInfo ok ; netsim@+0x800 0->0 ; AvatarActor@+0x410=0x1C30112DB70 == minion (BOUND)
[E4] TARGET_SET_RESOLVE set=0x1C2B4B8E500(LokiAttributeSetHealth) healthOff=0x70 maxOff=0x80
[E4] TARGET_SET_REGISTER setInSpawned=yes spawnedNum=2 (constructor-registered; no append needed)
[E4] pre-seed Health(Base/Curr)=00000000/00000000 Max(Base/Curr)=00000000/00000000
[E4] TARGET_SEEDED result=ok seedBits=42C80000 Health=42C80000/42C80000 Max=42C80000/42C80000 wr(h=1,m=1) exact=yes
[E4Q] pre-activate: pASC=0x1C2AAB80100 minionPreHP=100.00 g_modBase=0x7FF7B2AE0000
[E4Q] Items header: Data=0x1C2A2700040 Num=7
[E4Q] target spec[0]@0x1C2A2700040 Handle=1 InputID=3
[E4Q] E4Q_CALL_ISSUE: raw call fn=0x7FF7B6F73420(=ImageBase+0x4493420) ASC=0x1C2AAB80100 Handle=1 bAllowRemote=1 EventData=stackBuf ; tStart=661623968
[E4Q] E4Q_RESULT faulted=no retBool=0 elapsedMs=0 minPreHP=100.00 minPostHP=100.00 dHP=+0.00 preBits=42C80000/42C80000 postBits=42C80000/42C80000  return=false clean -- Handle rejected by inline FindAbilitySpecFromHandle (invalid Handle warning likely emitted), OR downstream check failed
[E4] E4_COMPLETE RESULT=TARGET_READY -- after the shim disarms, send a SHORT LMB tap (<240ms) and watch the minion Health -> 0
[BS] census BF-A2    BotOrAIController-chain=7  LokiHeroCharacter-chain=2  (137837 objects, 1024 classes memoised, 3969 ms)
[BF] post census: botOrAIControllers 6 -> 7 ; heroCharacters 2 -> 2
[BF] ===== RM_BOTFIGHT done =====
[FS] disarm: restored=17704 of 17704 swapped (scan 4265 ms, 34394 UFunctions live)
[BF] worker done (hits=1 hitsGT=1)
