[LIVE] ASC=0x1C2AAB80100  Items.Data=0x1C27ADB4ED0  Num=1  Max=4  (expected Data=0x1C27ADB4ED0)

[SPEC[0]] full dump at 0x1C27ADB4ED0 (0xF8 bytes):
  +0x000: 01 00 00 00 00 00 00 00 ff ff ff ff 01 00 00 00
  +0x010: 30 69 63 8e c2 01 00 00 00 00 00 00 00 00 00 00
  +0x020: 01 00 00 00 03 00 00 00 00 00 00 00 69 00 6c 00
  +0x030: c0 aa e4 ea c2 01 00 00 00 00 78 00 65 00 63 00
  +0x040: 00 00 00 00 00 00 00 00 00 00 00 00 00 00 00 00
  +0x050: 00 00 00 00 00 00 00 00 00 00 00 00 00 00 00 00
  +0x060: 00 00 00 00 00 00 00 00 00 00 00 00 00 00 00 00
  +0x070: 00 00 00 00 00 00 00 00 00 00 00 00 00 00 00 00
  +0x080: 00 00 00 00 00 00 00 00 00 00 00 00 00 00 00 00
  +0x090: c0 8b e2 04 c1 01 00 00 01 00 00 00 04 00 00 00
  +0x0A0: ff ff ff ff 00 00 00 00 00 00 00 00 00 00 00 00
  +0x0B0: 00 00 00 00 00 00 00 00 00 d6 7a 0d c2 01 00 00
  +0x0C0: 60 45 6d ba f7 7f 00 00 00 00 00 00 00 00 00 00
  +0x0D0: 00 00 00 00 80 00 00 00 ff ff ff ff 00 00 00 00
  +0x0E0: 00 00 00 00 00 00 00 00 00 00 00 00 00 00 00 00
  +0x0F0: 00 00 00 00 44 00 47 00

[SPEC[0] NAMED FIELDS]:
  +0x00  ??:                    0x1
  +0x08  ??:                    0x1FFFFFFFF
  +0x0C  Handle:                1
  +0x10  Ability:               0x1C28E636930
  +0x18  ??:                    0x0
  +0x20  Level:                 1
  +0x24  InputID:               3
  +0x28  bIsBeingDestroyed?:    0
  +0x30  Source (weakobj+ser):  0x1C2EAE4AAC0 0x780000
  +0x38  ??:                    0x63006500780000
  +0x39  flag byte (S159):      0x00  (bits 01=InputPressed 02=RemoveAfterActivation 04=PendingRemove 08=bActivateOnce 10=? 40=?)
  +0x3A  ??:                    0x78
  +0x40  ??:                    0x0
  +0x48  ??:                    0x0
  +0x50  ??:                    0x0
  +0x58  ??:                    0x0
  +0x60  ??:                    0x0
  +0x68  ??:                    0x0
  +0x70  ??:                    0x0
  +0x78  ??:                    0x0
  +0x80  NonRep.Data:           0x0
  +0x88  NonRep.Num:            0
  +0x8C  NonRep.Max:            0
  +0x90  Rep.Data:              0x1C104E28BC0
  +0x98  Rep.Num:               1
  +0x9C  Rep.Max:               4
  +0xA0  ??:                    0xFFFFFFFF
  +0xA8  ??:                    0x0
  +0xB0  ??:                    0x0
  +0xB8  ??:                    0x1C20D7AD600
  +0xC0  ??:                    0x7FF7BA6D4560
  +0xC8  ??:                    0x0
  +0xD0  ??:                    0x8000000000
  +0xD8  ??:                    0xFFFFFFFF
  +0xE0  ??:                    0x0
  +0xE8  ??:                    0x0
  +0xF0  ??:                    0x47004400000000

[Ability CDO @ 0x1C28E636930]:
  +0xEE:  0x01
  +0x0E0: ff ff ff ff 00 00 00 00  (u64=0xFFFFFFFF)
  +0x0E8: 00 00 00 00 01 01 01 01  (u64=0x101010100000000)
  +0x0F0: 00 00 00 00 00 00 00 00  (u64=0x0)
  +0x0F8: 00 00 00 00 00 00 00 00  (u64=0x0)
  +0x100: 00 00 00 00 00 00 00 00  (u64=0x0)
  +0x108: 00 00 00 00 00 00 00 00  (u64=0x0)
  +0x110: 00 00 00 00 00 00 00 00  (u64=0x0)
