base=0x7FF632800000
num objects = 197988
UFunction candidates matching Auth*/Server*/*Cheat*: 624

name                                          outer                                    func_rva     verdict    notes
----------------------------------------------------------------------------------------------------------------------------------
AuthHasActiveGameplayEffect                   AbilitySystemComponent                   0x04411AD0   REAL       (45 insns before first ret)
ServerAbilityRPCBatch                         AbilitySystemComponent                   0x04418930   UNREADABLE (UNREADABLE)
ServerCancelAbility                           AbilitySystemComponent                   0x04418BA0   UNREADABLE (UNREADABLE)
ServerCurrentMontageJumpToSectionName         AbilitySystemComponent                   0x04418CD0   UNREADABLE (UNREADABLE)
ServerCurrentMontageSetNextSectionName        AbilitySystemComponent                   0x04418DE0   UNREADABLE (UNREADABLE)
ServerCurrentMontageSetPlayRate               AbilitySystemComponent                   0x04418F70   UNREADABLE (UNREADABLE)
ServerEndAbility                              AbilitySystemComponent                   0x04419080   UNREADABLE (UNREADABLE)
ServerNotifyUnhandledServerInitiatedAbility   AbilitySystemComponent                   0x04419230   UNREADABLE (UNREADABLE)
ServerPrintDebug_Request                      AbilitySystemComponent                   0x04419330   UNREADABLE (UNREADABLE)
ServerPrintDebug_RequestWithStrings           AbilitySystemComponent                   0x04419380   UNREADABLE (UNREADABLE)
ServerSetInputPressed                         AbilitySystemComponent                   0x04419470   UNREADABLE (UNREADABLE)
ServerSetInputReleased                        AbilitySystemComponent                   0x04419520   UNREADABLE (UNREADABLE)
ServerSetReplicatedEvent                      AbilitySystemComponent                   0x044195D0   UNREADABLE (UNREADABLE)
ServerSetReplicatedEventWithPayload           AbilitySystemComponent                   0x044197B0   UNREADABLE (UNREADABLE)
ServerSetReplicatedTargetData                 AbilitySystemComponent                   0x04419A00   UNREADABLE (UNREADABLE)
ServerSetReplicatedTargetDataCancelled        AbilitySystemComponent                   0x04419C70   UNREADABLE (UNREADABLE)
ServerTryActivateAbility                      AbilitySystemComponent                   0x04419E10   UNREADABLE (UNREADABLE)
ServerTryActivateAbilityWithEventData         AbilitySystemComponent                   0x04419F80   UNREADABLE (UNREADABLE)
AuthorizeAccounts                             TwitterIntegrationBase                   0x03348A80   REAL       (15 insns before first ret)
ClientCheatFly                                Character                                0x0354E3B0   UNREADABLE (UNREADABLE)
ClientCheatGhost                              Character                                0x0354E3D0   UNREADABLE (UNREADABLE)
ClientCheatWalk                               Character                                0x0354E3F0   UNREADABLE (UNREADABLE)
ServerMovePacked                              Character                                0x035515E0   REAL       (56 insns before first ret)
AddedToCheatManager                           CheatManagerExtension                    0x0326D280   REAL       (9 insns before first ret)
RemovedFromCheatManager                       CheatManagerExtension                    0x0326D2A0   REAL       (9 insns before first ret)
CheatScript                                   CheatManager                             0x035C6F60   REAL       (59 insns before first ret)
ReceiveInitCheatManager                       CheatManager                             0x013454A0   REAL       (69 insns before first ret)
ServerToggleAILogging                         CheatManager                             0x035C88B0   REAL       (78 insns before first ret)
ServerAsyncPhysicsStateAction                 PawnMovementComponent                    0x03657670   REAL       (91 insns before first ret)
EnableCheats                                  PlayerController                         0x03C61920   REAL       (9 insns before first ret)
ServerAcknowledgePossession                   PlayerController                         0x03C65370   REAL       (39 insns before first ret)
ServerBlockPlayer                             PlayerController                         0x03C65430   REAL       (101 insns before first ret)
ServerCamera                                  PlayerController                         0x03C65640   REAL       (39 insns before first ret)
ServerChangeName                              PlayerController                         0x03C65700   REAL       (49 insns before first ret)
ServerCheckClientPossession                   PlayerController                         0x03C657C0   REAL       (95 insns before first ret)
ServerCheckClientPossessionReliable           PlayerController                         0x03C65810   REAL       (72 insns before first ret)
ServerExec                                    PlayerController                         0x033AC000   REAL       (33 insns before first ret)
ServerExecRPC                                 PlayerController                         0x03C65860   REAL       (49 insns before first ret)
ServerMutePlayer                              PlayerController                         0x03C65920   REAL       (101 insns before first ret)
ServerNotifyLoadedWorld                       PlayerController                         0x03C65B30   REAL       (42 insns before first ret)
ServerPause                                   PlayerController                         0x03C65D90   REAL       (78 insns before first ret)
ServerRecvClientInputFrame                    PlayerController                         0x03C65DE0   REAL       (55 insns before first ret)
ServerRestartPlayer                           PlayerController                         0x03C65EC0   REAL       (56 insns before first ret)
ServerSendLatestAsyncPhysicsTimestamp         PlayerController                         0x03C65F10   REAL       (33 insns before first ret)
ServerSetSpectatorLocation                    PlayerController                         0x03C65FA0   REAL       (76 insns before first ret)
ServerSetSpectatorWaiting                     PlayerController                         0x03C660E0   REAL       (48 insns before first ret)
ServerShortTimeout                            PlayerController                         0x03C661A0   REAL       (102 insns before first ret)
ServerToggleAILogging                         PlayerController                         0x03C661F0   REAL       (101 insns before first ret)
ServerUnblockPlayer                           PlayerController                         0x03C66240   REAL       (101 insns before first ret)
ServerUnmutePlayer                            PlayerController                         0x03C66450   REAL       (101 insns before first ret)
ServerUpdateCamera                            PlayerController                         0x03C66660   REAL       (57 insns before first ret)
ServerUpdateLevelVisibility                   PlayerController                         0x03C66790   REAL       (41 insns before first ret)
ServerUpdateMultipleLevelsVisibility          PlayerController                         0x03C66850   REAL       (64 insns before first ret)
ServerVerifyViewTarget                        PlayerController                         0x03C66950   REAL       (103 insns before first ret)
ServerViewNextPlayer                          PlayerController                         0x03C669A0   REAL       (102 insns before first ret)
ServerViewPrevPlayer                          PlayerController                         0x03C669F0   REAL       (100 insns before first ret)
ServerViewSelf                                PlayerController                         0x03C66A40   REAL       (96 insns before first ret)
ServerRPCBufferInput                          AsyncPhysicsInputComponent               0x03BCD5B0   REAL       (35 insns before first ret)
ServerReceiveInputData                        NetworkPhysicsComponent                  0x03C158C0   UNREADABLE (UNREADABLE)
ServerReceiveInputsDatas                      NetworkPhysicsComponent                  0x03C15960   UNREADABLE (UNREADABLE)
ServerTerminatorReplicated                    TestTerminatorComponent                  0x03F74B90   REAL       (9 insns before first ret)
ServerAssertFalse                             LatentAutomationCommandClientExecutor    0x046AC5F0   UNREADABLE (UNREADABLE)
ServerAssertNotNull                           LatentAutomationCommandClientExecutor    0x046AC6F0   UNREADABLE (UNREADABLE)
ServerAssertNotSame                           LatentAutomationCommandClientExecutor    0x046AC7E0   UNREADABLE (UNREADABLE)
ServerAssertNull                              LatentAutomationCommandClientExecutor    0x046AC910   UNREADABLE (UNREADABLE)
ServerAssertSame                              LatentAutomationCommandClientExecutor    0x046ACA00   UNREADABLE (UNREADABLE)
ServerAssertTrue                              LatentAutomationCommandClientExecutor    0x046ACB30   UNREADABLE (UNREADABLE)
ServerFail                                    LatentAutomationCommandClientExecutor    0x046ACC30   UNREADABLE (UNREADABLE)
ServerLatentCommandClientChecked              LatentAutomationCommandClientExecutor    0x033228B0   UNREADABLE (UNREADABLE)
ServerLatentCommandClientDone                 LatentAutomationCommandClientExecutor    0x03322890   UNREADABLE (UNREADABLE)
ServerLatentCommandClientReady                LatentAutomationCommandClientExecutor    0x033228D0   UNREADABLE (UNREADABLE)
ServerLatentCommandDescribeOnClient           LatentAutomationCommandClientExecutor    0x046ACCD0   UNREADABLE (UNREADABLE)
ServerAddOrUpdateReservationRequest           PartyBeaconClient                        0x049D42B0   UNREADABLE (UNREADABLE)
ServerCancelReservationRequest                PartyBeaconClient                        0x049D4540   UNREADABLE (UNREADABLE)
ServerRemoveMemberFromReservationRequest      PartyBeaconClient                        0x049D46F0   UNREADABLE (UNREADABLE)
ServerReservationRequest                      PartyBeaconClient                        0x049D4980   UNREADABLE (UNREADABLE)
ServerUpdateReservationRequest                PartyBeaconClient                        0x049D4E70   UNREADABLE (UNREADABLE)
ServerCancelReservationRequest                SpectatorBeaconClient                    0x049D4540   UNREADABLE (UNREADABLE)
ServerReservationRequest                      SpectatorBeaconClient                    0x049D4C10   UNREADABLE (UNREADABLE)
ServerPong                                    TestBeaconClient                         0x049D46A0   UNREADABLE (UNREADABLE)
Author                                        DiscordMessageHandle                     0x04B8B310   UNREADABLE (UNREADABLE)
AuthorId                                      DiscordMessageHandle                     0x04B8B340   UNREADABLE (UNREADABLE)
Authorize                                     DiscordClient                            0x04B8B380   UNREADABLE (UNREADABLE)
ServerCellInfo                                ReplicationGraphDebugActor               0x04CA8100   REAL       (9 insns before first ret)
ServerPrintAllActorInfo                       ReplicationGraphDebugActor               0x04CA8120   REAL       (40 insns before first ret)
ServerPrintCullDistances                      ReplicationGraphDebugActor               0x03322890   UNREADABLE (UNREADABLE)
ServerSetConditionalActorBreakpoint           ReplicationGraphDebugActor               0x03AE14F0   REAL       (35 insns before first ret)
ServerSetCullDistanceForClass                 ReplicationGraphDebugActor               0x04CA81C0   REAL       (50 insns before first ret)
ServerSetPeriodFrameForClass                  ReplicationGraphDebugActor               0x04CA8290   REAL       (50 insns before first ret)
ServerStartDebugging                          ReplicationGraphDebugActor               0x044176D0   UNREADABLE (UNREADABLE)
ServerStopDebugging                           ReplicationGraphDebugActor               0x04417670   UNREADABLE (UNREADABLE)
CheatResetVOCooldowns                         BarkComponent                            0x05254180   STRIPPED   -> jmp 0xF7EC20 = void_ret (c2 00 00 -- ret 0)
CheatRequestGameplayTag                       BarkManager                              0x052540A0   STRIPPED   -> call 0xF7EB60 = xor al,al; ret (LokiIsServer -- HARDCODED FALSE)
CheatResetVOCooldowns                         BarkManager                              0x05254180   STRIPPED   -> jmp 0xF7EC20 = void_ret (c2 00 00 -- ret 0)
Authorize                                     DiscordManager                           0x0527A7A0   REAL       (14 insns before first ret)
ServerExecuteUsableInteraction                HeistInteractionPlayerComponent          0x05289750   REAL       (90 insns before first ret)
ServerStopUsableInteraction                   HeistInteractionPlayerComponent          0x05289A40   REAL       (65 insns before first ret)
ServerScriptProcessInteraction                HeistUsableComponent                     0x052898E0   REAL       (80 insns before first ret)
AuthClearAbilitiesBySourceObject              LokiAbilitySystemComponent               0x052945D0   REAL       (34 insns before first ret)
AuthExecuteLocalGameplayCueOnClient           LokiAbilitySystemComponent               0x05294660   STRIPPED   -> call 0xF7EC20 = void_ret (c2 00 00 -- ret 0)
AuthGiveAbilityWithSourceObject               LokiAbilitySystemComponent               0x05294750   REAL       (79 insns before first ret)
ServerSendReactivationEvent                   LokiAbilitySystemComponent               0x05296AF0   REAL       (33 insns before first ret)
ServerSetAbilityToLevel                       LokiAbilitySystemComponent               0x05296B80   STRIPPED   -> call 0xF7EC20 = void_ret (c2 00 00 -- ret 0)
ServerSetBufferedSpell                        LokiAbilitySystemComponent               0x05296C50   REAL       (40 insns before first ret)
ServerSetDerivedPredictionKeys                LokiAbilitySystemComponent               0x05296CF0   REAL       (91 insns before first ret)
AuthOnBeginAirshipDestruction                 LokiAirship                              0x033228B0   UNREADABLE (UNREADABLE)
AuthGetAnalyticsGameTime                      LokiAnalyticsLibrary                     0x052A95B0   REAL       (34 insns before first ret)
AuthBeginMovement                             LokiBaseItem                             0x05254180   STRIPPED   -> jmp 0xF7EC20 = void_ret (c2 00 00 -- ret 0)
AuthCheckForMovement                          LokiBaseItem                             0x05254180   STRIPPED   -> jmp 0xF7EC20 = void_ret (c2 00 00 -- ret 0)
AuthConsumedAsDupe                            LokiBaseItem                             0x052CADF0   REAL       (50 insns before first ret)
AuthConsumedAsItemXp                          LokiBaseItem                             0x052CAEC0   UNREADABLE (UNREADABLE)
AuthEndMovement                               LokiBaseItem                             0x05254180   STRIPPED   -> jmp 0xF7EC20 = void_ret (c2 00 00 -- ret 0)
AuthMovementStopped                           LokiBaseItem                             0x052CAF90   UNREADABLE (UNREADABLE)
AuthRollForBonusLevelUpEffects                LokiBaseItem                             0x04417670   UNREADABLE (UNREADABLE)
AuthSetTrackLocationInInventory               LokiBaseItem                             0x05296F30   STRIPPED   -> call 0xF7EC20 = void_ret (c2 00 00 -- ret 0)
AuthTrackLocationInInventory                  LokiBaseItem                             0x05254180   STRIPPED   -> jmp 0xF7EC20 = void_ret (c2 00 00 -- ret 0)
AuthTryRemoveFromInventory                    LokiBaseItem                             0x052CB080   UNREADABLE (UNREADABLE)
AuthUpdateCheckForMovementTimer               LokiBaseItem                             0x05254180   STRIPPED   -> jmp 0xF7EC20 = void_ret (c2 00 00 -- ret 0)
AuthUpdateTrackLocationInInventoryTimer       LokiBaseItem                             0x05254180   STRIPPED   -> jmp 0xF7EC20 = void_ret (c2 00 00 -- ret 0)
AuthUpgradedFromDupe                          LokiBaseItem                             0x052CB110   UNREADABLE (UNREADABLE)
AuthUpgradedFromItemXp                        LokiBaseItem                             0x052CB1A0   UNREADABLE (UNREADABLE)
AuthUpgradeEquipmentFromDupe                  LokiBaseItem                             0x0529EFE0   UNREADABLE (UNREADABLE)
AuthUpgradeEquipmentFromXpItem                LokiBaseItem                             0x0529EFE0   UNREADABLE (UNREADABLE)
AuthUseItem                                   LokiBaseItem                             0x052CB230   UNREADABLE (UNREADABLE)
AuthUseItemFromGround                         LokiBaseItem                             0x0529EFE0   UNREADABLE (UNREADABLE)
CheatCantEndGame                              LokiGameMode                             0x052FD980   STRIPPED   -> call 0xF7EB60 = xor al,al; ret (LokiIsServer -- HARDCODED FALSE)
DevGameModeCheatsEnabled                      LokiGameMode                             0x051629C0   STRIPPED   -> call 0xF7EB60 = xor al,al; ret (LokiIsServer -- HARDCODED FALSE)
GameModeCheat                                 LokiGameMode                             0x05349DC0   STRIPPED   -> call 0xF7EC20 = void_ret (c2 00 00 -- ret 0)
OnGameModeCheatReceived                       LokiGameMode                             0x013454A0   REAL       (69 insns before first ret)
AuthGrantGoldToActor                          LokiBlueprintLibrary                     0x052E0890   STRIPPED   -> call 0xF7EC20 = void_ret (c2 00 00 -- ret 0)
AuthGrantGoldToActors                         LokiBlueprintLibrary                     0x052E0990   STRIPPED   -> call 0xF7EC20 = void_ret (c2 00 00 -- ret 0)
AuthGrantGoldToTeam                           LokiBlueprintLibrary                     0x052E0AC0   STRIPPED   -> call 0xF7EC20 = void_ret (c2 00 00 -- ret 0)
AuthPlaySimpleGameplayCue                     LokiBlueprintLibrary                     0x052E0C00   STRIPPED   -> call 0xF7EC20 = void_ret (c2 00 00 -- ret 0)
CheatsEnabled                                 LokiBlueprintLibrary                     0x051629C0   STRIPPED   -> call 0xF7EB60 = xor al,al; ret (LokiIsServer -- HARDCODED FALSE)
CheatsEnabledOnly                             LokiBlueprintLibrary                     0x052E0D00   REAL       (34 insns before first ret)
ServerOnly                                    LokiBlueprintLibrary                     0x052E12B0   REAL       (49 insns before first ret)
GetBotCheatLevelingTimeModifier               LokiBotController                        0x052ED6E0   REAL       (9 insns before first ret)
SetSpawnCheatsEnabled                         LokiBotSpawnerComponent                  0x052EE860   REAL       (34 insns before first ret)
AuthBoxSelfUp                                 LokiCapturePoint                         0x052FD4B0   REAL       (53 insns before first ret)
AuthBoxSelfUpBP                               LokiCapturePoint                         0x013454A0   REAL       (69 insns before first ret)
AuthCaptureForTeam                            LokiCapturePoint                         0x052FD590   REAL       (34 insns before first ret)
AuthSetCanBeCaptured                          LokiCapturePoint                         0x052FDC50   REAL       (35 insns before first ret)
AuthSetProgress                               LokiCapturePoint                         0x052CAD40   REAL       (32 insns before first ret)
AuthSetReleaseOwnershipOnTeamElimination      LokiCapturePoint                         0x052FDC50   REAL       (35 insns before first ret)
AuthSurrenderOwnership                        LokiCapturePoint                         0x052FDDF0   REAL       (71 insns before first ret)
AuthUpdateOwnershipBP                         LokiCapturePoint                         0x013454A0   REAL       (69 insns before first ret)
AuthAddAbilityPoints                          LokiCharacter                            0x052FD2D0   STRIPPED   -> call 0xF7EB60 = xor al,al; ret (LokiIsServer -- HARDCODED FALSE)
AuthAddMountedCharacter                       LokiCharacter                            0x052FD370   REAL       (34 insns before first ret)
AuthAddPendingEffect                          LokiCharacter                            0x052FD400   REAL       (41 insns before first ret)
AuthAddPreSpawnedEffect                       LokiCharacter                            0x05254180   STRIPPED   -> jmp 0xF7EC20 = void_ret (c2 00 00 -- ret 0)
AuthCheatSetHealth                            LokiCharacter                            0x052FD620   STRIPPED   -> call 0xF7EC20 = void_ret (c2 00 00 -- ret 0)
AuthCheatSetMana                              LokiCharacter                            0x052FD620   STRIPPED   -> call 0xF7EC20 = void_ret (c2 00 00 -- ret 0)
AuthCombatActionEnded                         LokiCharacter                            0x05254180   STRIPPED   -> jmp 0xF7EC20 = void_ret (c2 00 00 -- ret 0)
AuthCombatActionInitiated                     LokiCharacter                            0x05254180   STRIPPED   -> jmp 0xF7EC20 = void_ret (c2 00 00 -- ret 0)
AuthDestroyWithoutDeath                       LokiCharacter                            0x05254180   STRIPPED   -> jmp 0xF7EC20 = void_ret (c2 00 00 -- ret 0)
AuthDisengageYawLock                          LokiCharacter                            0x052FD6A0   REAL       (38 insns before first ret)
AuthEngageYawLock                             LokiCharacter                            0x052FD740   REAL       (54 insns before first ret)
AuthGrantExperience                           LokiCharacter                            0x052FD820   REAL       (50 insns before first ret)
AuthGrantLevel                                LokiCharacter                            0x052FD8F0   STRIPPED   -> call 0xF7EC20 = void_ret (c2 00 00 -- ret 0)
AuthInitializeExperience                      LokiCharacter                            0x052FD8F0   STRIPPED   -> call 0xF7EC20 = void_ret (c2 00 00 -- ret 0)
AuthRemoveAbilityPoint                        LokiCharacter                            0x052FD980   STRIPPED   -> call 0xF7EB60 = xor al,al; ret (LokiIsServer -- HARDCODED FALSE)
AuthRemoveAllMountedCharacters                LokiCharacter                            0x052FD9B0   REAL       (43 insns before first ret)
AuthRemoveLevel                               LokiCharacter                            0x052FD8F0   STRIPPED   -> call 0xF7EC20 = void_ret (c2 00 00 -- ret 0)
AuthRemoveMountedCharacter                    LokiCharacter                            0x052FD9D0   REAL       (34 insns before first ret)
AuthRemovePreSpawnedEffect                    LokiCharacter                            0x05254180   STRIPPED   -> jmp 0xF7EC20 = void_ret (c2 00 00 -- ret 0)
AuthResetJumpZToDefault                       LokiCharacter                            0x052FDA60   REAL       (96 insns before first ret)
AuthResetToSnapshot                           LokiCharacter                            0x052FDA80   REAL       (94 insns before first ret)
AuthSetJumpZ                                  LokiCharacter                            0x052FDCE0   REAL       (32 insns before first ret)
AuthSetMovementEnabled                        LokiCharacter                            0x052FDD60   REAL       (35 insns before first ret)
CheatExperience                               LokiCharacter                            0x05254180   STRIPPED   -> jmp 0xF7EC20 = void_ret (c2 00 00 -- ret 0)
CheatToggleCharacterDebugMode                 LokiCharacter                            0x052FE560   UNREADABLE (UNREADABLE)
ServerCheatExperience                         LokiCharacter                            0x053034C0   REAL       (33 insns before first ret)
ServerCheatInfinite                           LokiCharacter                            0x05303550   REAL       (35 insns before first ret)
ServerCheatResetCooldowns                     LokiCharacter                            0x053035E0   REAL       (9 insns before first ret)
ServerCheatTeleportNear                       LokiCharacter                            0x05303600   REAL       (35 insns before first ret)
ServerGetDebugStatString                      LokiCharacter                            0x0330F430   UNREADABLE (UNREADABLE)
ServerSetCharacterDebugMode                   LokiCharacter                            0x05303690   REAL       (51 insns before first ret)
ServerSuicide                                 LokiCharacter                            0x03C5E760   REAL       (9 insns before first ret)
ServerFastTargetStatus                        LokiCharacterFastTargetComponent         0x05308B20   UNREADABLE (UNREADABLE)
AuthRewindCharacter                           LokiCharacterHistoryBufferComponent      0x0530C0F0   REAL       (47 insns before first ret)
AuthBeginGlideDive                            LokiCharacterMovementComponent           0x05254180   STRIPPED   -> jmp 0xF7EC20 = void_ret (c2 00 00 -- ret 0)
AuthBeginGlideDiveFromDropPod                 LokiCharacterMovementComponent           0x0530BFD0   STRIPPED   -> call 0xF7EC20 = void_ret (c2 00 00 -- ret 0)
CheatFakeLobbyRewardFlow                      LokiClientPlayerCheats                   0x05316250   REAL       (58 insns before first ret)
CheatLobbyAddBadge                            LokiClientPlayerCheats                   0x05316270   REAL       (49 insns before first ret)
CheatResetClientProfile                       LokiClientPlayerCheats                   0x05316340   REAL       (96 insns before first ret)
AuthAddCharge                                 LokiGameplaySpell                        0x0535EF90   UNREADABLE (UNREADABLE)
AuthAddChargeTime                             LokiGameplaySpell                        0x0535F0B0   UNREADABLE (UNREADABLE)
AuthOnClientChoseHoldParadigm                 LokiGameplaySpell                        0x0535F130   UNREADABLE (UNREADABLE)
AuthOnClientChosePressParadigm                LokiGameplaySpell                        0x0535F150   UNREADABLE (UNREADABLE)
AuthOnClientPhaseTimeout                      LokiGameplaySpell                        0x0535F170   UNREADABLE (UNREADABLE)
AuthRefreshAllCharges                         LokiGameplaySpell                        0x0535F190   UNREADABLE (UNREADABLE)
AuthRemoveCharge                              LokiGameplaySpell                        0x0535F1B0   UNREADABLE (UNREADABLE)
AuthStopDash                                  LokiGameplaySpell                        0x0535F240   UNREADABLE (UNREADABLE)
AuthSetLevel                                  LokiDeathCircle                          0x05329410   REAL       (34 insns before first ret)
AuthDealCosmeticDamage                        LokiDestructible                         0x05254180   STRIPPED   -> jmp 0xF7EC20 = void_ret (c2 00 00 -- ret 0)
AuthFinalDeath                                LokiDestructible                         0x033228B0   UNREADABLE (UNREADABLE)
AuthSetDamageScale                            LokiDestructible                         0x0532ED40   REAL       (32 insns before first ret)
AuthLaunchDropPodForTeam                      LokiDropPlane                            0x05335B50   REAL       (54 insns before first ret)
AuthStart                                     LokiDropPlane                            0x052FD620   STRIPPED   -> call 0xF7EC20 = void_ret (c2 00 00 -- ret 0)
AuthSendDefaultThanksEmote                    LokiEmoteComponent                       0x03C651A0   REAL       (9 insns before first ret)
AuthSendEmote                                 LokiEmoteComponent                       0x05335C40   REAL       (48 insns before first ret)
AuthGetGameAugment_BP                         LokiGameAugment                          0x05349B60   REAL       (34 insns before first ret)
AuthGetGameAugmentAs_BP                       LokiGameAugment                          0x05349A80   REAL       (56 insns before first ret)
AuthModifyBattleRoyaleSpawner                 LokiGameAugment                          0x013454A0   REAL       (69 insns before first ret)
AuthModifyDeathCircle                         LokiGameAugment                          0x013454A0   REAL       (69 insns before first ret)
AuthModifyDestructible                        LokiGameAugment                          0x013454A0   REAL       (69 insns before first ret)
IsEasyAntiCheatEnabled                        LokiGameInstance                         0x052FD980   STRIPPED   -> call 0xF7EB60 = xor al,al; ret (LokiIsServer -- HARDCODED FALSE)
AuthGetMatchStartDetails                      LokiGameplayStatics                      0x05370AB0   REAL       (46 insns before first ret)
ServerDrawDebugBox                            LokiGameplayStatics                      0x0537D220   UNREADABLE (UNREADABLE)
ServerDrawDebugCapsule                        LokiGameplayStatics                      0x0537D410   UNREADABLE (UNREADABLE)
ServerDrawDebugLine                           LokiGameplayStatics                      0x0537D640   UNREADABLE (UNREADABLE)
ServerDrawDebugSlice                          LokiGameplayStatics                      0x0537D800   UNREADABLE (UNREADABLE)
ServerDrawDebugSphere                         LokiGameplayStatics                      0x0537DAB0   UNREADABLE (UNREADABLE)
ServerTravel                                  LokiGameplayStatics                      0x0537DC60   UNREADABLE (UNREADABLE)
AuthHandlePlayerPawnUpdated                   LokiGameState                            0x02C2CE30   STRIPPED   -> call 0xF7EC20 = void_ret (c2 00 00 -- ret 0)
AuthSetDeathCircle                            LokiGameState                            0x05387840   REAL       (34 insns before first ret)
AuthKnockedActorEnter                         LokiHeroCharacter                        0x02C2CE30   STRIPPED   -> call 0xF7EC20 = void_ret (c2 00 00 -- ret 0)
AuthKnockedActorExit                          LokiHeroCharacter                        0x02C2CE30   STRIPPED   -> call 0xF7EC20 = void_ret (c2 00 00 -- ret 0)
AuthSetYawClamp                               LokiHeroCharacter                        0x0539C070   REAL       (68 insns before first ret)
AuthDestroyInventoryActors                    LokiInventoryComponentBase               0x05254180   STRIPPED   -> jmp 0xF7EC20 = void_ret (c2 00 00 -- ret 0)
AuthRegisterOverflowInventory                 LokiInventoryComponentBase               0x053AF9D0   REAL       (34 insns before first ret)
ServerDropCurrency                            LokiInventoryOperations                  0x053BC7F0   UNREADABLE (UNREADABLE)
ServerDropItem                                LokiInventoryOperations                  0x053BC930   UNREADABLE (UNREADABLE)
ServerGetFreeGameplayEffect                   LokiInventoryOperations                  0x053BCA00   UNREADABLE (UNREADABLE)
ServerGetFreeItem                             LokiInventoryOperations                  0x053BCAF0   UNREADABLE (UNREADABLE)
ServerSwapItem                                LokiInventoryOperations                  0x053BCBE0   UNREADABLE (UNREADABLE)
ServerSwapItemFromInventory                   LokiInventoryOperations                  0x053BCCB0   UNREADABLE (UNREADABLE)
ServerSwapSlots                               LokiInventoryOperations                  0x053BCDB0   UNREADABLE (UNREADABLE)
ServerTakeAll                                 LokiInventoryOperations                  0x053BCF00   UNREADABLE (UNREADABLE)
ServerTakeItem                                LokiInventoryOperations                  0x03657240   REAL       (35 insns before first ret)
ServerTakeSimpleInventoryItem                 LokiInventoryOperations                  0x053BCF90   UNREADABLE (UNREADABLE)
ServerUpgradeItemWithHeroShard                LokiInventoryOperations                  0x053BD060   REAL       (50 insns before first ret)
ServerUseItem                                 LokiInventoryOperations                  0x053BD130   REAL       (35 insns before first ret)
AuthAddMapIcon                                LokiMapIconManager                       0x053CB8A0   REAL       (97 insns before first ret)
AuthAddMapWidget                              LokiMapIconManager                       0x053CBA40   REAL       (99 insns before first ret)
AuthRemoveMapIcon                             LokiMapIconManager                       0x053CBBC0   REAL       (59 insns before first ret)
AuthRemoveMapWidget                           LokiMapIconManager                       0x053CBCB0   REAL       (34 insns before first ret)
AuthSetColor                                  LokiMapIconManager                       0x053CBD40   REAL       (77 insns before first ret)
AuthSetMarkableObjective                      LokiMapIconManager                       0x053CBE80   REAL       (78 insns before first ret)
AuthSetSize                                   LokiMapIconManager                       0x053CBFB0   UNREADABLE (UNREADABLE)
AuthSetTexture                                LokiMapIconManager                       0x053CC0F0   UNREADABLE (UNREADABLE)
AuthSetTooltip                                LokiMapIconManager                       0x053CC290   UNREADABLE (UNREADABLE)
AuthSetVisibility                             LokiMapIconManager                       0x053CC430   UNREADABLE (UNREADABLE)
AuthSetWidgetBooleanParameter                 LokiMapIconManager                       0x053CC560   UNREADABLE (UNREADABLE)
AuthSetWidgetClassParameter                   LokiMapIconManager                       0x053CC6E0   UNREADABLE (UNREADABLE)
AuthSetWidgetIntegerParameter                 LokiMapIconManager                       0x053CC860   UNREADABLE (UNREADABLE)
AuthSetWidgetScalarParameter                  LokiMapIconManager                       0x053CC9D0   UNREADABLE (UNREADABLE)
AuthSetWidgetTextureParameter                 LokiMapIconManager                       0x053CCB50   UNREADABLE (UNREADABLE)
AuthSetWidgetVectorParameter                  LokiMapIconManager                       0x053CCD30   UNREADABLE (UNREADABLE)
AuthSetWorldLocation                          LokiMapIconManager                       0x053CCEC0   UNREADABLE (UNREADABLE)
AuthAnyVisibleEnemyHeroCharactersInRange      LokiMinionCharacter                      0x05403AB0   STRIPPED   -> call 0xF7EB60 = xor al,al; ret (LokiIsServer -- HARDCODED FALSE)
AuthGetEnemiesInVision                        LokiMinionCharacter                      0x02BE23F0   REAL       (35 insns before first ret)
AuthGetMinionAbilityTargetActor               LokiMinionCharacter                      0x05403B40   REAL       (36 insns before first ret)
AuthGetTargetEnemyInfo_BP                     LokiMinionCharacter                      0x05403BD0   REAL       (81 insns before first ret)
AuthHasVisionOfActor                          LokiMinionCharacter                      0x0529EFE0   UNREADABLE (UNREADABLE)
AuthPressJump                                 LokiMinionCharacter                      0x05403D10   REAL       (41 insns before first ret)
AuthSetAggroRange                             LokiMinionCharacter                      0x05403D30   REAL       (32 insns before first ret)
AuthUpdateEnemyList                           LokiMinionCharacter                      0x05254180   STRIPPED   -> jmp 0xF7EC20 = void_ret (c2 00 00 -- ret 0)
AuthUpdateNearbyVisibleEnemies                LokiMinionCharacter                      0x05254180   STRIPPED   -> jmp 0xF7EC20 = void_ret (c2 00 00 -- ret 0)
AuthUpdateTargetEnemyInfo_BP                  LokiMinionCharacter                      0x05403DB0   REAL       (50 insns before first ret)
AuthAutoMarkObjective                         LokiObjectiveMarkerComponent             0x0540DBE0   REAL       (85 insns before first ret)
AuthAutoMarkRelevantIconObjective             LokiObjectiveMarkerComponent             0x0540DD40   REAL       (98 insns before first ret)
AuthAutoMarkRelevantWidgetObjective           LokiObjectiveMarkerComponent             0x0540DF10   UNREADABLE (UNREADABLE)
AuthConfirmMarkedObjective                    LokiObjectiveMarkerComponent             0x0540E070   UNREADABLE (UNREADABLE)
AuthMarkObjective                             LokiObjectiveMarkerComponent             0x0540E1B0   UNREADABLE (UNREADABLE)
AuthRemoveAutoMarkObjective                   LokiObjectiveMarkerComponent             0x0540E330   UNREADABLE (UNREADABLE)
AuthRemoveAutoMarkRelevantIconObjective       LokiObjectiveMarkerComponent             0x0540E400   UNREADABLE (UNREADABLE)
AuthRemoveAutoMarkRelevantWidgetObjective     LokiObjectiveMarkerComponent             0x0540E540   UNREADABLE (UNREADABLE)
AuthUnmarkObjective                           LokiObjectiveMarkerComponent             0x0540E610   UNREADABLE (UNREADABLE)
AuthPause                                     LokiOpeningClosingProp                   0x05254180   STRIPPED   -> jmp 0xF7EC20 = void_ret (c2 00 00 -- ret 0)
AuthStartClosing                              LokiOpeningClosingProp                   0x05254180   STRIPPED   -> jmp 0xF7EC20 = void_ret (c2 00 00 -- ret 0)
AuthStartOpening                              LokiOpeningClosingProp                   0x05254180   STRIPPED   -> jmp 0xF7EC20 = void_ret (c2 00 00 -- ret 0)
AuthStartToggle                               LokiOpeningClosingProp                   0x05254180   STRIPPED   -> jmp 0xF7EC20 = void_ret (c2 00 00 -- ret 0)
MulticastCheatSetCosmeticBundle               LokiPersonalizationComponent             0x05414F50   REAL       (36 insns before first ret)
MulticastCheatSetHero                         LokiPersonalizationComponent             0x05414FE0   REAL       (36 insns before first ret)
MulticastCheatSetSlotCosmetic                 LokiPersonalizationComponent             0x05415070   REAL       (53 insns before first ret)
ServerCheatSetEmote                           LokiPersonalizationComponent             0x05415D30   REAL       (50 insns before first ret)
AuthPingPersistentPing                        LokiPingComponent                        0x03F74B00   REAL       (35 insns before first ret)
AuthSendPing                                  LokiPingComponent                        0x05413CB0   REAL       (91 insns before first ret)
ServerSendWidgetPing                          LokiPingComponent                        0x05415E00   REAL       (102 insns before first ret)
AreHotkeyCheatsEnabled                        LokiPlayerCheats                         0x052FD980   STRIPPED   -> call 0xF7EB60 = xor al,al; ret (LokiIsServer -- HARDCODED FALSE)
CheatAddMissionProgress                       LokiPlayerCheats                         0x05421D60   STRIPPED   -> call 0xF7EC20 = void_ret (c2 00 00 -- ret 0)
CheatAutoStrafe                               LokiPlayerCheats                         0x05421EA0   UNREADABLE (UNREADABLE)
CheatAutoStrafeToggleDirection                LokiPlayerCheats                         0x05421F80   UNREADABLE (UNREADABLE)
CheatChangeHero                               LokiPlayerCheats                         0x0534BE80   UNREADABLE (UNREADABLE)
CheatGetAllClientActorsByClassName            LokiPlayerCheats                         0x05421FA0   UNREADABLE (UNREADABLE)
CheatMeasureCursor                            LokiPlayerCheats                         0x05422050   UNREADABLE (UNREADABLE)
CheatMuteAudio                                LokiPlayerCheats                         0x05422070   UNREADABLE (UNREADABLE)
CheatNoCooldowns                              LokiPlayerCheats                         0x05422100   UNREADABLE (UNREADABLE)
CheatSetEmote                                 LokiPlayerCheats                         0x05422180   UNREADABLE (UNREADABLE)
CheatSetRankedPoints                          LokiPlayerCheats                         0x052FD8F0   STRIPPED   -> call 0xF7EC20 = void_ret (c2 00 00 -- ret 0)
CheatSetTeamEliminated                        LokiPlayerCheats                         0x05422250   UNREADABLE (UNREADABLE)
CheatSetXP                                    LokiPlayerCheats                         0x052FD8F0   STRIPPED   -> call 0xF7EC20 = void_ret (c2 00 00 -- ret 0)
CheatTeleportCursor                           LokiPlayerCheats                         0x02C2CE30   STRIPPED   -> call 0xF7EC20 = void_ret (c2 00 00 -- ret 0)
CheatTeleportLocation                         LokiPlayerCheats                         0x05422360   UNREADABLE (UNREADABLE)
CheatTravelToMainMenu                         LokiPlayerCheats                         0x05254180   STRIPPED   -> jmp 0xF7EC20 = void_ret (c2 00 00 -- ret 0)
EnableHotkeyCheats                            LokiPlayerCheats                         0x05424670   REAL       (33 insns before first ret)
GetLocalLokiPlayerCheatsBP                    LokiPlayerCheats                         0x05424F70   STRIPPED   -> call 0xF7EB50 = xor eax,eax; ret (false/nullptr)
HotkeyCheatsEnabledOnly                       LokiPlayerCheats                         0x05421A70   REAL       (38 insns before first ret)
ServerBoostPlayer                             LokiPlayerCheats                         0x03702560   REAL       (9 insns before first ret)
ServerChangeHero                              LokiPlayerCheats                         0x05426630   REAL       (40 insns before first ret)
ServerCheatChangeGliderCosmetic               LokiPlayerCheats                         0x054266D0   REAL       (36 insns before first ret)
ServerCheatChangeHero                         LokiPlayerCheats                         0x05426760   REAL       (43 insns before first ret)
ServerCheatChangeHeroCosmetic                 LokiPlayerCheats                         0x05426810   REAL       (36 insns before first ret)
ServerCheatChangeSpikeVFXCosmetic             LokiPlayerCheats                         0x054268A0   REAL       (36 insns before first ret)
ServerCheatChangeWispCosmetic                 LokiPlayerCheats                         0x05426930   REAL       (36 insns before first ret)
ServerCheatNoCooldowns                        LokiPlayerCheats                         0x054269C0   REAL       (36 insns before first ret)
ServerCheatSpawnActor                         LokiPlayerCheats                         0x05426A50   REAL       (57 insns before first ret)
ServerCheatSpawnItem                          LokiPlayerCheats                         0x05426B40   REAL       (90 insns before first ret)
ServerNextHero                                LokiPlayerCheats                         0x054272C0   REAL       (9 insns before first ret)
ServerNote                                    LokiPlayerCheats                         0x046ACCD0   UNREADABLE (UNREADABLE)
ServerPreviousHero                            LokiPlayerCheats                         0x044176D0   UNREADABLE (UNREADABLE)
ServerRequestStatusDump                       LokiPlayerCheats                         0x05427650   REAL       (35 insns before first ret)
ServerSpawnAndReplaceItem                     LokiPlayerCheats                         0x05427B10   REAL       (77 insns before first ret)
ServerTeleportLocation                        LokiPlayerCheats                         0x05427D00   REAL       (69 insns before first ret)
ServerToggleGameplayEffect                    LokiPlayerCheats                         0x05427EB0   REAL       (43 insns before first ret)
ServerUpdateHype                              LokiPlayerCheats                         0x038ABD50   UNREADABLE (UNREADABLE)
AddLokiPlayerCheats                           LokiPlayerController                     0x05254180   STRIPPED   -> jmp 0xF7EC20 = void_ret (c2 00 00 -- ret 0)
AuthCheatChangeCharacter                      LokiPlayerController                     0x05421BB0   REAL       (35 insns before first ret)
AuthNotifyTrainingEvent                       LokiPlayerController                     0x05421C40   REAL       (32 insns before first ret)
FinishAddLokiPlayerCheats                     LokiPlayerController                     0x05254180   STRIPPED   -> jmp 0xF7EC20 = void_ret (c2 00 00 -- ret 0)
GetPlayerCheats                               LokiPlayerController                     0x054071C0   STRIPPED   -> call 0xF7EB50 = xor eax,eax; ret (false/nullptr)
ServerAddAbilityLevelNative                   LokiPlayerController                     0x05426560   REAL       (50 insns before first ret)
ServerConsoleCommand                          LokiPlayerController                     0x05426CD0   REAL       (40 insns before first ret)
ServerDebugAdvanceTime                        LokiPlayerController                     0x05426D70   REAL       (33 insns before first ret)
ServerDebugEnsureAllowRepeat                  LokiPlayerController                     0x0534BE80   UNREADABLE (UNREADABLE)
ServerDebugSetTime                            LokiPlayerController                     0x05426E00   REAL       (33 insns before first ret)
ServerDebugTimelineAddEvent                   LokiPlayerController                     0x05426E90   REAL       (55 insns before first ret)
ServerDebugTimelineReset                      LokiPlayerController                     0x05426F80   REAL       (9 insns before first ret)
ServerDebugTimelineResetAndPause              LokiPlayerController                     0x05426FA0   REAL       (9 insns before first ret)
ServerDebugTimelineResume                     LokiPlayerController                     0x05426FC0   REAL       (9 insns before first ret)
ServerEchoTimestamp                           LokiPlayerController                     0x05426FE0   REAL       (33 insns before first ret)
ServerFillTeam                                LokiPlayerController                     0x05427070   REAL       (35 insns before first ret)
ServerJoinTeam                                LokiPlayerController                     0x05427100   REAL       (35 insns before first ret)
ServerLogTrainingAnalytics                    LokiPlayerController                     0x05427190   REAL       (71 insns before first ret)
ServerNotifiesClientTransferCompleted         LokiPlayerController                     0x054272E0   REAL       (35 insns before first ret)
ServerNotifyDiedToAbyss                       LokiPlayerController                     0x05427370   REAL       (9 insns before first ret)
ServerOverrideDropPlaneLocations              LokiPlayerController                     0x05427390   REAL       (54 insns before first ret)
ServerPawnLivingStateChanged                  LokiPlayerController                     0x05427490   REAL       (49 insns before first ret)
ServerPlatformDisconnect                      LokiPlayerController                     0x05427560   REAL       (9 insns before first ret)
ServerRequestAdmin                            LokiPlayerController                     0x05427580   REAL       (9 insns before first ret)
ServerRequestEACDisconnectForSelf             LokiPlayerController                     0x054275A0   REAL       (9 insns before first ret)
ServerRequestSpawnLocation                    LokiPlayerController                     0x054275C0   REAL       (36 insns before first ret)
ServerReturnFromAFK                           LokiPlayerController                     0x054276E0   REAL       (9 insns before first ret)
ServerSelectItemEvolution                     LokiPlayerController                     0x05427700   REAL       (58 insns before first ret)
ServerSelectItemFancyPassive                  LokiPlayerController                     0x054277E0   REAL       (58 insns before first ret)
ServerSetDebugMode                            LokiPlayerController                     0x054278C0   REAL       (51 insns before first ret)
ServerSetDebugTarget                          LokiPlayerController                     0x054279A0   REAL       (35 insns before first ret)
ServerSetGameFeatureToggle                    LokiPlayerController                     0x05427A30   REAL       (51 insns before first ret)
ServerSpectateNextTeam                        LokiPlayerController                     0x05427C50   REAL       (9 insns before first ret)
ServerSwitchSpectateTeam                      LokiPlayerController                     0x05427C70   REAL       (35 insns before first ret)
ServerToggleDebugMode                         LokiPlayerController                     0x05427E30   REAL       (33 insns before first ret)
ServerTriggerControllerCheatCommand           LokiPlayerController                     0x05427F60   REAL       (72 insns before first ret)
Server_BoostPressed                           LokiPlayerControllerAirshipComponent     0x0542EB00   REAL       (9 insns before first ret)
Server_BoostReleased                          LokiPlayerControllerAirshipComponent     0x0542EB20   REAL       (9 insns before first ret)
Server_ForwardThrottle                        LokiPlayerControllerAirshipComponent     0x0542EB40   REAL       (33 insns before first ret)
Server_HornPressed                            LokiPlayerControllerAirshipComponent     0x0365BF40   REAL       (9 insns before first ret)
Server_Left                                   LokiPlayerControllerAirshipComponent     0x0542EBD0   REAL       (51 insns before first ret)
Server_ReverseThrottle                        LokiPlayerControllerAirshipComponent     0x0542ECB0   REAL       (33 insns before first ret)
Server_Right                                  LokiPlayerControllerAirshipComponent     0x0542ED40   REAL       (51 insns before first ret)
Server_FirePressed                            LokiPlayerControllerAirshipTurretComponent 0x0542EB20   REAL       (9 insns before first ret)
Server_FireReleased                           LokiPlayerControllerAirshipTurretComponent 0x0365BF40   REAL       (9 insns before first ret)
AuthEnterDropPlane                            LokiPlayerDropPlaneComponent             0x0542D580   REAL       (34 insns before first ret)
AuthSetCurrentRideable                        LokiPlayerDropPlaneComponent             0x02C2CE30   STRIPPED   -> call 0xF7EC20 = void_ret (c2 00 00 -- ret 0)
AuthSetDropComplete                           LokiPlayerDropPlaneComponent             0x0542D610   REAL       (8 insns before first ret)
ServerLaunchDropPod                           LokiPlayerDropPlaneComponent             0x03F74B90   REAL       (9 insns before first ret)
ServerPassDropLeader                          LokiPlayerDropPlaneComponent             0x03C651A0   REAL       (9 insns before first ret)
ServerSetDropPodDestination                   LokiPlayerDropPlaneComponent             0x0542E9F0   REAL       (32 insns before first ret)
ServerRequestManualTargetLocation             LokiPlayerGPSComponent                   0x0542E960   REAL       (36 insns before first ret)
ServerSetNavigationDestination                LokiPlayerGPSComponent                   0x0542EA70   REAL       (36 insns before first ret)
ServerExecuteUsableInteraction                LokiPlayerInteractionComponent           0x05289750   REAL       (90 insns before first ret)
ServerStopUsableInteraction                   LokiPlayerInteractionComponent           0x05289A40   REAL       (65 insns before first ret)
AuthAddAbilityPoints                          LokiPlayerState                          0x052FD2D0   STRIPPED   -> call 0xF7EB60 = xor al,al; ret (LokiIsServer -- HARDCODED FALSE)
AuthGetMatchStats                             LokiPlayerState                          0x054364D0   REAL       (34 insns before first ret)
AuthGetTeamSurvivalTime                       LokiPlayerState                          0x05349FB0   STRIPPED   -> call 0xFC6CF0 = xorps xmm0,xmm0; ret (0.0f)
AuthOnDeath                                   LokiPlayerState                          0x052CD470   UNREADABLE (UNREADABLE)
AuthSetSpawnTeamLeader                        LokiPlayerState                          0x05254180   STRIPPED   -> jmp 0xF7EC20 = void_ret (c2 00 00 -- ret 0)
IsDebugCameraCheatsOnly                       LokiPlayerState                          0x052FD980   STRIPPED   -> call 0xF7EB60 = xor al,al; ret (LokiIsServer -- HARDCODED FALSE)
ServerSetHeroClass                            LokiPlayerState                          0x05438720   STRIPPED   -> call 0xF7EC20 = void_ret (c2 00 00 -- ret 0)
ServerSetRankedPointsOverride                 LokiPlayerState                          0x054387D0   REAL       (35 insns before first ret)
ServerSetReadyToPlay                          LokiPlayerState                          0x05438860   REAL       (9 insns before first ret)
ServerVisibleSetAck                           LokiPlayerState                          0x05438880   REAL       (35 insns before first ret)
ServerAddMissionProgress                      LokiPlayerState_Missions                 0x05443250   REAL       (75 insns before first ret)
AuthAddDamageMultiplier                       LokiProjectile                           0x052FD620   STRIPPED   -> call 0xF7EC20 = void_ret (c2 00 00 -- ret 0)
AuthDetonate                                  LokiProjectile                           0x05254180   STRIPPED   -> jmp 0xF7EC20 = void_ret (c2 00 00 -- ret 0)
AuthForceExplode                              LokiProjectile                           0x05254180   STRIPPED   -> jmp 0xF7EC20 = void_ret (c2 00 00 -- ret 0)
AuthFuseExpired                               LokiProjectile                           0x05254180   STRIPPED   -> jmp 0xF7EC20 = void_ret (c2 00 00 -- ret 0)
AuthIsBlocking                                LokiProjectile                           0x05440370   REAL       (58 insns before first ret)
AuthOnImpact                                  LokiProjectile                           0x013454A0   REAL       (69 insns before first ret)
AuthOnPassthrough                             LokiProjectile                           0x05440480   REAL       (53 insns before first ret)
AuthReflectProjectile                         LokiProjectile                           0x05440570   STRIPPED   -> call 0xF7EC20 = void_ret (c2 00 00 -- ret 0)
AuthSetFiredMidAir                            LokiProjectile                           0x05440690   REAL       (35 insns before first ret)
AuthStartFuseTimer                            LokiProjectile                           0x052FD620   STRIPPED   -> call 0xF7EC20 = void_ret (c2 00 00 -- ret 0)
AuthTrigger                                   LokiProjectile                           0x05440720   REAL       (68 insns before first ret)
AuthClearLockedOutTeams                       LokiRespawnBeacon                        0x05254180   STRIPPED   -> jmp 0xF7EC20 = void_ret (c2 00 00 -- ret 0)
AuthProgressComplete                          LokiRespawnBeacon                        0x013454A0   REAL       (69 insns before first ret)
AuthReceiveCaptureStarted                     LokiRespawnBeacon                        0x013454A0   REAL       (69 insns before first ret)
AuthSetRuinedState                            LokiRespawnBeacon                        0x05296F30   STRIPPED   -> call 0xF7EC20 = void_ret (c2 00 00 -- ret 0)
AuthAddPlayer                                 LokiRideableComponent                    0x02C2CE30   STRIPPED   -> call 0xF7EC20 = void_ret (c2 00 00 -- ret 0)
AuthPlayerDetachPlayerFromRidable             LokiRideableComponent                    0x05456100   UNREADABLE (UNREADABLE)
AuthPlayerEnterWorld                          LokiRideableComponent                    0x054561D0   UNREADABLE (UNREADABLE)
AuthPlayerEnterWorldAttachedToRidable         LokiRideableComponent                    0x05456380   UNREADABLE (UNREADABLE)
AuthPlayerEnterWorldNew                       LokiRideableComponent                    0x05456460   UNREADABLE (UNREADABLE)
AuthPlayerPreSpawnOnAddToPlane                LokiRideableComponent                    0x05456540   UNREADABLE (UNREADABLE)
AuthRemovePlayer                              LokiRideableComponent                    0x02C2CE30   STRIPPED   -> call 0xF7EC20 = void_ret (c2 00 00 -- ret 0)
AuthSetCanJump                                LokiRideableComponent                    0x05296F30   STRIPPED   -> call 0xF7EC20 = void_ret (c2 00 00 -- ret 0)
AuthSetGameFeatureToggle                      LokiServerAuthConfig                     0x05463470   STRIPPED   -> call 0xF7EC20 = void_ret (c2 00 00 -- ret 0)
AuthGetMatchStats                             LokiStatsComponent                       0x03C651A0   REAL       (9 insns before first ret)
AuthSetTeamIndex                              LokiTeamComponent                        0x05477590   REAL       (35 insns before first ret)
AuthOnPlacementComplete                       LokiTeamState                            0x05476ED0   REAL       (63 insns before first ret)
AuthRecalculateTeamGems                       LokiTeamState                            0x05476EF0   REAL       (54 insns before first ret)
AuthRefundRespawn                             LokiTeamState                            0x05476F10   REAL       (45 insns before first ret)
AuthRemoveAugment                             LokiTeamState                            0x05476F30   REAL       (34 insns before first ret)
AuthResetCompletedAugments                    LokiTeamState                            0x05476FC0   REAL       (43 insns before first ret)
AuthResetRespawnIndex                         LokiTeamState                            0x05476FE0   REAL       (34 insns before first ret)
AuthSetAugment                                LokiTeamState                            0x05477070   REAL       (34 insns before first ret)
AuthSetAugmentClass                           LokiTeamState                            0x05477100   REAL       (41 insns before first ret)
AuthSetAugmentClassAndQuestGiver              LokiTeamState                            0x054771B0   REAL       (57 insns before first ret)
AuthSetHomeBaseState                          LokiTeamState                            0x054772A0   REAL       (39 insns before first ret)
AuthSetPlacement                              LokiTeamState                            0x05477340   REAL       (34 insns before first ret)
AuthSetSoloAugmentClass                       LokiTeamState                            0x054773D0   REAL       (73 insns before first ret)
AuthSetStashedTeamGems                        LokiTeamState                            0x052FD8F0   STRIPPED   -> call 0xF7EC20 = void_ret (c2 00 00 -- ret 0)
AuthSetTeamGems                               LokiTeamState                            0x05477500   REAL       (34 insns before first ret)
AuthStashTeamGems                             LokiTeamState                            0x052FD2D0   STRIPPED   -> call 0xF7EB60 = xor al,al; ret (LokiIsServer -- HARDCODED FALSE)
AuthUseRespawn                                LokiTeamState                            0x05477620   REAL       (14 insns before first ret)
AuthCanTargetEnemy                            LokiTower                                0x05489BB0   REAL       (38 insns before first ret)
AuthCharacterInRangeEndPlay                   LokiTower                                0x02C2CE30   STRIPPED   -> call 0xF7EC20 = void_ret (c2 00 00 -- ret 0)
AuthCharacterInRangeLivingStateChanged        LokiTower                                0x05489C50   REAL       (49 insns before first ret)
AuthDamageDealtBySomeoneInTowerRange          LokiTower                                0x05489D20   STRIPPED   -> call 0xF7EC20 = void_ret (c2 00 00 -- ret 0)
AuthEnteredTowerRange                         LokiTower                                0x02C2CE30   STRIPPED   -> call 0xF7EC20 = void_ret (c2 00 00 -- ret 0)
AuthExitedTowerRange                          LokiTower                                0x02C2CE30   STRIPPED   -> call 0xF7EC20 = void_ret (c2 00 00 -- ret 0)
AuthGetCharactersInRange                      LokiTower                                0x02BE23F0   REAL       (35 insns before first ret)
ServerScriptProcessInteraction                LokiUsableComponent                      0x05496C30   REAL       (80 insns before first ret)
CheatPurchaseCurrency                         StorefrontManager                        0x054E6A20   REAL       (74 insns before first ret)
GetCheatCurrencyOffers                        StorefrontManager                        0x054E7250   REAL       (64 insns before first ret)
AuthOnComplete                                TeamAugment                              0x054ED350   REAL       (9 insns before first ret)
ServerSendsChunkToClient                      TransferComponent                        0x054EDAF0   REAL       (69 insns before first ret)
ServerSetOverrideXPAmount                     LokiPlayerState_XP                       0x05510160   REAL       (35 insns before first ret)
Auth Set Phase to Level Cap                   Comp_GameState_GamePhase_C               0x013454A0   REAL       (69 insns before first ret)
AuthSetLastPhaseChangeTime                    Comp_GameState_GamePhase_C               0x013454A0   REAL       (69 insns before first ret)
AuthSetPhaseToLevelFloor                      Comp_GameState_GamePhase_C               0x013454A0   REAL       (69 insns before first ret)
AuthChangeShopStatus                          BP_BaseItem_Code_C                       0x013454A0   REAL       (69 insns before first ret)
Cheat_DoGlideDive                             GS_Glider_C                              0x013454A0   REAL       (69 insns before first ret)
Cheat_ToggleAlwaysGlideDive                   GS_Glider_C                              0x013454A0   REAL       (69 insns before first ret)
CheatArmoryUp                                 AC_HeroBot_C                             0x013454A0   REAL       (69 insns before first ret)
AuthOnImpact                                  BP_SandWorm_Projectile_C                 0x013454A0   REAL       (69 insns before first ret)
Cheat_ResetClientConfig                       BPFL_ClientProfile_C                     0x013454A0   REAL       (69 insns before first ret)
AuthOnImpact                                  BP_BountyHunter_BlasterUlt_proj_C        0x013454A0   REAL       (69 insns before first ret)
AuthOnImpact                                  BP_BountyHunter_Proj_LazerDeagle_C       0x013454A0   REAL       (69 insns before first ret)
AuthOnImpact                                  BP_HERO_Storm_LightningGunProjectile_C   0x013454A0   REAL       (69 insns before first ret)
AuthOnImpact                                  BP_Storm_Talent_LightningHands_ChainProj_C 0x013454A0   REAL       (69 insns before first ret)
AuthOnTookDamageEvent                         BP_HERO_Flex_C                           0x013454A0   REAL       (69 insns before first ret)
AuthOnImpact                                  BP_MithrilBullet_ProjectileV2_FullPen_C  0x013454A0   REAL       (69 insns before first ret)
AuthIsBlocking                                BP_MithrilBullet_ProjectileV2_C          0x013454A0   REAL       (69 insns before first ret)
AuthOnPlayerKilled                            BP_SniperVOComponent_C                   0x013454A0   REAL       (69 insns before first ret)
AuthIsBlocking                                BP_Firefox_FlameShield_TornadoProj_C     0x013454A0   REAL       (69 insns before first ret)
AuthIsBlocking                                BP_Hook_ProjectileV2_C                   0x013454A0   REAL       (69 insns before first ret)
ServerSetAbilityTargeting                     BP_LokiHeroCharacter_C                   0x013454A0   REAL       (69 insns before first ret)
AuthSetMeshVisibility                         BP_LokiHeroCharacter_C                   0x013454A0   REAL       (69 insns before first ret)
AuthOnTookDamageEvent                         BP_LokiHeroCharacter_C                   0x013454A0   REAL       (69 insns before first ret)
AuthOnAugmentSet                              BP_LokiHeroCharacter_C                   0x013454A0   REAL       (69 insns before first ret)
AuthIntializeAbilitySystemOnce                BP_LokiHeroCharacter_C                   0x013454A0   REAL       (69 insns before first ret)
OnGameModeCheatReceived                       BP_LokiGameMode_TheWall_C                0x013454A0   REAL       (69 insns before first ret)
CheatAdvanceRoundPhase                        BP_LokiGameMode_TheWall_C                0x013454A0   REAL       (69 insns before first ret)
ServerSelectNewHero                           BP_LokiPlayerController_Dev_C            0x013454A0   REAL       (69 insns before first ret)
ToggleVOPlayerCheatMenuVisibility             WBP_UI_CombatRoot_C                      0x013454A0   REAL       (69 insns before first ret)
ToggleCheatMenuVisisbility                    WBP_UI_CombatRoot_C                      0x013454A0   REAL       (69 insns before first ret)
GetVOPlayerCheatMenu                          WBP_UI_CombatRoot_C                      0x013454A0   REAL       (69 insns before first ret)
GetCheatMenu                                  WBP_UI_CombatRoot_C                      0x013454A0   REAL       (69 insns before first ret)
AuthSetByeTeam                                BP_TournamentGameState_C                 0x013454A0   REAL       (69 insns before first ret)
OnGameModeCheatReceived                       BP_LokiGameMode_Tournament_C             0x013454A0   REAL       (69 insns before first ret)
CheatAdvanceRoundPhase                        BP_LokiGameMode_Tournament_C             0x013454A0   REAL       (69 insns before first ret)
AuthSetupChoiceGenerateBindings               Comp_PlayerState_RoguelikeChoice_C       0x013454A0   REAL       (69 insns before first ret)
AuthBlockChoices                              Comp_PlayerState_RoguelikeChoice_C       0x013454A0   REAL       (69 insns before first ret)
AuthSelectChoice                              Comp_PlayerState_RoguelikeChoice_C       0x013454A0   REAL       (69 insns before first ret)
AuthAddChoices                                Comp_PlayerState_RoguelikeChoice_C       0x013454A0   REAL       (69 insns before first ret)
AuthGetChoiceSlots                            Comp_PlayerState_RoguelikeChoice_C       0x013454A0   REAL       (69 insns before first ret)
AuthGetChoiceItemClasses                      Comp_PlayerState_RoguelikeChoice_Rounds_C 0x013454A0   REAL       (69 insns before first ret)
AuthGetChoiceItemClasses                      Comp_PlayerState_RoguelikeChoice_C       0x013454A0   REAL       (69 insns before first ret)
ServerSelectChoice                            Comp_PlayerController_RoguelikeChoice_C  0x013454A0   REAL       (69 insns before first ret)
TickCheatAutoStrafe                           BP_LokiPlayerController_C                0x013454A0   REAL       (69 insns before first ret)
ServerPlaceSpray                              BP_LokiPlayerController_C                0x013454A0   REAL       (69 insns before first ret)
InpActEvt_ShowCheats_K2Node_InputActionEvent  BP_LokiPlayerController_C                0x013454A0   REAL       (69 insns before first ret)
AuthOnBeginAirshipDestruction                 BP_Airdoo_C                              0x013454A0   REAL       (69 insns before first ret)
BP_CheatNightToDay                            BP_DayNightController_Atmosphere_C       0x013454A0   REAL       (69 insns before first ret)
BP_CheatDayToNight                            BP_DayNightController_Atmosphere_C       0x013454A0   REAL       (69 insns before first ret)
ServerSetSpectatingPawn                       Comp_PlayerState_WipeoutRespawn_C        0x013454A0   REAL       (69 insns before first ret)
AuthTryRespawnPlayer                          Comp_PlayerState_WipeoutRespawn_C        0x013454A0   REAL       (69 insns before first ret)
AuthScheduleRespawn                           Comp_PlayerState_WipeoutRespawn_C        0x013454A0   REAL       (69 insns before first ret)
AuthRespawnPlayer                             Comp_PlayerState_WipeoutRespawn_C        0x013454A0   REAL       (69 insns before first ret)
AuthHasPendingRespawn                         Comp_PlayerState_WipeoutRespawn_C        0x013454A0   REAL       (69 insns before first ret)
AuthCancelRespawn                             Comp_PlayerState_WipeoutRespawn_C        0x013454A0   REAL       (69 insns before first ret)
AuthProgressComplete                          BP_LokiRespawnBeacon_Unlimited_C         0x013454A0   REAL       (69 insns before first ret)
Server on Contested                           BP_LokiRespawnBeacon_C                   0x013454A0   REAL       (69 insns before first ret)
AuthRemoveLockedoutTeam                       BP_LokiRespawnBeacon_C                   0x013454A0   REAL       (69 insns before first ret)
AuthReceiveCaptureStarted                     BP_LokiRespawnBeacon_C                   0x013454A0   REAL       (69 insns before first ret)
AuthProgressComplete                          BP_LokiRespawnBeacon_C                   0x013454A0   REAL       (69 insns before first ret)
CheatSetupBiomeSoul                           Comp_GameMode_Biomes_C                   0x013454A0   REAL       (69 insns before first ret)
Auth Spawn Quest Givers                       Comp_GameMode_Biomes_C                   0x013454A0   REAL       (69 insns before first ret)
AuthOnShrinkBegin                             BP_DeathGrenade_C                        0x013454A0   REAL       (69 insns before first ret)
AuthOnGrowthBegin                             BP_DeathGrenade_C                        0x013454A0   REAL       (69 insns before first ret)
AuthTrySpawnBonusLoot                         BP_VaultDoor_Destructible_C              0x013454A0   REAL       (69 insns before first ret)
AuthHandleQuicktimeOutcome                    Comp_Usable_QuicktimeEvent_C             0x013454A0   REAL       (69 insns before first ret)
AuthWeakpointDestroyed                        BP_VaultDoor_WeakpointObelisk_C          0x013454A0   REAL       (69 insns before first ret)
AuthTryGrantXP                                BP_VaultDoor_WeakpointObelisk_C          0x013454A0   REAL       (69 insns before first ret)
AuthOnOpen                                    BP_SearchableBox_Locked_Evil_C           0x013454A0   REAL       (69 insns before first ret)
AuthUpdateDropLocationViability               GIE_DropPod_Aim_Indicator_C              0x013454A0   REAL       (69 insns before first ret)
ServerTryMinimapTeleport                      Comp_PlayerController_MinimapTeleport_C  0x013454A0   REAL       (69 insns before first ret)
ServerMinimapTeleport                         Comp_PlayerController_MinimapTeleport_C  0x013454A0   REAL       (69 insns before first ret)
Auth Try Buy DMItem with Gold                 Comp_PlayerController_Shop_PowersAndPassives_C 0x013454A0   REAL       (69 insns before first ret)
AuthTryUpgradeItemWithGold                    Comp_PlayerController_Shop_Skylands_C    0x013454A0   REAL       (69 insns before first ret)
AuthTrySellItemForGold                        Comp_PlayerController_Shop_Skylands_C    0x013454A0   REAL       (69 insns before first ret)
Auth Try Buy Item with Tears                  Comp_PlayerController_Shop_Skylands_C    0x013454A0   REAL       (69 insns before first ret)
Auth Try Buy Item With Gold                   Comp_PlayerController_Shop_Skylands_C    0x013454A0   REAL       (69 insns before first ret)
Auth Try Buy Item With Gems                   Comp_PlayerController_Shop_Skylands_C    0x013454A0   REAL       (69 insns before first ret)
Auth Try Buy Imaginary Item With Gold         Comp_PlayerController_Shop_Skylands_C    0x013454A0   REAL       (69 insns before first ret)
Auth Try Buy Imaginary Item With Gems         Comp_PlayerController_Shop_Skylands_C    0x013454A0   REAL       (69 insns before first ret)
AuthCheckCurrencyRequestAmount                Comp_PlayerController_CurrencyRequest_C  0x013454A0   REAL       (69 insns before first ret)
AuthApplySupplyDrop                           BP_GameAugment_BombingRuns_C             0x013454A0   REAL       (69 insns before first ret)
AuthOnDetonate                                BP_BombingPlane_Nuke_C                   0x013454A0   REAL       (69 insns before first ret)
AuthUpdateOwnershipBP                         BP_CapturePoint_C                        0x013454A0   REAL       (69 insns before first ret)
AuthBoxSelfUpBP                               BP_CapturePoint_C                        0x013454A0   REAL       (69 insns before first ret)
AuthOnPhaseChange                             BP_Shop_SkylandsShopkeep_C               0x013454A0   REAL       (69 insns before first ret)
AuthChangeUpgrade                             BP_ITEM_AbilityUpgrade_UpgradeOrb_C      0x013454A0   REAL       (69 insns before first ret)
AuthPlaySeriousHitFX                          BP_Minion_SquadLeader_C                  0x013454A0   REAL       (69 insns before first ret)
AuthForceUpdateTooltip                        BP_ITEM_Equipment_Weapon_APHaste_C       0x013454A0   REAL       (69 insns before first ret)
AuthForceUpdateTooltip                        BP_ITEM_Equipment_Weapon_PowerUser_C     0x013454A0   REAL       (69 insns before first ret)
AuthDamage                                    Comp_LokiCharacterVO_C                   0x013454A0   REAL       (69 insns before first ret)
ServerSetHoveredMinimapLocation               BP_LokiPlayerState_C                     0x013454A0   REAL       (69 insns before first ret)
Auth Add Augment Reward                       BP_LokiPlayerState_C                     0x013454A0   REAL       (69 insns before first ret)
AuthShowMinimapIconMaybeLoop                  BP_MinimapIconComponent_C                0x013454A0   REAL       (69 insns before first ret)
AuthShowMinimapIcon                           BP_MinimapIconComponent_C                0x013454A0   REAL       (69 insns before first ret)
ServerRotateCameraToBeExecuted                Comp_PlayerController_Camera_C           0x013454A0   REAL       (69 insns before first ret)
ServerResetToStart                            Comp_PlayerController_ObstacleCourse_C   0x013454A0   REAL       (69 insns before first ret)
AuthTutorialPing                              BP_TeamAugment_Training_C                0x013454A0   REAL       (69 insns before first ret)
AuthResetPlayerToStart                        Comp_GameState_TrainingBase_C            0x013454A0   REAL       (69 insns before first ret)
ServerTrySwapToHeroID                         Comp_PlayerController_Shop_HeroSwap_C    0x013454A0   REAL       (69 insns before first ret)
ServerTrySwapToHero                           Comp_PlayerController_Shop_HeroSwap_C    0x013454A0   REAL       (69 insns before first ret)
ServerTryGrantMaxLevel                        Comp_PlayerController_Shop_HeroSwap_C    0x013454A0   REAL       (69 insns before first ret)
ServerTryGrantLevel                           Comp_PlayerController_Shop_HeroSwap_C    0x013454A0   REAL       (69 insns before first ret)
ServerOpeningComplete                         BP_SearchableBox_Locked_C                0x013454A0   REAL       (69 insns before first ret)
AuthIsBlocking                                BP_SoulstealerOrb_Projectile_C           0x013454A0   REAL       (69 insns before first ret)
AuthOnImpact                                  BP_FatBoulder_Projectile_C               0x013454A0   REAL       (69 insns before first ret)
AuthApplySupplyDrop                           BP_GameAugment_Airdrops_C                0x013454A0   REAL       (69 insns before first ret)
AuthTryDropPayload                            BP_PayloadPlane_Base_C                   0x013454A0   REAL       (69 insns before first ret)
ServerOpeningComplete                         BP_SearchableBox_SupplyDropObjective_GlobalDelivery_C 0x013454A0   REAL       (69 insns before first ret)
AuthOnOpen                                    BP_SearchableBox_SupplyDropObjective_GlobalDelivery_C 0x013454A0   REAL       (69 insns before first ret)
ServerOpeningComplete                         BP_SearchableBox_MediumValue_C           0x013454A0   REAL       (69 insns before first ret)
AuthOnOpen                                    BP_SearchableBox_MediumValue_C           0x013454A0   REAL       (69 insns before first ret)
ServerStartOpeningBox                         BP_SearchableBox_Common_C                0x013454A0   REAL       (69 insns before first ret)
ServerOpeningComplete                         BP_SearchableBox_Common_C                0x013454A0   REAL       (69 insns before first ret)
ServerCancelOpeningBox                        BP_SearchableBox_Common_C                0x013454A0   REAL       (69 insns before first ret)
AuthOnOpen                                    BP_SearchableBox_Common_C                0x013454A0   REAL       (69 insns before first ret)
AuthFinalDeath                                BP_DestructibleSequence_C                0x013454A0   REAL       (69 insns before first ret)
Server_TeamEliminatedChanged                  BP_DeathBox_C                            0x013454A0   REAL       (69 insns before first ret)
AuthAutoConsume                               Comp_PlayerController_AutomaticShardUsage_C 0x013454A0   REAL       (69 insns before first ret)
AuthUpgradedFromDupe                          BP_PhysicsItem_UpgradeableEquip_C        0x013454A0   REAL       (69 insns before first ret)
AuthRollForBonusLevelUpEffects                BP_PhysicsItem_UpgradeableEquip_C        0x013454A0   REAL       (69 insns before first ret)
AuthConsumedAsDupe                            BP_PhysicsItem_UpgradeableEquip_C        0x013454A0   REAL       (69 insns before first ret)
ServerUpgradeArmorWithGold                    Comp_PlayerController_Abilities_C        0x013454A0   REAL       (69 insns before first ret)
ServerRepairArmor                             Comp_PlayerController_Abilities_C        0x013454A0   REAL       (69 insns before first ret)
ServerCraftSpell                              Comp_PlayerController_Abilities_C        0x013454A0   REAL       (69 insns before first ret)
ServerBoxUpNearbyBonfires                     Comp_PlayerController_Abilities_C        0x013454A0   REAL       (69 insns before first ret)
ServerAddAbilityLevel                         Comp_PlayerController_Abilities_C        0x013454A0   REAL       (69 insns before first ret)
AuthUpgradeArmorWithGold                      Comp_PlayerController_Abilities_C        0x013454A0   REAL       (69 insns before first ret)
AuthRepairArmor                               Comp_PlayerController_Abilities_C        0x013454A0   REAL       (69 insns before first ret)
ServerConsumeStoredArmor                      BP_ITEM_DegradableArmor_Base_C           0x013454A0   REAL       (69 insns before first ret)
AuthReplenishArmor                            BP_ITEM_DegradableArmor_Base_C           0x013454A0   REAL       (69 insns before first ret)
AuthTransferMyArmorToAnother                  BP_ITEM_DegradableArmor_Base_C           0x013454A0   REAL       (69 insns before first ret)
AuthRepairArmor                               BP_ITEM_DegradableArmor_Base_C           0x013454A0   REAL       (69 insns before first ret)
AuthGrantGoldToPlayerState                    BP_ITEM_GoldPickup_C                     0x013454A0   REAL       (69 insns before first ret)
AuthPingDeathbox                              Comp_PlayerController_Pings_C            0x013454A0   REAL       (69 insns before first ret)
ExecuteUbergraph_WBP_UI_CheatKeyBindSettings  WBP_UI_CheatKeyBindSettings_C            0x013454A0   REAL       (69 insns before first ret)
AuthSpawnSpray                                Comp_GameState_LokiSprays_C              0x013454A0   REAL       (69 insns before first ret)
AuthPlaceSpray                                Comp_GameState_LokiSprays_C              0x013454A0   REAL       (69 insns before first ret)
Auth Spawn Spray at Transform                 Comp_GameState_LokiSprays_C              0x013454A0   REAL       (69 insns before first ret)
AuthOnBoxSearched                             BP_BaseSearchableBox_C                   0x013454A0   REAL       (69 insns before first ret)
AuthIsBlocking                                BP_KnockResetKills_CeremonyMissile_C     0x013454A0   REAL       (69 insns before first ret)
AuthIsBlocking                                BP_Hook_Projectile_Base_C                0x013454A0   REAL       (69 insns before first ret)
AuthOnImpact                                  BP_LokiPunchableProjectile_PineTree_C    0x013454A0   REAL       (69 insns before first ret)
OnInputToggleCheatMenuVisbility__DelegateSignature Comp_PlayerController_Cheats_C           0x013454A0   REAL       (69 insns before first ret)
ServerTrySpawnMonster                         Comp_PlayerController_Shop_SpawnMonster_C 0x013454A0   REAL       (69 insns before first ret)
ServerTrySpawnHeroBot                         Comp_PlayerController_Shop_SpawnMonster_C 0x013454A0   REAL       (69 insns before first ret)
CheatSetupBiomeSoul                           Comp_GameMode_Biomes_Code_C              0x013454A0   REAL       (69 insns before first ret)
AuthSendAutomaticMarkedObjectiveByRelevantWidget Comp_PlayerController_ObjectiveMarking_C 0x013454A0   REAL       (69 insns before first ret)
AuthSendAutomaticMarkedObjectiveByRelevantIcon Comp_PlayerController_ObjectiveMarking_C 0x013454A0   REAL       (69 insns before first ret)
AuthSendAutomaticMarkedObjectiveByMapIconComponent Comp_PlayerController_ObjectiveMarking_C 0x013454A0   REAL       (69 insns before first ret)
AuthRemoveAutomaticMarkedObjectiveByRelevantWidget Comp_PlayerController_ObjectiveMarking_C 0x013454A0   REAL       (69 insns before first ret)
AuthRemoveAutomaticMarkedObjectiveByRelevantIcon Comp_PlayerController_ObjectiveMarking_C 0x013454A0   REAL       (69 insns before first ret)
AuthRemoveAutomaticMarkedObjectiveByMapIconComponent Comp_PlayerController_ObjectiveMarking_C 0x013454A0   REAL       (69 insns before first ret)
CheatDebugHitSlows                            GP_SlowOnDamaged_C                       0x013454A0   REAL       (69 insns before first ret)
AuthCanActorBeInBrush                         BP_Base_Brush_C                          0x013454A0   REAL       (69 insns before first ret)
ServerRotateCameraToBeExecuted                Comp_PlayerController_Camera_Code_C      0x013454A0   REAL       (69 insns before first ret)
AuthUpdateWorldLocation                       BP_LokiRelevantIcon_Component_C          0x013454A0   REAL       (69 insns before first ret)
AuthUpdateMinimapIcon                         BP_LokiRelevantIcon_Component_C          0x013454A0   REAL       (69 insns before first ret)
AuthSetWorldLocation                          BP_LokiRelevantIcon_Component_C          0x013454A0   REAL       (69 insns before first ret)
AuthSetVisibleMinimapIcon                     BP_LokiRelevantIcon_Component_C          0x013454A0   REAL       (69 insns before first ret)
AuthSetTooltip                                BP_LokiRelevantIcon_Component_C          0x013454A0   REAL       (69 insns before first ret)
AuthSetTexture                                BP_LokiRelevantIcon_Component_C          0x013454A0   REAL       (69 insns before first ret)
AuthSetSize                                   BP_LokiRelevantIcon_Component_C          0x013454A0   REAL       (69 insns before first ret)
AuthSetIsMarkableObjective                    BP_LokiRelevantIcon_Component_C          0x013454A0   REAL       (69 insns before first ret)
AuthSetColor                                  BP_LokiRelevantIcon_Component_C          0x013454A0   REAL       (69 insns before first ret)
AuthRemoveMinimapIcon                         BP_LokiRelevantIcon_Component_C          0x013454A0   REAL       (69 insns before first ret)
AuthAddMinimapIcon                            BP_LokiRelevantIcon_Component_C          0x013454A0   REAL       (69 insns before first ret)
AuthUpdateWorldLocation                       BP_LokiRelevantWidget_Component_C        0x013454A0   REAL       (69 insns before first ret)
AuthSetWidgetClassParameter                   BP_LokiRelevantWidget_Component_C        0x013454A0   REAL       (69 insns before first ret)
AuthSetVectorParameter                        BP_LokiRelevantWidget_Component_C        0x013454A0   REAL       (69 insns before first ret)
AuthSetTextureParameter                       BP_LokiRelevantWidget_Component_C        0x013454A0   REAL       (69 insns before first ret)
AuthSetScalarParameter                        BP_LokiRelevantWidget_Component_C        0x013454A0   REAL       (69 insns before first ret)
AuthSetItemTooltip                            BP_LokiRelevantWidget_Component_C        0x013454A0   REAL       (69 insns before first ret)
AuthSetIntegerParameter                       BP_LokiRelevantWidget_Component_C        0x013454A0   REAL       (69 insns before first ret)
AuthSetBooleanParameter                       BP_LokiRelevantWidget_Component_C        0x013454A0   REAL       (69 insns before first ret)
AuthRemoveMapWidget                           BP_LokiRelevantWidget_Component_C        0x013454A0   REAL       (69 insns before first ret)
AuthAddWidget                                 BP_LokiRelevantWidget_Component_C        0x013454A0   REAL       (69 insns before first ret)
AuthTryBuyShopkeepItem                        Comp_PlayerController_ShopkeeperInteract_C 0x013454A0   REAL       (69 insns before first ret)
AuthOverrideSearchableBoxLoot                 BP_GameAugment_BaseClass_C               0x013454A0   REAL       (69 insns before first ret)
AuthModifyDeathCircle                         BP_GameAugment_BaseClass_C               0x013454A0   REAL       (69 insns before first ret)
AuthApplySupplyDrop                           BP_GameAugment_BaseClass_C               0x013454A0   REAL       (69 insns before first ret)
ServerShowPingToTeammates                     BP_ADSv2_ListenAim_C                     0x013454A0   REAL       (69 insns before first ret)
ServerShowNoEnemiesToTeammates                BP_ADSv2_ListenAim_C                     0x013454A0   REAL       (69 insns before first ret)
CheatRequestImportantVO                       BP_BarkManager_C                         0x013454A0   REAL       (69 insns before first ret)
CheatGetAllVOTags                             BP_BarkManager_C                         0x013454A0   REAL       (69 insns before first ret)
CheatForcePlayVO                              BP_BarkManager_C                         0x013454A0   REAL       (69 insns before first ret)
AuthOnPlayerKilled                            BP_BarkManager_C                         0x013454A0   REAL       (69 insns before first ret)

summary: STRIPPED=83 REAL=417 UNREADABLE=124 total=624

=== STRIPPED entries (add to FK-1 register) ===
  BarkComponent::CheatResetVOCooldowns  Func RVA=0x5254180  impl=0xF7EC20
  BarkManager::CheatRequestGameplayTag  Func RVA=0x52540A0  impl=0xF7EB60
  BarkManager::CheatResetVOCooldowns  Func RVA=0x5254180  impl=0xF7EC20
  LokiAbilitySystemComponent::AuthExecuteLocalGameplayCueOnClient  Func RVA=0x5294660  impl=0xF7EC20
  LokiAbilitySystemComponent::ServerSetAbilityToLevel  Func RVA=0x5296B80  impl=0xF7EC20
  LokiBaseItem::AuthBeginMovement  Func RVA=0x5254180  impl=0xF7EC20
  LokiBaseItem::AuthCheckForMovement  Func RVA=0x5254180  impl=0xF7EC20
  LokiBaseItem::AuthEndMovement  Func RVA=0x5254180  impl=0xF7EC20
  LokiBaseItem::AuthSetTrackLocationInInventory  Func RVA=0x5296F30  impl=0xF7EC20
  LokiBaseItem::AuthTrackLocationInInventory  Func RVA=0x5254180  impl=0xF7EC20
  LokiBaseItem::AuthUpdateCheckForMovementTimer  Func RVA=0x5254180  impl=0xF7EC20
  LokiBaseItem::AuthUpdateTrackLocationInInventoryTimer  Func RVA=0x5254180  impl=0xF7EC20
  LokiBlueprintLibrary::AuthGrantGoldToActor  Func RVA=0x52E0890  impl=0xF7EC20
  LokiBlueprintLibrary::AuthGrantGoldToActors  Func RVA=0x52E0990  impl=0xF7EC20
  LokiBlueprintLibrary::AuthGrantGoldToTeam  Func RVA=0x52E0AC0  impl=0xF7EC20
  LokiBlueprintLibrary::AuthPlaySimpleGameplayCue  Func RVA=0x52E0C00  impl=0xF7EC20
  LokiBlueprintLibrary::CheatsEnabled  Func RVA=0x51629C0  impl=0xF7EB60
  LokiCharacter::AuthAddAbilityPoints  Func RVA=0x52FD2D0  impl=0xF7EB60
  LokiCharacter::AuthAddPreSpawnedEffect  Func RVA=0x5254180  impl=0xF7EC20
  LokiCharacter::AuthCheatSetHealth  Func RVA=0x52FD620  impl=0xF7EC20
  LokiCharacter::AuthCheatSetMana  Func RVA=0x52FD620  impl=0xF7EC20
  LokiCharacter::AuthCombatActionEnded  Func RVA=0x5254180  impl=0xF7EC20
  LokiCharacter::AuthCombatActionInitiated  Func RVA=0x5254180  impl=0xF7EC20
  LokiCharacter::AuthDestroyWithoutDeath  Func RVA=0x5254180  impl=0xF7EC20
  LokiCharacter::AuthGrantLevel  Func RVA=0x52FD8F0  impl=0xF7EC20
  LokiCharacter::AuthInitializeExperience  Func RVA=0x52FD8F0  impl=0xF7EC20
  LokiCharacter::AuthRemoveAbilityPoint  Func RVA=0x52FD980  impl=0xF7EB60
  LokiCharacter::AuthRemoveLevel  Func RVA=0x52FD8F0  impl=0xF7EC20
  LokiCharacter::AuthRemovePreSpawnedEffect  Func RVA=0x5254180  impl=0xF7EC20
  LokiCharacter::CheatExperience  Func RVA=0x5254180  impl=0xF7EC20
  LokiCharacterMovementComponent::AuthBeginGlideDive  Func RVA=0x5254180  impl=0xF7EC20
  LokiCharacterMovementComponent::AuthBeginGlideDiveFromDropPod  Func RVA=0x530BFD0  impl=0xF7EC20
  LokiDestructible::AuthDealCosmeticDamage  Func RVA=0x5254180  impl=0xF7EC20
  LokiDropPlane::AuthStart  Func RVA=0x52FD620  impl=0xF7EC20
  LokiGameInstance::IsEasyAntiCheatEnabled  Func RVA=0x52FD980  impl=0xF7EB60
  LokiGameMode::CheatCantEndGame  Func RVA=0x52FD980  impl=0xF7EB60
  LokiGameMode::DevGameModeCheatsEnabled  Func RVA=0x51629C0  impl=0xF7EB60
  LokiGameMode::GameModeCheat  Func RVA=0x5349DC0  impl=0xF7EC20
  LokiGameState::AuthHandlePlayerPawnUpdated  Func RVA=0x2C2CE30  impl=0xF7EC20
  LokiHeroCharacter::AuthKnockedActorEnter  Func RVA=0x2C2CE30  impl=0xF7EC20
  LokiHeroCharacter::AuthKnockedActorExit  Func RVA=0x2C2CE30  impl=0xF7EC20
  LokiInventoryComponentBase::AuthDestroyInventoryActors  Func RVA=0x5254180  impl=0xF7EC20
  LokiMinionCharacter::AuthAnyVisibleEnemyHeroCharactersInRange  Func RVA=0x5403AB0  impl=0xF7EB60
  LokiMinionCharacter::AuthUpdateEnemyList  Func RVA=0x5254180  impl=0xF7EC20
  LokiMinionCharacter::AuthUpdateNearbyVisibleEnemies  Func RVA=0x5254180  impl=0xF7EC20
  LokiOpeningClosingProp::AuthPause  Func RVA=0x5254180  impl=0xF7EC20
  LokiOpeningClosingProp::AuthStartClosing  Func RVA=0x5254180  impl=0xF7EC20
  LokiOpeningClosingProp::AuthStartOpening  Func RVA=0x5254180  impl=0xF7EC20
  LokiOpeningClosingProp::AuthStartToggle  Func RVA=0x5254180  impl=0xF7EC20
  LokiPlayerCheats::AreHotkeyCheatsEnabled  Func RVA=0x52FD980  impl=0xF7EB60
  LokiPlayerCheats::CheatAddMissionProgress  Func RVA=0x5421D60  impl=0xF7EC20
  LokiPlayerCheats::CheatSetRankedPoints  Func RVA=0x52FD8F0  impl=0xF7EC20
  LokiPlayerCheats::CheatSetXP  Func RVA=0x52FD8F0  impl=0xF7EC20
  LokiPlayerCheats::CheatTeleportCursor  Func RVA=0x2C2CE30  impl=0xF7EC20
  LokiPlayerCheats::CheatTravelToMainMenu  Func RVA=0x5254180  impl=0xF7EC20
  LokiPlayerCheats::GetLocalLokiPlayerCheatsBP  Func RVA=0x5424F70  impl=0xF7EB50
  LokiPlayerController::AddLokiPlayerCheats  Func RVA=0x5254180  impl=0xF7EC20
  LokiPlayerController::FinishAddLokiPlayerCheats  Func RVA=0x5254180  impl=0xF7EC20
  LokiPlayerController::GetPlayerCheats  Func RVA=0x54071C0  impl=0xF7EB50
  LokiPlayerDropPlaneComponent::AuthSetCurrentRideable  Func RVA=0x2C2CE30  impl=0xF7EC20
  LokiPlayerState::AuthAddAbilityPoints  Func RVA=0x52FD2D0  impl=0xF7EB60
  LokiPlayerState::AuthGetTeamSurvivalTime  Func RVA=0x5349FB0  impl=0xFC6CF0
  LokiPlayerState::AuthSetSpawnTeamLeader  Func RVA=0x5254180  impl=0xF7EC20
  LokiPlayerState::IsDebugCameraCheatsOnly  Func RVA=0x52FD980  impl=0xF7EB60
  LokiPlayerState::ServerSetHeroClass  Func RVA=0x5438720  impl=0xF7EC20
  LokiProjectile::AuthAddDamageMultiplier  Func RVA=0x52FD620  impl=0xF7EC20
  LokiProjectile::AuthDetonate  Func RVA=0x5254180  impl=0xF7EC20
  LokiProjectile::AuthForceExplode  Func RVA=0x5254180  impl=0xF7EC20
  LokiProjectile::AuthFuseExpired  Func RVA=0x5254180  impl=0xF7EC20
  LokiProjectile::AuthReflectProjectile  Func RVA=0x5440570  impl=0xF7EC20
  LokiProjectile::AuthStartFuseTimer  Func RVA=0x52FD620  impl=0xF7EC20
  LokiRespawnBeacon::AuthClearLockedOutTeams  Func RVA=0x5254180  impl=0xF7EC20
  LokiRespawnBeacon::AuthSetRuinedState  Func RVA=0x5296F30  impl=0xF7EC20
  LokiRideableComponent::AuthAddPlayer  Func RVA=0x2C2CE30  impl=0xF7EC20
  LokiRideableComponent::AuthRemovePlayer  Func RVA=0x2C2CE30  impl=0xF7EC20
  LokiRideableComponent::AuthSetCanJump  Func RVA=0x5296F30  impl=0xF7EC20
  LokiServerAuthConfig::AuthSetGameFeatureToggle  Func RVA=0x5463470  impl=0xF7EC20
  LokiTeamState::AuthSetStashedTeamGems  Func RVA=0x52FD8F0  impl=0xF7EC20
  LokiTeamState::AuthStashTeamGems  Func RVA=0x52FD2D0  impl=0xF7EB60
  LokiTower::AuthCharacterInRangeEndPlay  Func RVA=0x2C2CE30  impl=0xF7EC20
  LokiTower::AuthDamageDealtBySomeoneInTowerRange  Func RVA=0x5489D20  impl=0xF7EC20
  LokiTower::AuthEnteredTowerRange  Func RVA=0x2C2CE30  impl=0xF7EC20
  LokiTower::AuthExitedTowerRange  Func RVA=0x2C2CE30  impl=0xF7EC20
