[stage] pre-flight: is ags serving an armed match?
[stage]   /core-game/players -> MatchID='match-9b9d2c887e2524f918e383a895f2f1c2' Version=1786146745
[stage] waiting for game process...
[stage] game process -> OK (0s)
[stage] game PID=38276 started=08/07/2026 18:52:28
[stage] parked match model (uiready + match fetched + uptime) -> OK (137s)
[stage] uptime=137s
[stage] >>> inject gft
[stage]     Manual-mapping G:\git\Supervive Revival Project\tools\sigbypass-mod\gft_ready_fix.dll into PID 38276
[stage]       remote image base: 0x1DEE3320000 (size 0x25000)
[stage]       relocations applied (delta 0x1DD63320000)
[stage]       import: KERNEL32.dll
[stage]       exception table: 0x17D entries at 0x1DEE3342000 (will RtlAddFunctionTable)
[stage]       DllMain remote-thread exit: 0x1 (DllMain returned BOOL; nonzero = OK)
[stage]       verify: MZ at 0x1DEE3320000 ?
[stage]     OK: manual-map complete (DllMain returned).
[stage]     spacing: 5s since last inject, waiting 15s more (min gap 20s)
[stage] >>> inject fo
[stage]     Manual-mapping G:\git\Supervive Revival Project\tools\sigbypass-mod\tutorial_launch_fo.dll into PID 38276
[stage]       remote image base: 0x1DEE3350000 (size 0x2C000)
[stage]       relocations applied (delta 0x1DD63350000)
[stage]       import: KERNEL32.dll
[stage]       exception table: 0x196 entries at 0x1DEE3379000 (will RtlAddFunctionTable)
[stage]       DllMain remote-thread exit: 0x1 (DllMain returned BOOL; nonzero = OK)
[stage]       verify: MZ at 0x1DEE3350000 ?
[stage]     OK: manual-map complete (DllMain returned).
[stage]     marker -> fk24-stage-s112c-trt-29-2-fo.txt
[stage] LVL_Tutorial load complete -> OK (9s)
[stage]     spacing: 19s since last inject, waiting 1s more (min gap 20s)
[stage] >>> inject sp
[stage]     Manual-mapping G:\git\Supervive Revival Project\tools\sigbypass-mod\tutorial_launch_sp.dll into PID 38276
[stage]       remote image base: 0x1DF0C670000 (size 0x36000)
[stage]       relocations applied (delta 0x1DD8C670000)
[stage]       import: KERNEL32.dll
[stage]       exception table: 0x1AA entries at 0x1DF0C6A3000 (will RtlAddFunctionTable)
[stage]       DllMain remote-thread exit: 0x1 (DllMain returned BOOL; nonzero = OK)
[stage]       verify: MZ at 0x1DF0C670000 ?
[stage]     OK: manual-map complete (DllMain returned).
[stage]     marker -> fk24-stage-s112c-trt-29-3-sp.txt
[stage] [SP] done step=4 (hero possessed) -> OK (12s)
[stage]     spacing: 17s since last inject, waiting 3s more (min gap 20s)
[stage] >>> inject probe-tutorial_launch_play_funcswap
[stage]     Manual-mapping G:\git\Supervive Revival 
Project\tools\sigbypass-mod\build\tutorial_launch_play_funcswap.dll into PID 38276
[stage]       remote image base: 0x1DEF7CE0000 (size 0x42000)
[stage]       relocations applied (delta 0x1DD77CE0000)
[stage]       import: KERNEL32.dll
[stage]       import: USER32.dll
[stage]       exception table: 0x1BA entries at 0x1DEF7D1F000 (will RtlAddFunctionTable)
[stage]       DllMain remote-thread exit: 0x1 (DllMain returned BOOL; nonzero = OK)
[stage]       verify: MZ at 0x1DEF7CE0000 ?
[stage]     OK: manual-map complete (DllMain returned).
[stage]     marker -> fk24-stage-s112c-trt-29-4-probe-tutorial_launch_play_funcswap.txt
[stage] probe injected; armed window begins
[stage] stage complete
