[stage] pre-flight: is ags serving an armed match?
[stage]   /core-game/players -> MatchID='match-9b9d2c887e2524f918e383a895f2f1c2' Version=1786256699
[stage] waiting for game process...
[stage] game process -> OK (0s)
[stage] game PID=31668 started=08/09/2026 01:25:02
[stage] parked match model (uiready + match fetched + uptime) -> OK (137s)
[stage] uptime=138s
[stage] >>> inject gft
[stage]     Manual-mapping G:\git\Supervive Revival Project\tools\sigbypass-mod\gft_ready_fix.dll into PID 31668
[stage]       remote image base: 0x1FFF7330000 (size 0x25000)
[stage]       relocations applied (delta 0x1FE77330000)
[stage]       import: KERNEL32.dll
[stage]       exception table: 0x17D entries at 0x1FFF7352000 (will RtlAddFunctionTable)
[stage]       DllMain remote-thread exit: 0x1 (DllMain returned BOOL; nonzero = OK)
[stage]       verify: MZ at 0x1FFF7330000 ?
[stage]     OK: manual-map complete (DllMain returned).
[stage] force-open DLL: tutorial_launch_fo.dll
[stage]     spacing: 5s since last inject, waiting 15s more (min gap 20s)
[stage] >>> inject fo
[stage]     Manual-mapping G:\git\Supervive Revival Project\tools\sigbypass-mod\tutorial_launch_fo.dll into PID 31668
[stage]       remote image base: 0x1FFF73E0000 (size 0x2C000)
[stage]       relocations applied (delta 0x1FE773E0000)
[stage]       import: KERNEL32.dll
[stage]       exception table: 0x196 entries at 0x1FFF7409000 (will RtlAddFunctionTable)
[stage]       DllMain remote-thread exit: 0x1 (DllMain returned BOOL; nonzero = OK)
[stage]       verify: MZ at 0x1FFF73E0000 ?
[stage]     OK: manual-map complete (DllMain returned).
[stage]     marker -> fk24-stage-s112ship-08-2-fo.txt
[stage] LVL_Tutorial load complete -> OK (9s)
[stage]     spacing: 19s since last inject, waiting 1s more (min gap 20s)
[stage] >>> inject sp
[stage]     Manual-mapping G:\git\Supervive Revival Project\tools\sigbypass-mod\tutorial_launch_sp.dll into PID 31668
[stage]       remote image base: 0x200969C0000 (size 0x36000)
[stage]       relocations applied (delta 0x1FF169C0000)
[stage]       import: KERNEL32.dll
[stage]       exception table: 0x1AA entries at 0x200969F3000 (will RtlAddFunctionTable)
[stage]       DllMain remote-thread exit: 0x1 (DllMain returned BOOL; nonzero = OK)
[stage]       verify: MZ at 0x200969C0000 ?
[stage]     OK: manual-map complete (DllMain returned).
[stage]     marker -> fk24-stage-s112ship-08-3-sp.txt
[stage] [SP] done step=4 (hero possessed) -> OK (12s)
[stage]     spacing: 17s since last inject, waiting 3s more (min gap 20s)
[stage] >>> inject probe-tutorial_launch_play
[stage]     Manual-mapping G:\git\Supervive Revival Project\tools\sigbypass-mod\tutorial_launch_play.dll into PID 31668
[stage]       remote image base: 0x20096CD0000 (size 0x42000)
[stage]       relocations applied (delta 0x1FF16CD0000)
[stage]       import: KERNEL32.dll
[stage]       import: USER32.dll
[stage]       exception table: 0x1BA entries at 0x20096D0F000 (will RtlAddFunctionTable)
[stage]       DllMain remote-thread exit: 0x1 (DllMain returned BOOL; nonzero = OK)
[stage]       verify: MZ at 0x20096CD0000 ?
[stage]     OK: manual-map complete (DllMain returned).
[stage]     marker -> fk24-stage-s112ship-08-4-probe-tutorial_launch_play.txt
[stage] probe injected; armed window begins
[stage] stage complete
